Archive member included to satisfy reference by file (symbol)

C:\Data\Microchip\VRX\VRX_Diversity\VRX_Diversity\ArduinoCore\Debug\libArduinoCore.a(main.o)
                              C:/Program Files (x86)/Atmel/Studio/7.0/Packs/atmel/ATmega_DFP/1.7.374/gcc/dev/atmega328p/avr5/crtatmega328p.o (main)
C:\Data\Microchip\VRX\VRX_Diversity\VRX_Diversity\ArduinoCore\Debug\libArduinoCore.a(new.o)
                              state.o (_Znwj)
C:\Data\Microchip\VRX\VRX_Diversity\VRX_Diversity\ArduinoCore\Debug\libArduinoCore.a(Print.o)
                              state_menu_ui.o (_ZN5Print5printEPKc)
C:\Data\Microchip\VRX\VRX_Diversity\VRX_Diversity\ArduinoCore\Debug\libArduinoCore.a(wiring.o)
                              buttons.o (millis)
C:\Data\Microchip\VRX\VRX_Diversity\VRX_Diversity\ArduinoCore\Debug\libArduinoCore.a(wiring_analog.o)
                              receiver.o (analogRead)
C:\Data\Microchip\VRX\VRX_Diversity\VRX_Diversity\ArduinoCore\Debug\libArduinoCore.a(wiring_digital.o)
                              Sketch.o (pinMode)
C:\Data\Microchip\VRX\VRX_Diversity\VRX_Diversity\ArduinoCore\Debug\libArduinoCore.a(WMath.o)
                              receiver.o (_Z3maplllll)
C:\Data\Microchip\VRX\VRX_Diversity\VRX_Diversity\ArduinoCore\Debug\libArduinoCore.a(Adafruit_GFX.o)
                              state_bandscan.o (_ZN12Adafruit_GFX8fillRectEiiiij)
C:\Data\Microchip\VRX\VRX_Diversity\VRX_Diversity\ArduinoCore\Debug\libArduinoCore.a(Adafruit_SSD1306.o)
                              ui.o (_ZN16Adafruit_SSD1306C1Ea)
C:\Data\Microchip\VRX\VRX_Diversity\VRX_Diversity\ArduinoCore\Debug\libArduinoCore.a(SPI.o)
                              C:\Data\Microchip\VRX\VRX_Diversity\VRX_Diversity\ArduinoCore\Debug\libArduinoCore.a(Adafruit_SSD1306.o) (_ZN8SPIClass5beginEv)
C:\Data\Microchip\VRX\VRX_Diversity\VRX_Diversity\ArduinoCore\Debug\libArduinoCore.a(Wire.o)
                              C:\Data\Microchip\VRX\VRX_Diversity\VRX_Diversity\ArduinoCore\Debug\libArduinoCore.a(Adafruit_SSD1306.o) (_ZN7TwoWire5beginEv)
C:\Data\Microchip\VRX\VRX_Diversity\VRX_Diversity\ArduinoCore\Debug\libArduinoCore.a(abi.o)
                              C:\Data\Microchip\VRX\VRX_Diversity\VRX_Diversity\ArduinoCore\Debug\libArduinoCore.a(Print.o) (__cxa_pure_virtual)
C:\Data\Microchip\VRX\VRX_Diversity\VRX_Diversity\ArduinoCore\Debug\libArduinoCore.a(hooks.o)
                              C:\Data\Microchip\VRX\VRX_Diversity\VRX_Diversity\ArduinoCore\Debug\libArduinoCore.a(wiring.o) (yield)
C:\Data\Microchip\VRX\VRX_Diversity\VRX_Diversity\ArduinoCore\Debug\libArduinoCore.a(twi.o)
                              C:\Data\Microchip\VRX\VRX_Diversity\VRX_Diversity\ArduinoCore\Debug\libArduinoCore.a(Wire.o) (twi_init)
c:/program files (x86)/atmel/studio/7.0/toolchain/avr8/avr8-gnu-toolchain/bin/../lib/gcc/avr/5.4.0/../../../../avr/lib/avr5\libm.a(addsf3.o)
                              C:\Data\Microchip\VRX\VRX_Diversity\VRX_Diversity\ArduinoCore\Debug\libArduinoCore.a(Print.o) (__subsf3)
c:/program files (x86)/atmel/studio/7.0/toolchain/avr8/avr8-gnu-toolchain/bin/../lib/gcc/avr/5.4.0/../../../../avr/lib/avr5\libm.a(addsf3x.o)
                              c:/program files (x86)/atmel/studio/7.0/toolchain/avr8/avr8-gnu-toolchain/bin/../lib/gcc/avr/5.4.0/../../../../avr/lib/avr5\libm.a(addsf3.o) (__addsf3x)
c:/program files (x86)/atmel/studio/7.0/toolchain/avr8/avr8-gnu-toolchain/bin/../lib/gcc/avr/5.4.0/../../../../avr/lib/avr5\libm.a(cmpsf2.o)
                              C:\Data\Microchip\VRX\VRX_Diversity\VRX_Diversity\ArduinoCore\Debug\libArduinoCore.a(Print.o) (__ltsf2)
c:/program files (x86)/atmel/studio/7.0/toolchain/avr8/avr8-gnu-toolchain/bin/../lib/gcc/avr/5.4.0/../../../../avr/lib/avr5\libm.a(divsf3.o)
                              C:\Data\Microchip\VRX\VRX_Diversity\VRX_Diversity\ArduinoCore\Debug\libArduinoCore.a(Print.o) (__divsf3)
c:/program files (x86)/atmel/studio/7.0/toolchain/avr8/avr8-gnu-toolchain/bin/../lib/gcc/avr/5.4.0/../../../../avr/lib/avr5\libm.a(divsf3x.o)
                              c:/program files (x86)/atmel/studio/7.0/toolchain/avr8/avr8-gnu-toolchain/bin/../lib/gcc/avr/5.4.0/../../../../avr/lib/avr5\libm.a(divsf3.o) (__divsf3x)
c:/program files (x86)/atmel/studio/7.0/toolchain/avr8/avr8-gnu-toolchain/bin/../lib/gcc/avr/5.4.0/../../../../avr/lib/avr5\libm.a(fixunssfsi.o)
                              C:\Data\Microchip\VRX\VRX_Diversity\VRX_Diversity\ArduinoCore\Debug\libArduinoCore.a(Print.o) (__fixunssfsi)
c:/program files (x86)/atmel/studio/7.0/toolchain/avr8/avr8-gnu-toolchain/bin/../lib/gcc/avr/5.4.0/../../../../avr/lib/avr5\libm.a(floatsisf.o)
                              C:\Data\Microchip\VRX\VRX_Diversity\VRX_Diversity\ArduinoCore\Debug\libArduinoCore.a(Print.o) (__floatunsisf)
c:/program files (x86)/atmel/studio/7.0/toolchain/avr8/avr8-gnu-toolchain/bin/../lib/gcc/avr/5.4.0/../../../../avr/lib/avr5\libm.a(fp_cmp.o)
[...]
Memory Configuration

Name             Origin             Length             Attributes
text             0x00000000         0x00008000         xr
data             0x00800100         0x00000800         rw !x
eeprom           0x00810000         0x00000400         rw !x
fuse             0x00820000         0x00000003         rw !x
lock             0x00830000         0x00000400         rw !x
signature        0x00840000         0x00000400         rw !x
user_signatures  0x00850000         0x00000400         rw !x
*default*        0x00000000         0xffffffff

Linker script and memory map

Address of section .data set to 0x800100
LOAD C:/Program Files (x86)/Atmel/Studio/7.0/Packs/atmel/ATmega_DFP/1.7.374/gcc/dev/atmega328p/avr5/crtatmega328p.o
LOAD buttons.o
LOAD channels.o
LOAD pstr_helper.o
LOAD receiver.o
LOAD receiver_spi.o
LOAD settings_eeprom.o
LOAD Sketch.o
LOAD state.o
LOAD state_bandscan.o
LOAD state_menu.o
LOAD state_menu_ui.o
LOAD state_screensaver.o
LOAD state_search.o
LOAD state_search_ui.o
LOAD state_settings.o
LOAD state_settings_rssi.o
LOAD timer.o
LOAD ui.o
LOAD ui_menu.o
LOAD ui_state_menu.o
START GROUP
LOAD c:/program files (x86)/atmel/studio/7.0/toolchain/avr8/avr8-gnu-toolchain/bin/../lib/gcc/avr/5.4.0/../../../../avr/lib/avr5\libm.a
LOAD C:\Data\Microchip\VRX\VRX_Diversity\VRX_Diversity\ArduinoCore\Debug\libArduinoCore.a
END GROUP
LOAD c:/program files (x86)/atmel/studio/7.0/toolchain/avr8/avr8-gnu-toolchain/bin/../lib/gcc/avr/5.4.0/avr5\libgcc.a
LOAD c:/program files (x86)/atmel/studio/7.0/toolchain/avr8/avr8-gnu-toolchain/bin/../lib/gcc/avr/5.4.0/../../../../avr/lib/avr5\libm.a
START GROUP
LOAD c:/program files (x86)/atmel/studio/7.0/toolchain/avr8/avr8-gnu-toolchain/bin/../lib/gcc/avr/5.4.0/avr5\libgcc.a
LOAD c:/program files (x86)/atmel/studio/7.0/toolchain/avr8/avr8-gnu-toolchain/bin/../lib/gcc/avr/5.4.0/../../../../avr/lib/avr5\libm.a
LOAD c:/program files (x86)/atmel/studio/7.0/toolchain/avr8/avr8-gnu-toolchain/bin/../lib/gcc/avr/5.4.0/../../../../avr/lib/avr5\libc.a
LOAD C:/Program Files (x86)/Atmel/Studio/7.0/Packs/atmel/ATmega_DFP/1.7.374/gcc/dev/atmega328p/avr5\libatmega328p.a
END GROUP
                0x00000000                __TEXT_REGION_ORIGIN__ = DEFINED (__TEXT_REGION_ORIGIN__)?__TEXT_REGION_ORIGIN__:0x0
                [0x00800100]                __DATA_REGION_ORIGIN__ = DEFINED (__DATA_REGION_ORIGIN__)?__DATA_REGION_ORIGIN__:0x800060
                [0x00008000]                __TEXT_REGION_LENGTH__ = DEFINED (__TEXT_REGION_LENGTH__)?__TEXT_REGION_LENGTH__:0x20000
                [0x00000800]                __DATA_REGION_LENGTH__ = DEFINED (__DATA_REGION_LENGTH__)?__DATA_REGION_LENGTH__:0xffa0
                [0x00000400]                __EEPROM_REGION_LENGTH__ = DEFINED (__EEPROM_REGION_LENGTH__)?__EEPROM_REGION_LENGTH__:0x10000
                [0x00000003]                __FUSE_REGION_LENGTH__ = DEFINED (__FUSE_REGION_LENGTH__)?__FUSE_REGION_LENGTH__:0x400
                0x00000400                __LOCK_REGION_LENGTH__ = DEFINED (__LOCK_REGION_LENGTH__)?__LOCK_REGION_LENGTH__:0x400
                0x00000400                __SIGNATURE_REGION_LENGTH__ = DEFINED (__SIGNATURE_REGION_LENGTH__)?__SIGNATURE_REGION_LENGTH__:0x400
                0x00000400                __USER_SIGNATURE_REGION_LENGTH__ = DEFINED (__USER_SIGNATURE_REGION_LENGTH__)?__USER_SIGNATURE_REGION_LENGTH__:0x400

.hash
 *(.hash)

.dynsym
 *(.dynsym)

.dynstr
 *(.dynstr)

.gnu.version
 *(.gnu.version)

.gnu.version_d
 *(.gnu.version_d)

.gnu.version_r
 *(.gnu.version_r)

.rel.init
 *(.rel.init)

.rela.init
 *(.rela.init)

.rel.text
 *(.rel.text)
 *(.rel.text.*)
 *(.rel.gnu.linkonce.t*)

.rela.text
 *(.rela.text)
 *(.rela.text.*)
 *(.rela.gnu.linkonce.t*)

.rel.fini
 *(.rel.fini)

.rela.fini
 *(.rela.fini)

.rel.rodata
 *(.rel.rodata)
 *(.rel.rodata.*)
 *(.rel.gnu.linkonce.r*)

.rela.rodata
 *(.rela.rodata)
 *(.rela.rodata.*)
 *(.rela.gnu.linkonce.r*)

.rel.data
 *(.rel.data)
 *(.rel.data.*)
 *(.rel.gnu.linkonce.d*)

.rela.data
 *(.rela.data)
 *(.rela.data.*)
 *(.rela.gnu.linkonce.d*)

.rel.ctors
 *(.rel.ctors)

.rela.ctors
 *(.rela.ctors)

.rel.dtors
 *(.rel.dtors)

.rela.dtors
 *(.rela.dtors)

.rel.got
 *(.rel.got)

.rela.got
 *(.rela.got)

.rel.bss
 *(.rel.bss)

.rela.bss
 *(.rela.bss)

.rel.plt
 *(.rel.plt)

.rela.plt
 *(.rela.plt)

.text           0x00000000     0x6336
 *(.vectors)
 .vectors       0x00000000       0x68 C:/Program Files (x86)/Atmel/Studio/7.0/Packs/atmel/ATmega_DFP/1.7.374/gcc/dev/atmega328p/avr5/crtatmega328p.o
                0x00000000                __vector_default
                0x00000000                __vectors
 *(.vectors)
 *(.progmem.gcc*)
                0x00000068                . = ALIGN (0x2)
                0x00000068                __trampolines_start = .
 *(.trampolines)
 .trampolines   0x00000068        0x0 linker stubs
 *(.trampolines*)
                0x00000068                __trampolines_end = .
 *libprintf_flt.a:*(.progmem.data)
 *libc.a:*(.progmem.data)
 *(.progmem*)
 .progmem.data._ZL26channelIndexToOrderedIndex
                0x00000068       0x28 channels.o
 .progmem.data._ZL23channelFreqOrderedIndex
                0x00000090       0x28 channels.o
 .progmem.data._ZL12channelNames
                0x000000b8       0x28 channels.o
 .progmem.data._ZL16channelFreqTable
                0x000000e0       0x50 channels.o
 .progmem.data._ZL12channelTable
                0x00000130       0x50 channels.o
 .progmem.data._ZL14EepromDefaults
                0x00000180        0xc settings_eeprom.o
 .progmem.data._ZZN12StateMachine16MenuStateHandler7onEnterEvE3__c_1
                0x0000018c        0x9 state_menu.o
 .progmem.data._ZZN12StateMachine16MenuStateHandler7onEnterEvE3__c_0
                0x00000195        0xa state_menu.o
 .progmem.data._ZZN12StateMachine16MenuStateHandler7onEnterEvE3__c
                0x0000019f        0x7 state_menu.o
 .progmem.data._ZL12settingsIcon
                0x000001a6       0x80 state_menu.o
 .progmem.data._ZL12bandScanIcon
                0x00000226       0x80 state_menu.o
 .progmem.data._ZL10searchIcon
                0x000002a6       0x80 state_menu.o
 .progmem.data._ZL4logo
                0x00000326      0x400 state_screensaver.o
 .progmem.data._ZL13freqOrderIcon
                0x00000726       0x20 state_search.o
 .progmem.data._ZL16channelOrderIcon
                0x00000746       0x20 state_search.o
 .progmem.data._ZL10manualIcon
                0x00000766       0x20 state_search.o
 .progmem.data._ZL8autoIcon
                0x00000786       0x20 state_search.o
 .progmem.data._ZZN12StateMachine20SettingsStateHandler13onInitialDrawEvE3__c
                0x000007a6       0x20 state_settings.o
 .progmem.data._ZZN12StateMachine24SettingsRssiStateHandler12onUpdateDrawEvE3__c_9
                0x000007c6       0x14 state_settings_rssi.o
 .progmem.data._ZZN12StateMachine24SettingsRssiStateHandler12onUpdateDrawEvE3__c_8
                0x000007da        0x6 state_settings_rssi.o
 .progmem.data._ZZN12StateMachine24SettingsRssiStateHandler12onUpdateDrawEvE3__c_7
                0x000007e0        0x6 state_settings_rssi.o
 .progmem.data._ZZN12StateMachine24SettingsRssiStateHandler12onUpdateDrawEvE3__c_6
                0x000007e6        0xa state_settings_rssi.o
 .progmem.data._ZZN12StateMachine24SettingsRssiStateHandler12onUpdateDrawEvE3__c_5
                0x000007f0       0x21 state_settings_rssi.o
 .progmem.data._ZZN12StateMachine24SettingsRssiStateHandler12onUpdateDrawEvE3__c_4
                0x00000811       0x17 state_settings_rssi.o
 .progmem.data._ZZN12StateMachine24SettingsRssiStateHandler12onUpdateDrawEvE3__c_3
                0x00000828       0x16 state_settings_rssi.o
 .progmem.data._ZZN12StateMachine24SettingsRssiStateHandler12onUpdateDrawEvE3__c_2
                0x0000083e       0x20 state_settings_rssi.o
 .progmem.data._ZZN12StateMachine24SettingsRssiStateHandler12onUpdateDrawEvE3__c_1
                0x0000085e       0x17 state_settings_rssi.o
 .progmem.data._ZZN12StateMachine24SettingsRssiStateHandler12onUpdateDrawEvE3__c_0
                0x00000875       0x14 state_settings_rssi.o
 .progmem.data._ZZN12StateMachine24SettingsRssiStateHandler12onUpdateDrawEvE3__c
                0x00000889       0x17 state_settings_rssi.o
 .progmem.data.digital_pin_to_timer_PGM
                0x000008a0       0x14 C:\Data\Microchip\VRX\VRX_Diversity\VRX_Diversity\ArduinoCore\Debug\libArduinoCore.a(wiring_digital.o)
                0x000008a0                digital_pin_to_timer_PGM
 .progmem.data.digital_pin_to_bit_mask_PGM
                0x000008b4       0x14 C:\Data\Microchip\VRX\VRX_Diversity\VRX_Diversity\ArduinoCore\Debug\libArduinoCore.a(wiring_digital.o)
                0x000008b4                digital_pin_to_bit_mask_PGM
 .progmem.data.digital_pin_to_port_PGM
                0x000008c8       0x14 C:\Data\Microchip\VRX\VRX_Diversity\VRX_Diversity\ArduinoCore\Debug\libArduinoCore.a(wiring_digital.o)
                0x000008c8                digital_pin_to_port_PGM
 .progmem.data.port_to_input_PGM
                0x000008dc        0xa C:\Data\Microchip\VRX\VRX_Diversity\VRX_Diversity\ArduinoCore\Debug\libArduinoCore.a(wiring_digital.o)
                0x000008dc                port_to_input_PGM
 .progmem.data.port_to_output_PGM
                0x000008e6        0xa C:\Data\Microchip\VRX\VRX_Diversity\VRX_Diversity\ArduinoCore\Debug\libArduinoCore.a(wiring_digital.o)
                0x000008e6                port_to_output_PGM
 .progmem.data.port_to_mode_PGM
                0x000008f0        0xa C:\Data\Microchip\VRX\VRX_Diversity\VRX_Diversity\ArduinoCore\Debug\libArduinoCore.a(wiring_digital.o)
                0x000008f0                port_to_mode_PGM
 .progmem.data._ZL4font
                0x000008fa      0x500 C:\Data\Microchip\VRX\VRX_Diversity\VRX_Diversity\ArduinoCore\Debug\libArduinoCore.a(Adafruit_GFX.o)
 .progmem.data._ZZN16Adafruit_SSD13067displayEvE6dlist1
                0x00000dfa        0x5 C:\Data\Microchip\VRX\VRX_Diversity\VRX_Diversity\ArduinoCore\Debug\libArduinoCore.a(Adafruit_SSD1306.o)
 .progmem.data._ZZN16Adafruit_SSD130621drawFastVLineInternalEiiijE8postmask
                0x00000dff        0x8 C:\Data\Microchip\VRX\VRX_Diversity\VRX_Diversity\ArduinoCore\Debug\libArduinoCore.a(Adafruit_SSD1306.o)
 .progmem.data._ZZN16Adafruit_SSD130621drawFastVLineInternalEiiijE7premask
                0x00000e07        0x8 C:\Data\Microchip\VRX\VRX_Diversity\VRX_Diversity\ArduinoCore\Debug\libArduinoCore.a(Adafruit_SSD1306.o)
 .progmem.data._ZZN16Adafruit_SSD13065beginEhhbbE5init5
                0x00000e0f        0x6 C:\Data\Microchip\VRX\VRX_Diversity\VRX_Diversity\ArduinoCore\Debug\libArduinoCore.a(Adafruit_SSD1306.o)
 .progmem.data._ZZN16Adafruit_SSD13065beginEhhbbE5init3
                0x00000e15        0x4 C:\Data\Microchip\VRX\VRX_Diversity\VRX_Diversity\ArduinoCore\Debug\libArduinoCore.a(Adafruit_SSD1306.o)
 .progmem.data._ZZN16Adafruit_SSD13065beginEhhbbE5init2
                0x00000e19        0x4 C:\Data\Microchip\VRX\VRX_Diversity\VRX_Diversity\ArduinoCore\Debug\libArduinoCore.a(Adafruit_SSD1306.o)
 .progmem.data._ZZN16Adafruit_SSD13065beginEhhbbE5init1
                0x00000e1d        0x4 C:\Data\Microchip\VRX\VRX_Diversity\VRX_Diversity\ArduinoCore\Debug\libArduinoCore.a(Adafruit_SSD1306.o)
 .progmem.data._ZL12splash2_data
                0x00000e21      0x1e0 C:\Data\Microchip\VRX\VRX_Diversity\VRX_Diversity\ArduinoCore\Debug\libArduinoCore.a(Adafruit_SSD1306.o)
 .progmem.data._ZL12splash1_data
                0x00001001      0x2c0 C:\Data\Microchip\VRX\VRX_Diversity\VRX_Diversity\ArduinoCore\Debug\libArduinoCore.a(Adafruit_SSD1306.o)
                0x000012c2                . = ALIGN (0x2)
 *fill*         0x000012c1        0x1 
 *(.jumptables)
 *(.jumptables*)
 *(.lowtext)
 *(.lowtext*)
                0x000012c2                __ctors_start = .
 *(.ctors)
 .ctors         0x000012c2        0x2 receiver.o
 .ctors         0x000012c4        0x2 settings_eeprom.o
 .ctors         0x000012c6        0x2 state.o
 .ctors         0x000012c8        0x2 ui.o
 .ctors         0x000012ca        0x2 C:\Data\Microchip\VRX\VRX_Diversity\VRX_Diversity\ArduinoCore\Debug\libArduinoCore.a(Wire.o)
                0x000012cc                __ctors_end = .
                0x000012cc                __dtors_start = .
 *(.dtors)
 .dtors         0x000012cc        0x2 ui.o
                0x000012ce                __dtors_end = .
 SORT(*)(.ctors)
 SORT(*)(.dtors)
 *(.init0)
 .init0         0x000012ce        0x0 C:/Program Files (x86)/Atmel/Studio/7.0/Packs/atmel/ATmega_DFP/1.7.374/gcc/dev/atmega328p/avr5/crtatmega328p.o
                0x000012ce                __init
 *(.init0)
 *(.init1)
 *(.init1)
 *(.init2)
 .init2         0x000012ce        0xc C:/Program Files (x86)/Atmel/Studio/7.0/Packs/atmel/ATmega_DFP/1.7.374/gcc/dev/atmega328p/avr5/crtatmega328p.o
 *(.init2)
 *(.init3)
 *(.init3)
 *(.init4)
 .init4         0x000012da       0x16 c:/program files (x86)/atmel/studio/7.0/toolchain/avr8/avr8-gnu-toolchain/bin/../lib/gcc/avr/5.4.0/avr5\libgcc.a(_copy_data.o)
                0x000012da                __do_copy_data
 .init4         0x000012f0       0x10 c:/program files (x86)/atmel/studio/7.0/toolchain/avr8/avr8-gnu-toolchain/bin/../lib/gcc/avr/5.4.0/avr5\libgcc.a(_clear_bss.o)
                0x000012f0                __do_clear_bss
 *(.init4)
 *(.init5)
 *(.init5)
 *(.init6)
 .init6         0x00001300       0x16 c:/program files (x86)/atmel/studio/7.0/toolchain/avr8/avr8-gnu-toolchain/bin/../lib/gcc/avr/5.4.0/avr5\libgcc.a(_ctors.o)
                0x00001300                __do_global_ctors
 *(.init6)
 *(.init7)
 *(.init7)
 *(.init8)
 *(.init8)
 *(.init9)
 .init9         0x00001316        0x8 C:/Program Files (x86)/Atmel/Studio/7.0/Packs/atmel/ATmega_DFP/1.7.374/gcc/dev/atmega328p/avr5/crtatmega328p.o
 *(.init9)
 *(.text)
 .text          0x0000131e        0x4 C:/Program Files (x86)/Atmel/Studio/7.0/Packs/atmel/ATmega_DFP/1.7.374/gcc/dev/atmega328p/avr5/crtatmega328p.o
                0x0000131e                __vector_22
                0x0000131e                __vector_1
                0x0000131e                __vector_12
                0x0000131e                __bad_interrupt
                0x0000131e                __vector_6
                0x0000131e                __vector_3
                0x0000131e                __vector_23
                0x0000131e                __vector_25
                0x0000131e                __vector_11
                0x0000131e                __vector_13
                0x0000131e                __vector_17
                0x0000131e                __vector_19
                0x0000131e                __vector_7
                0x0000131e                __vector_5
                0x0000131e                __vector_4
                0x0000131e                __vector_9
                0x0000131e                __vector_2
                0x0000131e                __vector_21
                0x0000131e                __vector_15
                0x0000131e                __vector_8
                0x0000131e                __vector_14
                0x0000131e                __vector_10
                0x0000131e                __vector_18
                0x0000131e                __vector_20
                0x00001322                . = ALIGN (0x2)
 *(.text.*)
 .text._ZN7ButtonsL14runChangeFuncsE6ButtonNS_9PressTypeE
                0x00001322       0x30 buttons.o
 .text._ZN7ButtonsL12updateButtonE6ButtonRNS_11ButtonStateEh
                0x00001352      0x10a buttons.o
 .text._ZN7Buttons6updateEv
                0x0000145c       0x30 buttons.o
                0x0000145c                _ZN7Buttons6updateEv
 .text._ZN7Buttons18registerChangeFuncEPFv6ButtonNS_9PressTypeEE
                0x0000148c       0x2c buttons.o
                0x0000148c                _ZN7Buttons18registerChangeFuncEPFv6ButtonNS_9PressTypeEE
 .text._ZN8Channels17getSynthRegisterBEh
                0x000014b8       0x12 channels.o
                0x000014b8                _ZN8Channels17getSynthRegisterBEh
 .text._ZN8Channels12getFrequencyEh
                0x000014ca       0x12 channels.o
                0x000014ca                _ZN8Channels12getFrequencyEh
 .text._ZN8Channels7getNameEh
                0x000014dc       0x2e channels.o
                0x000014dc                _ZN8Channels7getNameEh
 .text._ZN8Channels15getOrderedIndexEh
                0x0000150a        0xc channels.o
                0x0000150a                _ZN8Channels15getOrderedIndexEh
 .text._ZN8Channels24getOrderedIndexFromIndexEh
                0x00001516        0xc channels.o
                0x00001516                _ZN8Channels24getOrderedIndexFromIndexEh
 .text._Z14PSTRtoBuffer_PPKc
                0x00001522       0x32 pstr_helper.o
                0x00001522                _Z14PSTRtoBuffer_PPKc
 .text._ZN8Receiver10setChannelEh
                0x00001554       0x1c receiver.o
                0x00001554                _ZN8Receiver10setChannelEh
 .text._ZN8Receiver17setActiveReceiverENS_10ReceiverIdE
                0x00001570       0x14 receiver.o
                0x00001570                _ZN8Receiver17setActiveReceiverENS_10ReceiverIdE
 .text._ZN8Receiver12isRssiStableEv
                0x00001584        0x8 receiver.o
                0x00001584                _ZN8Receiver12isRssiStableEv
 .text._ZN8Receiver10updateRssiEv
                0x0000158c      0x12a receiver.o
                0x0000158c                _ZN8Receiver10updateRssiEv
 .text._ZN8Receiver5setupEv
                0x000016b6        0x2 receiver.o
                0x000016b6                _ZN8Receiver5setupEv
 .text._ZN8Receiver6updateEv
                0x000016b8       0x10 receiver.o
                0x000016b8                _ZN8Receiver6updateEv
 .text.startup._GLOBAL__sub_I__ZN8Receiver14activeReceiverE
                0x000016c8       0x18 receiver.o
 .text._ZL7sendBith
                0x000016e0       0x46 receiver_spi.o
 .text._ZL12sendRegisterhm
                0x00001726       0x92 receiver_spi.o
 .text._ZN11ReceiverSpi17setSynthRegisterBEj
                0x000017b8        0xc receiver_spi.o
                0x000017b8                _ZN11ReceiverSpi17setSynthRegisterBEj
 .text._ZN14EepromSettings4saveEv
                0x000017c4       0x3c settings_eeprom.o
                0x000017c4                _ZN14EepromSettings4saveEv
 .text._ZN14EepromSettings6updateEv
                0x00001800       0x36 settings_eeprom.o
                0x00001800                _ZN14EepromSettings6updateEv
 .text._ZN14EepromSettings9markDirtyEv
                0x00001836        0x8 settings_eeprom.o
                0x00001836                _ZN14EepromSettings9markDirtyEv
 .text._ZN14EepromSettings12initDefaultsEv
                0x0000183e       0x1c settings_eeprom.o
                0x0000183e                _ZN14EepromSettings12initDefaultsEv
 .text._ZN14EepromSettings4loadEv
                0x0000185a       0x5a settings_eeprom.o
                0x0000185a                _ZN14EepromSettings4loadEv
 .text.startup._GLOBAL__sub_I_EepromSettings
                0x000018b4        0xc settings_eeprom.o
 .text._ZL23globalMenuButtonHandler6ButtonN7Buttons9PressTypeE
                0x000018c0       0x18 Sketch.o
 .text._Z9setupPinsv
                0x000018d8       0x70 Sketch.o
                0x000018d8                _Z9setupPinsv
 .text._Z13setupSettingsv
                0x00001948       0x10 Sketch.o
                0x00001948                _Z13setupSettingsv
 .text.setup    0x00001958       0x48 Sketch.o
                0x00001958                setup
 .text.loop     0x000019a0       0x60 Sketch.o
                0x000019a0                loop
 .text._ZN12StateMachine12StateHandler8onUpdateEv
                0x00001a00        0x2 state.o
                0x00001a00                _ZN12StateMachine12StateHandler8onUpdateEv
 .text._ZN12StateMachine12StateHandler6onExitEv
                0x00001a02        0x2 state.o
                0x00001a02                _ZN12StateMachine12StateHandler6onExitEv
 .text._ZN12StateMachine12StateHandler14onButtonChangeE6ButtonN7Buttons9PressTypeE
                0x00001a04        0x2 state.o
                0x00001a04                _ZN12StateMachine12StateHandler14onButtonChangeE6ButtonN7Buttons9PressTypeE
 .text._ZN12StateMachineL14onButtonChangeE6ButtonN7Buttons9PressTypeE
                0x00001a06       0x22 state.o
 .text._ZN12StateMachine5setupEv
                0x00001a28        0x8 state.o
                0x00001a28                _ZN12StateMachine5setupEv
 .text._ZN12StateMachine6updateEv
                0x00001a30       0x9e state.o
                0x00001a30                _ZN12StateMachine6updateEv
 .text._ZN12StateMachine11switchStateENS_5StateE
                0x00001ace      0x1a4 state.o
                0x00001ace                _ZN12StateMachine11switchStateENS_5StateE
 .text.startup._GLOBAL__sub_I__ZN12StateMachine12currentStateE
                0x00001c72        0xa state.o
 .text._ZN12StateMachine20BandScanStateHandler7onEnterEv
                0x00001c7c        0xc state_bandscan.o
                0x00001c7c                _ZN12StateMachine20BandScanStateHandler7onEnterEv
 .text._ZN12StateMachine20BandScanStateHandler6onExitEv
                0x00001c88        0x8 state_bandscan.o
                0x00001c88                _ZN12StateMachine20BandScanStateHandler6onExitEv
 .text._ZN12StateMachine20BandScanStateHandler8onUpdateEv
                0x00001c90       0x40 state_bandscan.o
                0x00001c90                _ZN12StateMachine20BandScanStateHandler8onUpdateEv
 .text._ZN12StateMachine20BandScanStateHandler13onInitialDrawEv
                0x00001cd0       0xf2 state_bandscan.o
                0x00001cd0                _ZN12StateMachine20BandScanStateHandler13onInitialDrawEv
 .text._ZN12StateMachine20BandScanStateHandler12onUpdateDrawEv
                0x00001dc2       0x96 state_bandscan.o
                0x00001dc2                _ZN12StateMachine20BandScanStateHandler12onUpdateDrawEv
 .text._ZN12StateMachine16MenuStateHandler7onEnterEv
                0x00001e58       0x48 state_menu.o
                0x00001e58                _ZN12StateMachine16MenuStateHandler7onEnterEv
 .text._ZL19settingsMenuHandlerv
                0x00001ea0        0x6 state_menu.o
 .text._ZL22bandScannerMenuHandlerv
                0x00001ea6        0x6 state_menu.o
 .text._ZL17searchMenuHandlerv
                0x00001eac        0x6 state_menu.o
 .text._ZN12StateMachine16MenuStateHandler14onButtonChangeE6ButtonN7Buttons9PressTypeE
                0x00001eb2       0x2a state_menu.o
                0x00001eb2                _ZN12StateMachine16MenuStateHandler14onButtonChangeE6ButtonN7Buttons9PressTypeE
 .text._ZN12StateMachine16MenuStateHandler13drawMenuEntryEv
                0x00001edc       0xd0 state_menu_ui.o
                0x00001edc                _ZN12StateMachine16MenuStateHandler13drawMenuEntryEv
 .text._ZN12StateMachine16MenuStateHandler13onInitialDrawEv
                0x00001fac       0x80 state_menu_ui.o
                0x00001fac                _ZN12StateMachine16MenuStateHandler13onInitialDrawEv
 .text._ZN12StateMachine16MenuStateHandler12onUpdateDrawEv
                0x0000202c       0x28 state_menu_ui.o
                0x0000202c                _ZN12StateMachine16MenuStateHandler12onUpdateDrawEv
 .text._ZN12StateMachine23ScreensaverStateHandler7onEnterEv
                0x00002054        0x8 state_screensaver.o
                0x00002054                _ZN12StateMachine23ScreensaverStateHandler7onEnterEv
 .text._ZN12StateMachine23ScreensaverStateHandler12onUpdateDrawEv
                0x0000205c        0xe state_screensaver.o
                0x0000205c                _ZN12StateMachine23ScreensaverStateHandler12onUpdateDrawEv
 .text._ZN12StateMachine23ScreensaverStateHandler8onUpdateEv
                0x0000206a       0x3e state_screensaver.o
                0x0000206a                _ZN12StateMachine23ScreensaverStateHandler8onUpdateEv
 .text._ZN12StateMachine23ScreensaverStateHandler14onButtonChangeE6ButtonN7Buttons9PressTypeE
                0x000020a8        0x8 state_screensaver.o
                0x000020a8                _ZN12StateMachine23ScreensaverStateHandler14onButtonChangeE6ButtonN7Buttons9PressTypeE
 .text._ZN12StateMachine23ScreensaverStateHandler13onInitialDrawEv
                0x000020b0       0xd6 state_screensaver.o
                0x000020b0                _ZN12StateMachine23ScreensaverStateHandler13onInitialDrawEv
 .text._ZL12menuModeIconPv
                0x00002186       0x14 state_search.o
 .text._ZL13menuOrderIconPv
                0x0000219a       0x1c state_search.o
 .text._ZL16menuOrderHandlerPv
                0x000021b6       0x3c state_search.o
 .text._ZL15menuModeHandlerPv
                0x000021f2       0x16 state_search.o
 .text._ZN12StateMachine18SearchStateHandler7onEnterEv
                0x00002208       0x66 state_search.o
                0x00002208                _ZN12StateMachine18SearchStateHandler7onEnterEv
 .text._ZN12StateMachine18SearchStateHandler12onUpdateAutoEv
                0x0000226e       0xd0 state_search.o
                0x0000226e                _ZN12StateMachine18SearchStateHandler12onUpdateAutoEv
 .text._ZN12StateMachine18SearchStateHandler8onUpdateEv
                0x0000233e       0x10 state_search.o
                0x0000233e                _ZN12StateMachine18SearchStateHandler8onUpdateEv
 .text._ZN12StateMachine18SearchStateHandler10setChannelEv
                0x0000234e       0x2a state_search.o
                0x0000234e                _ZN12StateMachine18SearchStateHandler10setChannelEv
 .text._ZN12StateMachine18SearchStateHandler14onButtonChangeE6ButtonN7Buttons9PressTypeE
                0x00002378       0x7a state_search.o
                0x00002378                _ZN12StateMachine18SearchStateHandler14onButtonChangeE6ButtonN7Buttons9PressTypeE
 .text._ZN12StateMachine18SearchStateHandler11drawBordersEv
                0x000023f2       0x50 state_search_ui.o
                0x000023f2                _ZN12StateMachine18SearchStateHandler11drawBordersEv
 .text._ZN12StateMachine18SearchStateHandler15drawChannelTextEv
                0x00002442       0x34 state_search_ui.o
                0x00002442                _ZN12StateMachine18SearchStateHandler15drawChannelTextEv
 .text._ZN12StateMachine18SearchStateHandler17drawFrequencyTextEv
                0x00002476       0x40 state_search_ui.o
                0x00002476                _ZN12StateMachine18SearchStateHandler17drawFrequencyTextEv
 .text._ZN12StateMachine18SearchStateHandler13drawRssiGraphEv
                0x000024b6       0x26 state_search_ui.o
                0x000024b6                _ZN12StateMachine18SearchStateHandler13drawRssiGraphEv
 .text._ZN12StateMachine18SearchStateHandler11drawScanBarEv
                0x000024dc       0x44 state_search_ui.o
                0x000024dc                _ZN12StateMachine18SearchStateHandler11drawScanBarEv
 .text._ZN12StateMachine18SearchStateHandler13onInitialDrawEv
                0x00002520       0x30 state_search_ui.o
                0x00002520                _ZN12StateMachine18SearchStateHandler13onInitialDrawEv
 .text._ZN12StateMachine18SearchStateHandler12onUpdateDrawEv
                0x00002550       0x6a state_search_ui.o
                0x00002550                _ZN12StateMachine18SearchStateHandler12onUpdateDrawEv
 .text._ZN12StateMachine20SettingsStateHandler12onUpdateDrawEv
                0x000025ba        0x2 state_settings.o
                0x000025ba                _ZN12StateMachine20SettingsStateHandler8onUpdateEv
                0x000025ba                _ZN12StateMachine20SettingsStateHandler7onEnterEv
                0x000025ba                _ZN12StateMachine20SettingsStateHandler6onExitEv
                0x000025ba                _ZN12StateMachine20SettingsStateHandler12onUpdateDrawEv
 .text._ZN12StateMachine20SettingsStateHandler14onButtonChangeE6ButtonN7Buttons9PressTypeE
                0x000025bc        0xc state_settings.o
                0x000025bc                _ZN12StateMachine20SettingsStateHandler14onButtonChangeE6ButtonN7Buttons9PressTypeE
 .text._ZN12StateMachine20SettingsStateHandler13onInitialDrawEv
                0x000025c8       0x30 state_settings.o
                0x000025c8                _ZN12StateMachine20SettingsStateHandler13onInitialDrawEv
 .text._ZN12StateMachine24SettingsRssiStateHandler7onEnterEv
                0x000025f8        0x6 state_settings_rssi.o
                0x000025f8                _ZN12StateMachine24SettingsRssiStateHandler7onEnterEv
 .text._ZN12StateMachine24SettingsRssiStateHandler13onInitialDrawEv
                0x000025fe        0x4 state_settings_rssi.o
                0x000025fe                _ZN12StateMachine24SettingsRssiStateHandler13onInitialDrawEv
 .text._ZN12StateMachine24SettingsRssiStateHandler12onUpdateDrawEv
                0x00002602      0x218 state_settings_rssi.o
                0x00002602                _ZN12StateMachine24SettingsRssiStateHandler12onUpdateDrawEv
 .text._ZN12StateMachine24SettingsRssiStateHandler14onButtonChangeE6ButtonN7Buttons9PressTypeE
                0x0000281a       0x5c state_settings_rssi.o
                0x0000281a                _ZN12StateMachine24SettingsRssiStateHandler14onButtonChangeE6ButtonN7Buttons9PressTypeE
 .text._ZN12StateMachine24SettingsRssiStateHandler8onUpdateEv
                0x00002876       0xa0 state_settings_rssi.o
                0x00002876                _ZN12StateMachine24SettingsRssiStateHandler8onUpdateEv
 .text._ZN5TimerC2Ej
                0x00002916       0x2e timer.o
                0x00002916                _ZN5TimerC1Ej
                0x00002916                _ZN5TimerC2Ej
 .text._ZN5Timer9hasTickedEv
                0x00002944       0x3e timer.o
                0x00002944                _ZN5Timer9hasTickedEv
 .text._ZN5Timer5resetEv
                0x00002982       0x2a timer.o
                0x00002982                _ZN5Timer5resetEv
 .text._ZN2Ui5setupEv
                0x000029ac       0x4a ui.o
                0x000029ac                _ZN2Ui5setupEv
 .text._ZN2Ui6updateEv
                0x000029f6       0x16 ui.o
                0x000029f6                _ZN2Ui6updateEv
 .text._ZN2Ui5clearEv
                0x00002a0c        0x8 ui.o
                0x00002a0c                _ZN2Ui5clearEv
 .text._ZN2Ui10needUpdateEv
                0x00002a14        0x8 ui.o
                0x00002a14                _ZN2Ui10needUpdateEv
 .text._ZN2Ui11needDisplayEv
                0x00002a1c        0x8 ui.o
                0x00002a1c                _ZN2Ui11needDisplayEv
 .text._ZN2Ui14needFullRedrawEv
                0x00002a24        0x8 ui.o
                0x00002a24                _ZN2Ui14needFullRedrawEv
 .text.startup._GLOBAL__sub_I__ZN2Ui7displayE
                0x00002a2c        0xa ui.o
 .text.exit._GLOBAL__sub_D__ZN2Ui7displayE
                0x00002a36        0x8 ui.o
 .text._ZN2Ui15drawDashedVLineEiiii
                0x00002a3e       0x78 ui.o
                0x00002a3e                _ZN2Ui15drawDashedVLineEiiii
 .text._ZN2Ui9clearRectEiiii
                0x00002ab6       0x26 ui.o
                0x00002ab6                _ZN2Ui9clearRectEiiii
 .text._ZN2Ui9drawGraphEPKhhhhhhh
                0x00002adc      0x14c ui.o
                0x00002adc                _ZN2Ui9drawGraphEPKhhhhhhh
 .text._ZN2Ui10MenuHelper5resetEv
                0x00002c28        0xc ui_menu.o
                0x00002c28                _ZN2Ui10MenuHelper5resetEv
 .text._ZN2Ui10MenuHelper7addItemEPKcPKhPFvvE
                0x00002c34       0x30 ui_menu.o
                0x00002c34                _ZN2Ui10MenuHelper7addItemEPKcPKhPFvvE
 .text._ZN2Ui10MenuHelper14selectNextItemEv
                0x00002c64       0x1c ui_menu.o
                0x00002c64                _ZN2Ui10MenuHelper14selectNextItemEv
 .text._ZN2Ui10MenuHelper18selectPreviousItemEv
                0x00002c80       0x1c ui_menu.o
                0x00002c80                _ZN2Ui10MenuHelper18selectPreviousItemEv
 .text._ZN2Ui10MenuHelper12activateItemEv
                0x00002c9c       0x1e ui_menu.o
                0x00002c9c                _ZN2Ui10MenuHelper12activateItemEv
 .text._ZN2Ui10MenuHelper14getCurrentItemEv
                0x00002cba       0x18 ui_menu.o
                0x00002cba                _ZN2Ui10MenuHelper14getCurrentItemEv
 .text._ZN2Ui15StateMenuHelper7addItemEPFPKhPvEPFvS3_E
                0x00002cd2       0x28 ui_state_menu.o
                0x00002cd2                _ZN2Ui15StateMenuHelper7addItemEPFPKhPvEPFvS3_E
 .text._ZN2Ui15StateMenuHelper13handleButtonsE6ButtonN7Buttons9PressTypeE
                0x00002cfa       0x98 ui_state_menu.o
                0x00002cfa                _ZN2Ui15StateMenuHelper13handleButtonsE6ButtonN7Buttons9PressTypeE
 .text._ZN2Ui15StateMenuHelper4drawEv
                0x00002d92      0x156 ui_state_menu.o
                0x00002d92                _ZN2Ui15StateMenuHelper4drawEv
 .text.initVariant
                0x00002ee8        0x2 C:\Data\Microchip\VRX\VRX_Diversity\VRX_Diversity\ArduinoCore\Debug\libArduinoCore.a(main.o)
                0x00002ee8                initVariant
 .text.startup.main
                0x00002eea       0x1e C:\Data\Microchip\VRX\VRX_Diversity\VRX_Diversity\ArduinoCore\Debug\libArduinoCore.a(main.o)
                0x00002eea                main
 .text._Znwj    0x00002f08        0x4 C:\Data\Microchip\VRX\VRX_Diversity\VRX_Diversity\ArduinoCore\Debug\libArduinoCore.a(new.o)
                0x00002f08                _Znwj
 .text._ZN5Print17availableForWriteEv
                0x00002f0c        0x6 C:\Data\Microchip\VRX\VRX_Diversity\VRX_Diversity\ArduinoCore\Debug\libArduinoCore.a(Print.o)
                0x00002f0c                _ZN5Print17availableForWriteEv
 .text._ZN5Print5flushEv
                0x00002f12        0x2 C:\Data\Microchip\VRX\VRX_Diversity\VRX_Diversity\ArduinoCore\Debug\libArduinoCore.a(Print.o)
                0x00002f12                _ZN5Print5flushEv
 .text._ZN5Print5writeEPKhj
                0x00002f14       0x54 C:\Data\Microchip\VRX\VRX_Diversity\VRX_Diversity\ArduinoCore\Debug\libArduinoCore.a(Print.o)
                0x00002f14                _ZN5Print5writeEPKhj
 .text._ZN5Print5writeEPKc
                0x00002f68       0x2a C:\Data\Microchip\VRX\VRX_Diversity\VRX_Diversity\ArduinoCore\Debug\libArduinoCore.a(Print.o)
                0x00002f68                _ZN5Print5writeEPKc
 .text._ZN5Print5printEPKc
                0x00002f92        0x4 C:\Data\Microchip\VRX\VRX_Diversity\VRX_Diversity\ArduinoCore\Debug\libArduinoCore.a(Print.o)
                0x00002f92                _ZN5Print5printEPKc
 .text._ZN5Print11printNumberEmh
                0x00002f96       0x92 C:\Data\Microchip\VRX\VRX_Diversity\VRX_Diversity\ArduinoCore\Debug\libArduinoCore.a(Print.o)
                0x00002f96                _ZN5Print11printNumberEmh
 .text._ZN5Print5printEmi
                0x00003028       0x1a C:\Data\Microchip\VRX\VRX_Diversity\VRX_Diversity\ArduinoCore\Debug\libArduinoCore.a(Print.o)
                0x00003028                _ZN5Print5printEmi
 .text._ZN5Print5printEji
                0x00003042        0xc C:\Data\Microchip\VRX\VRX_Diversity\VRX_Diversity\ArduinoCore\Debug\libArduinoCore.a(Print.o)
                0x00003042                _ZN5Print5printEji
 .text.__vector_16
                0x0000304e       0x94 C:\Data\Microchip\VRX\VRX_Diversity\VRX_Diversity\ArduinoCore\Debug\libArduinoCore.a(wiring.o)
                0x0000304e                __vector_16
 .text.millis   0x000030e2       0x18 C:\Data\Microchip\VRX\VRX_Diversity\VRX_Diversity\ArduinoCore\Debug\libArduinoCore.a(wiring.o)
                0x000030e2                millis
 .text.micros   0x000030fa       0x4a C:\Data\Microchip\VRX\VRX_Diversity\VRX_Diversity\ArduinoCore\Debug\libArduinoCore.a(wiring.o)
                0x000030fa                micros
 .text.delay    0x00003144       0x78 C:\Data\Microchip\VRX\VRX_Diversity\VRX_Diversity\ArduinoCore\Debug\libArduinoCore.a(wiring.o)
                0x00003144                delay
 .text.delayMicroseconds
                0x000031bc       0x16 C:\Data\Microchip\VRX\VRX_Diversity\VRX_Diversity\ArduinoCore\Debug\libArduinoCore.a(wiring.o)
                0x000031bc                delayMicroseconds
 .text.init     0x000031d2       0x76 C:\Data\Microchip\VRX\VRX_Diversity\VRX_Diversity\ArduinoCore\Debug\libArduinoCore.a(wiring.o)
                0x000031d2                init
 .text.analogRead
                0x00003248       0x3a C:\Data\Microchip\VRX\VRX_Diversity\VRX_Diversity\ArduinoCore\Debug\libArduinoCore.a(wiring_analog.o)
                0x00003248                analogRead
 .text.turnOffPWM
                0x00003282       0x52 C:\Data\Microchip\VRX\VRX_Diversity\VRX_Diversity\ArduinoCore\Debug\libArduinoCore.a(wiring_digital.o)
 .text.pinMode  0x000032d4       0x78 C:\Data\Microchip\VRX\VRX_Diversity\VRX_Diversity\ArduinoCore\Debug\libArduinoCore.a(wiring_digital.o)
                0x000032d4                pinMode
 .text.digitalWrite
                0x0000334c       0x5e C:\Data\Microchip\VRX\VRX_Diversity\VRX_Diversity\ArduinoCore\Debug\libArduinoCore.a(wiring_digital.o)
                0x0000334c                digitalWrite
 .text.digitalRead
                0x000033aa       0x52 C:\Data\Microchip\VRX\VRX_Diversity\VRX_Diversity\ArduinoCore\Debug\libArduinoCore.a(wiring_digital.o)
                0x000033aa                digitalRead
 .text._Z3maplllll
                0x000033fc       0x82 C:\Data\Microchip\VRX\VRX_Diversity\VRX_Diversity\ArduinoCore\Debug\libArduinoCore.a(WMath.o)
                0x000033fc                _Z3maplllll
 .text._ZN12Adafruit_GFX9writeLineEiiiij
                0x0000347e      0x164 C:\Data\Microchip\VRX\VRX_Diversity\VRX_Diversity\ArduinoCore\Debug\libArduinoCore.a(Adafruit_GFX.o)
                0x0000347e                _ZN12Adafruit_GFX9writeLineEiiiij
 .text._ZN12Adafruit_GFX10writePixelEiij
                0x000035e2        0xe C:\Data\Microchip\VRX\VRX_Diversity\VRX_Diversity\ArduinoCore\Debug\libArduinoCore.a(Adafruit_GFX.o)
                0x000035e2                _ZN12Adafruit_GFX10writePixelEiij
 .text._ZN12Adafruit_GFX14writeFastVLineEiiij
                0x000035f0       0x18 C:\Data\Microchip\VRX\VRX_Diversity\VRX_Diversity\ArduinoCore\Debug\libArduinoCore.a(Adafruit_GFX.o)
                0x000035f0                _ZN12Adafruit_GFX14writeFastVLineEiiij
 .text._ZN12Adafruit_GFX14writeFastHLineEiiij
                0x00003608       0x18 C:\Data\Microchip\VRX\VRX_Diversity\VRX_Diversity\ArduinoCore\Debug\libArduinoCore.a(Adafruit_GFX.o)
                0x00003608                _ZN12Adafruit_GFX14writeFastHLineEiiij
 .text._ZN12Adafruit_GFX13writeFillRectEiiiij
                0x00003620       0x20 C:\Data\Microchip\VRX\VRX_Diversity\VRX_Diversity\ArduinoCore\Debug\libArduinoCore.a(Adafruit_GFX.o)
                0x00003620                _ZN12Adafruit_GFX13writeFillRectEiiiij
 .text._ZN12Adafruit_GFX8endWriteEv
                0x00003640        0x2 C:\Data\Microchip\VRX\VRX_Diversity\VRX_Diversity\ArduinoCore\Debug\libArduinoCore.a(Adafruit_GFX.o)
                0x00003640                _ZN12Adafruit_GFX10startWriteEv
                0x00003640                _ZN12Adafruit_GFX8endWriteEv
 .text._ZN12Adafruit_GFX13drawFastVLineEiiij
                0x00003642       0x72 C:\Data\Microchip\VRX\VRX_Diversity\VRX_Diversity\ArduinoCore\Debug\libArduinoCore.a(Adafruit_GFX.o)
                0x00003642                _ZN12Adafruit_GFX13drawFastVLineEiiij
 .text._ZN12Adafruit_GFX13drawFastHLineEiiij
                0x000036b4       0x72 C:\Data\Microchip\VRX\VRX_Diversity\VRX_Diversity\ArduinoCore\Debug\libArduinoCore.a(Adafruit_GFX.o)
                0x000036b4                _ZN12Adafruit_GFX13drawFastHLineEiiij
 .text._ZN12Adafruit_GFX8fillRectEiiiij
                0x00003726       0x8a C:\Data\Microchip\VRX\VRX_Diversity\VRX_Diversity\ArduinoCore\Debug\libArduinoCore.a(Adafruit_GFX.o)
                0x00003726                _ZN12Adafruit_GFX8fillRectEiiiij
 .text._ZN12Adafruit_GFX10fillScreenEj
                0x000037b0       0x3a C:\Data\Microchip\VRX\VRX_Diversity\VRX_Diversity\ArduinoCore\Debug\libArduinoCore.a(Adafruit_GFX.o)
                0x000037b0                _ZN12Adafruit_GFX10fillScreenEj
 .text._ZN12Adafruit_GFX8drawLineEiiiij
                0x000037ea       0xda C:\Data\Microchip\VRX\VRX_Diversity\VRX_Diversity\ArduinoCore\Debug\libArduinoCore.a(Adafruit_GFX.o)
                0x000037ea                _ZN12Adafruit_GFX8drawLineEiiiij
 .text._ZN12Adafruit_GFX8drawRectEiiiij
                0x000038c4       0xbe C:\Data\Microchip\VRX\VRX_Diversity\VRX_Diversity\ArduinoCore\Debug\libArduinoCore.a(Adafruit_GFX.o)
                0x000038c4                _ZN12Adafruit_GFX8drawRectEiiiij
 .text._ZN12Adafruit_GFX13invertDisplayEb
                0x00003982        0x2 C:\Data\Microchip\VRX\VRX_Diversity\VRX_Diversity\ArduinoCore\Debug\libArduinoCore.a(Adafruit_GFX.o)
                0x00003982                _ZN12Adafruit_GFX13invertDisplayEb
 .text._ZN12Adafruit_GFX11setRotationEh
                0x00003984       0x2a C:\Data\Microchip\VRX\VRX_Diversity\VRX_Diversity\ArduinoCore\Debug\libArduinoCore.a(Adafruit_GFX.o)
                0x00003984                _ZN12Adafruit_GFX11setRotationEh
 .text._ZN12Adafruit_GFXC2Eii
                0x000039ae       0x44 C:\Data\Microchip\VRX\VRX_Diversity\VRX_Diversity\ArduinoCore\Debug\libArduinoCore.a(Adafruit_GFX.o)
                0x000039ae                _ZN12Adafruit_GFXC2Eii
                0x000039ae                _ZN12Adafruit_GFXC1Eii
 .text._ZN12Adafruit_GFX16drawCircleHelperEiiihj
                0x000039f2      0x1fc C:\Data\Microchip\VRX\VRX_Diversity\VRX_Diversity\ArduinoCore\Debug\libArduinoCore.a(Adafruit_GFX.o)
                0x000039f2                _ZN12Adafruit_GFX16drawCircleHelperEiiihj
 .text._ZN12Adafruit_GFX13drawRoundRectEiiiiij
                0x00003bee      0x1d6 C:\Data\Microchip\VRX\VRX_Diversity\VRX_Diversity\ArduinoCore\Debug\libArduinoCore.a(Adafruit_GFX.o)
                0x00003bee                _ZN12Adafruit_GFX13drawRoundRectEiiiiij
 .text._ZN12Adafruit_GFX12fillTriangleEiiiiiij
                0x00003dc4      0x3c4 C:\Data\Microchip\VRX\VRX_Diversity\VRX_Diversity\ArduinoCore\Debug\libArduinoCore.a(Adafruit_GFX.o)
                0x00003dc4                _ZN12Adafruit_GFX12fillTriangleEiiiiiij
 .text._ZN12Adafruit_GFX10drawBitmapEiiPKhiij
                0x00004188      0x13c C:\Data\Microchip\VRX\VRX_Diversity\VRX_Diversity\ArduinoCore\Debug\libArduinoCore.a(Adafruit_GFX.o)
                0x00004188                _ZN12Adafruit_GFX10drawBitmapEiiPKhiij
 .text._ZN12Adafruit_GFX8drawCharEiihjjhh
                0x000042c4      0x46a C:\Data\Microchip\VRX\VRX_Diversity\VRX_Diversity\ArduinoCore\Debug\libArduinoCore.a(Adafruit_GFX.o)
                0x000042c4                _ZN12Adafruit_GFX8drawCharEiihjjhh
 .text._ZN12Adafruit_GFX5writeEh
                0x0000472e      0x1b0 C:\Data\Microchip\VRX\VRX_Diversity\VRX_Diversity\ArduinoCore\Debug\libArduinoCore.a(Adafruit_GFX.o)
                0x0000472e                _ZN12Adafruit_GFX5writeEh
 .text._ZN12Adafruit_GFX11setTextSizeEhh
                0x000048de       0x16 C:\Data\Microchip\VRX\VRX_Diversity\VRX_Diversity\ArduinoCore\Debug\libArduinoCore.a(Adafruit_GFX.o)
                0x000048de                _ZN12Adafruit_GFX11setTextSizeEhh
 .text._ZN12Adafruit_GFX11setTextSizeEh
                0x000048f4        0x6 C:\Data\Microchip\VRX\VRX_Diversity\VRX_Diversity\ArduinoCore\Debug\libArduinoCore.a(Adafruit_GFX.o)
                0x000048f4                _ZN12Adafruit_GFX11setTextSizeEh
 .text._ZN16Adafruit_SSD13069drawPixelEiij
                0x000048fa      0x17a C:\Data\Microchip\VRX\VRX_Diversity\VRX_Diversity\ArduinoCore\Debug\libArduinoCore.a(Adafruit_SSD1306.o)
                0x000048fa                _ZN16Adafruit_SSD13069drawPixelEiij
 .text._ZN8SPIClass16beginTransactionE11SPISettings
                0x00004a74       0x34 C:\Data\Microchip\VRX\VRX_Diversity\VRX_Diversity\ArduinoCore\Debug\libArduinoCore.a(Adafruit_SSD1306.o)
                0x00004a74                _ZN8SPIClass16beginTransactionE11SPISettings
 .text._ZN8SPIClass8transferEh
                0x00004aa8        0xe C:\Data\Microchip\VRX\VRX_Diversity\VRX_Diversity\ArduinoCore\Debug\libArduinoCore.a(Adafruit_SSD1306.o)
                0x00004aa8                _ZN8SPIClass8transferEh
 .text._ZN8SPIClass14endTransactionEv
                0x00004ab6       0x22 C:\Data\Microchip\VRX\VRX_Diversity\VRX_Diversity\ArduinoCore\Debug\libArduinoCore.a(Adafruit_SSD1306.o)
                0x00004ab6                _ZN8SPIClass14endTransactionEv
 .text._ZN16Adafruit_SSD1306C2Ea
                0x00004ad8       0x48 C:\Data\Microchip\VRX\VRX_Diversity\VRX_Diversity\ArduinoCore\Debug\libArduinoCore.a(Adafruit_SSD1306.o)
                0x00004ad8                _ZN16Adafruit_SSD1306C2Ea
                0x00004ad8                _ZN16Adafruit_SSD1306C1Ea
 .text._ZN16Adafruit_SSD1306D2Ev
                0x00004b20       0x18 C:\Data\Microchip\VRX\VRX_Diversity\VRX_Diversity\ArduinoCore\Debug\libArduinoCore.a(Adafruit_SSD1306.o)
                0x00004b20                _ZN16Adafruit_SSD1306D1Ev
                0x00004b20                _ZN16Adafruit_SSD1306D2Ev
 .text._ZN16Adafruit_SSD130616ssd1306_command1Eh
                0x00004b38       0xc2 C:\Data\Microchip\VRX\VRX_Diversity\VRX_Diversity\ArduinoCore\Debug\libArduinoCore.a(Adafruit_SSD1306.o)
                0x00004b38                _ZN16Adafruit_SSD130616ssd1306_command1Eh
 .text._ZN16Adafruit_SSD130613invertDisplayEb
                0x00004bfa       0x8e C:\Data\Microchip\VRX\VRX_Diversity\VRX_Diversity\ArduinoCore\Debug\libArduinoCore.a(Adafruit_SSD1306.o)
                0x00004bfa                _ZN16Adafruit_SSD130613invertDisplayEb
 .text._ZN16Adafruit_SSD130619ssd1306_commandListEPKhh
                0x00004c88      0x150 C:\Data\Microchip\VRX\VRX_Diversity\VRX_Diversity\ArduinoCore\Debug\libArduinoCore.a(Adafruit_SSD1306.o)
                0x00004c88                _ZN16Adafruit_SSD130619ssd1306_commandListEPKhh
 .text._ZN16Adafruit_SSD130612clearDisplayEv
                0x00004dd8       0x3c C:\Data\Microchip\VRX\VRX_Diversity\VRX_Diversity\ArduinoCore\Debug\libArduinoCore.a(Adafruit_SSD1306.o)
                0x00004dd8                _ZN16Adafruit_SSD130612clearDisplayEv
 .text._ZN16Adafruit_SSD13065beginEhhbb
                0x00004e14      0x3a2 C:\Data\Microchip\VRX\VRX_Diversity\VRX_Diversity\ArduinoCore\Debug\libArduinoCore.a(Adafruit_SSD1306.o)
                0x00004e14                _ZN16Adafruit_SSD13065beginEhhbb
 .text._ZN16Adafruit_SSD130621drawFastHLineInternalEiiij
                0x000051b6       0xe0 C:\Data\Microchip\VRX\VRX_Diversity\VRX_Diversity\ArduinoCore\Debug\libArduinoCore.a(Adafruit_SSD1306.o)
                0x000051b6                _ZN16Adafruit_SSD130621drawFastHLineInternalEiiij
 .text._ZN16Adafruit_SSD130621drawFastVLineInternalEiiij
                0x00005296      0x16a C:\Data\Microchip\VRX\VRX_Diversity\VRX_Diversity\ArduinoCore\Debug\libArduinoCore.a(Adafruit_SSD1306.o)
                0x00005296                _ZN16Adafruit_SSD130621drawFastVLineInternalEiiij
 .text._ZN16Adafruit_SSD130613drawFastHLineEiiij
                0x00005400       0x82 C:\Data\Microchip\VRX\VRX_Diversity\VRX_Diversity\ArduinoCore\Debug\libArduinoCore.a(Adafruit_SSD1306.o)
                0x00005400                _ZN16Adafruit_SSD130613drawFastHLineEiiij
 .text._ZN16Adafruit_SSD130613drawFastVLineEiiij
                0x00005482       0x84 C:\Data\Microchip\VRX\VRX_Diversity\VRX_Diversity\ArduinoCore\Debug\libArduinoCore.a(Adafruit_SSD1306.o)
                0x00005482                _ZN16Adafruit_SSD130613drawFastVLineEiiij
 .text._ZN16Adafruit_SSD13067displayEv
                0x00005506      0x1e4 C:\Data\Microchip\VRX\VRX_Diversity\VRX_Diversity\ArduinoCore\Debug\libArduinoCore.a(Adafruit_SSD1306.o)
                0x00005506                _ZN16Adafruit_SSD13067displayEv
 .text._ZN8SPIClass5beginEv
                0x000056ea       0x6c C:\Data\Microchip\VRX\VRX_Diversity\VRX_Diversity\ArduinoCore\Debug\libArduinoCore.a(SPI.o)
                0x000056ea                _ZN8SPIClass5beginEv
 .text._ZN7TwoWire9availableEv
                0x00005756       0x10 C:\Data\Microchip\VRX\VRX_Diversity\VRX_Diversity\ArduinoCore\Debug\libArduinoCore.a(Wire.o)
                0x00005756                _ZN7TwoWire9availableEv
 .text._ZN7TwoWire4readEv
                0x00005766       0x28 C:\Data\Microchip\VRX\VRX_Diversity\VRX_Diversity\ArduinoCore\Debug\libArduinoCore.a(Wire.o)
                0x00005766                _ZN7TwoWire4readEv
 .text._ZN7TwoWire4peekEv
                0x0000578e       0x1e C:\Data\Microchip\VRX\VRX_Diversity\VRX_Diversity\ArduinoCore\Debug\libArduinoCore.a(Wire.o)
                0x0000578e                _ZN7TwoWire4peekEv
 .text._ZN7TwoWire5flushEv
                0x000057ac        0x2 C:\Data\Microchip\VRX\VRX_Diversity\VRX_Diversity\ArduinoCore\Debug\libArduinoCore.a(Wire.o)
                0x000057ac                _ZN7TwoWire5flushEv
 .text._ZN7TwoWire16onReceiveServiceEPhi
                0x000057ae       0x54 C:\Data\Microchip\VRX\VRX_Diversity\VRX_Diversity\ArduinoCore\Debug\libArduinoCore.a(Wire.o)
                0x000057ae                _ZN7TwoWire16onReceiveServiceEPhi
 .text._ZN7TwoWire16onRequestServiceEv
                0x00005802       0x18 C:\Data\Microchip\VRX\VRX_Diversity\VRX_Diversity\ArduinoCore\Debug\libArduinoCore.a(Wire.o)
                0x00005802                _ZN7TwoWire16onRequestServiceEv
 .text._ZN7TwoWire5writeEPKhj
                0x0000581a       0x5a C:\Data\Microchip\VRX\VRX_Diversity\VRX_Diversity\ArduinoCore\Debug\libArduinoCore.a(Wire.o)
                0x0000581a                _ZN7TwoWire5writeEPKhj
 .text._ZN7TwoWire5writeEh
                0x00005874       0x5e C:\Data\Microchip\VRX\VRX_Diversity\VRX_Diversity\ArduinoCore\Debug\libArduinoCore.a(Wire.o)
                0x00005874                _ZN7TwoWire5writeEh
 .text._ZN7TwoWireC2Ev
                0x000058d2       0x20 C:\Data\Microchip\VRX\VRX_Diversity\VRX_Diversity\ArduinoCore\Debug\libArduinoCore.a(Wire.o)
                0x000058d2                _ZN7TwoWireC1Ev
                0x000058d2                _ZN7TwoWireC2Ev
 .text._ZN7TwoWire5beginEv
                0x000058f2       0x24 C:\Data\Microchip\VRX\VRX_Diversity\VRX_Diversity\ArduinoCore\Debug\libArduinoCore.a(Wire.o)
                0x000058f2                _ZN7TwoWire5beginEv
 .text._ZN7TwoWire8setClockEm
                0x00005916        0x8 C:\Data\Microchip\VRX\VRX_Diversity\VRX_Diversity\ArduinoCore\Debug\libArduinoCore.a(Wire.o)
                0x00005916                _ZN7TwoWire8setClockEm
 .text._ZN7TwoWire17beginTransmissionEh
                0x0000591e       0x14 C:\Data\Microchip\VRX\VRX_Diversity\VRX_Diversity\ArduinoCore\Debug\libArduinoCore.a(Wire.o)
                0x0000591e                _ZN7TwoWire17beginTransmissionEh
 .text._ZN7TwoWire17beginTransmissionEi
                0x00005932        0x4 C:\Data\Microchip\VRX\VRX_Diversity\VRX_Diversity\ArduinoCore\Debug\libArduinoCore.a(Wire.o)
                0x00005932                _ZN7TwoWire17beginTransmissionEi
 .text._ZN7TwoWire15endTransmissionEh
                0x00005936       0x26 C:\Data\Microchip\VRX\VRX_Diversity\VRX_Diversity\ArduinoCore\Debug\libArduinoCore.a(Wire.o)
                0x00005936                _ZN7TwoWire15endTransmissionEh
 .text._ZN7TwoWire15endTransmissionEv
                0x0000595c        0x6 C:\Data\Microchip\VRX\VRX_Diversity\VRX_Diversity\ArduinoCore\Debug\libArduinoCore.a(Wire.o)
                0x0000595c                _ZN7TwoWire15endTransmissionEv
 .text.startup._GLOBAL__sub_I__ZN7TwoWire8rxBufferE
                0x00005962        0x8 C:\Data\Microchip\VRX\VRX_Diversity\VRX_Diversity\ArduinoCore\Debug\libArduinoCore.a(Wire.o)
 .text.__cxa_pure_virtual
                0x0000596a        0x4 C:\Data\Microchip\VRX\VRX_Diversity\VRX_Diversity\ArduinoCore\Debug\libArduinoCore.a(abi.o)
                0x0000596a                __cxa_pure_virtual
 .text.__empty  0x0000596e        0x2 C:\Data\Microchip\VRX\VRX_Diversity\VRX_Diversity\ArduinoCore\Debug\libArduinoCore.a(hooks.o)
                0x0000596e                yield
 .text.twi_init
                0x00005970       0x3c C:\Data\Microchip\VRX\VRX_Diversity\VRX_Diversity\ArduinoCore\Debug\libArduinoCore.a(twi.o)
                0x00005970                twi_init
 .text.twi_disable
                0x000059ac       0x1a C:\Data\Microchip\VRX\VRX_Diversity\VRX_Diversity\ArduinoCore\Debug\libArduinoCore.a(twi.o)
                0x000059ac                twi_disable
 .text.twi_setFrequency
                0x000059c6       0x28 C:\Data\Microchip\VRX\VRX_Diversity\VRX_Diversity\ArduinoCore\Debug\libArduinoCore.a(twi.o)
                0x000059c6                twi_setFrequency
 .text.twi_transmit
                0x000059ee       0x50 C:\Data\Microchip\VRX\VRX_Diversity\VRX_Diversity\ArduinoCore\Debug\libArduinoCore.a(twi.o)
                0x000059ee                twi_transmit
 .text.twi_attachSlaveRxEvent
                0x00005a3e        0xa C:\Data\Microchip\VRX\VRX_Diversity\VRX_Diversity\ArduinoCore\Debug\libArduinoCore.a(twi.o)
                0x00005a3e                twi_attachSlaveRxEvent
 .text.twi_attachSlaveTxEvent
                0x00005a48        0xa C:\Data\Microchip\VRX\VRX_Diversity\VRX_Diversity\ArduinoCore\Debug\libArduinoCore.a(twi.o)
                0x00005a48                twi_attachSlaveTxEvent
 .text.twi_releaseBus
                0x00005a52        0xc C:\Data\Microchip\VRX\VRX_Diversity\VRX_Diversity\ArduinoCore\Debug\libArduinoCore.a(twi.o)
                0x00005a52                twi_releaseBus
 .text.twi_handleTimeout
                0x00005a5e       0x2c C:\Data\Microchip\VRX\VRX_Diversity\VRX_Diversity\ArduinoCore\Debug\libArduinoCore.a(twi.o)
                0x00005a5e                twi_handleTimeout
 .text.twi_writeTo
                0x00005a8a      0x1e0 C:\Data\Microchip\VRX\VRX_Diversity\VRX_Diversity\ArduinoCore\Debug\libArduinoCore.a(twi.o)
                0x00005a8a                twi_writeTo
 .text.twi_stop
                0x00005c6a       0x70 C:\Data\Microchip\VRX\VRX_Diversity\VRX_Diversity\ArduinoCore\Debug\libArduinoCore.a(twi.o)
                0x00005c6a                twi_stop
 .text.__vector_24
                0x00005cda      0x25a C:\Data\Microchip\VRX\VRX_Diversity\VRX_Diversity\ArduinoCore\Debug\libArduinoCore.a(twi.o)
                0x00005cda                __vector_24
 .text.libgcc.mul
                0x00005f34       0x20 c:/program files (x86)/atmel/studio/7.0/toolchain/avr8/avr8-gnu-toolchain/bin/../lib/gcc/avr/5.4.0/avr5\libgcc.a(_mulsi3.o)
                0x00005f34                __mulsi3
 .text.libgcc.div
                0x00005f54       0x28 c:/program files (x86)/atmel/studio/7.0/toolchain/avr8/avr8-gnu-toolchain/bin/../lib/gcc/avr/5.4.0/avr5\libgcc.a(_divmodhi4.o)
                0x00005f54                _div
                0x00005f54                __divmodhi4
 .text.libgcc.div
                0x00005f7c       0x44 c:/program files (x86)/atmel/studio/7.0/toolchain/avr8/avr8-gnu-toolchain/bin/../lib/gcc/avr/5.4.0/avr5\libgcc.a(_udivmodsi4.o)
                0x00005f7c                __udivmodsi4
 .text.libgcc.div
                0x00005fc0       0x2e c:/program files (x86)/atmel/studio/7.0/toolchain/avr8/avr8-gnu-toolchain/bin/../lib/gcc/avr/5.4.0/avr5\libgcc.a(_divmodsi4.o)
                0x00005fc0                __divmodsi4
 .text.libgcc.div
                0x00005fee       0x10 c:/program files (x86)/atmel/studio/7.0/toolchain/avr8/avr8-gnu-toolchain/bin/../lib/gcc/avr/5.4.0/avr5\libgcc.a(_negsi2.o)
                0x00005fee                __negsi2
 .text.libgcc.mul
                0x00005ffe       0x10 c:/program files (x86)/atmel/studio/7.0/toolchain/avr8/avr8-gnu-toolchain/bin/../lib/gcc/avr/5.4.0/avr5\libgcc.a(_mulhisi3.o)
                0x00005ffe                __mulhisi3
 .text.libgcc.mul
                0x0000600e       0x1e c:/program files (x86)/atmel/studio/7.0/toolchain/avr8/avr8-gnu-toolchain/bin/../lib/gcc/avr/5.4.0/avr5\libgcc.a(_umulhisi3.o)
                0x0000600e                __umulhisi3
 .text.libgcc.mul
                0x0000602c        0xe c:/program files (x86)/atmel/studio/7.0/toolchain/avr8/avr8-gnu-toolchain/bin/../lib/gcc/avr/5.4.0/avr5\libgcc.a(_usmulhisi3.o)
                0x0000602c                __usmulhisi3
                0x00006030                __usmulhisi3_tail
 .text.libgcc.mul
                0x0000603a       0x16 c:/program files (x86)/atmel/studio/7.0/toolchain/avr8/avr8-gnu-toolchain/bin/../lib/gcc/avr/5.4.0/avr5\libgcc.a(_muluhisi3.o)
                0x0000603a                __muluhisi3
 .text.libgcc.div
                0x00006050       0x28 c:/program files (x86)/atmel/studio/7.0/toolchain/avr8/avr8-gnu-toolchain/bin/../lib/gcc/avr/5.4.0/avr5\libgcc.a(_udivmodhi4.o)
                0x00006050                __udivmodhi4
 .text.libgcc   0x00006078        0xc c:/program files (x86)/atmel/studio/7.0/toolchain/avr8/avr8-gnu-toolchain/bin/../lib/gcc/avr/5.4.0/avr5\libgcc.a(_tablejump2.o)
                0x00006078                __tablejump2__
 .text.avr-libc
                0x00006084      0x242 c:/program files (x86)/atmel/studio/7.0/toolchain/avr8/avr8-gnu-toolchain/bin/../lib/gcc/avr/5.4.0/../../../../avr/lib/avr5\libc.a(malloc.o)
                0x00006084                malloc
                0x000061b4                free
 .text.avr-libc
                0x000062c6        0xa c:/program files (x86)/atmel/studio/7.0/toolchain/avr8/avr8-gnu-toolchain/bin/../lib/gcc/avr/5.4.0/../../../../avr/lib/avr5\libc.a(abort.o)
                0x000062c6                abort
 .text.avr-libc
                0x000062d0       0x12 c:/program files (x86)/atmel/studio/7.0/toolchain/avr8/avr8-gnu-toolchain/bin/../lib/gcc/avr/5.4.0/../../../../avr/lib/avr5\libc.a(memcpy_P.o)
                0x000062d0                memcpy_P
 .text.avr-libc
                0x000062e2        0xe c:/program files (x86)/atmel/studio/7.0/toolchain/avr8/avr8-gnu-toolchain/bin/../lib/gcc/avr/5.4.0/../../../../avr/lib/avr5\libc.a(memset.o)
                0x000062e2                memset
 .text.avr-libc
                0x000062f0       0x10 C:/Program Files (x86)/Atmel/Studio/7.0/Packs/atmel/ATmega_DFP/1.7.374/gcc/dev/atmega328p/avr5\libatmega328p.a(eerd_byte.o)
                0x000062f0                eeprom_read_byte
 .text.avr-libc
                0x00006300       0x1c C:/Program Files (x86)/Atmel/Studio/7.0/Packs/atmel/ATmega_DFP/1.7.374/gcc/dev/atmega328p/avr5\libatmega328p.a(eewr_byte.o)
                0x00006300                eeprom_write_byte
                0x00006302                eeprom_write_r18
                0x0000631c                . = ALIGN (0x2)
 *(.fini9)
 .fini9         0x0000631c        0x0 c:/program files (x86)/atmel/studio/7.0/toolchain/avr8/avr8-gnu-toolchain/bin/../lib/gcc/avr/5.4.0/avr5\libgcc.a(_exit.o)
                0x0000631c                _exit
                0x0000631c                exit
 *(.fini9)
 *(.fini8)
 *(.fini8)
 *(.fini7)
 *(.fini7)
 *(.fini6)
 .fini6         0x0000631c       0x16 c:/program files (x86)/atmel/studio/7.0/toolchain/avr8/avr8-gnu-toolchain/bin/../lib/gcc/avr/5.4.0/avr5\libgcc.a(_dtors.o)
                0x0000631c                __do_global_dtors
 *(.fini6)
 *(.fini5)
 *(.fini5)
 *(.fini4)
 *(.fini4)
 *(.fini3)
 *(.fini3)
 *(.fini2)
 *(.fini2)
 *(.fini1)
 *(.fini1)
 *(.fini0)
 .fini0         0x00006332        0x4 c:/program files (x86)/atmel/studio/7.0/toolchain/avr8/avr8-gnu-toolchain/bin/../lib/gcc/avr/5.4.0/avr5\libgcc.a(_exit.o)
 *(.fini0)
                0x00006336                _etext = .

.data           0x00800100       0xd2 load address 0x00006336
                0x00800100                PROVIDE (__data_start, .)
 *(.data)
 .data          0x00800100        0x6 c:/program files (x86)/atmel/studio/7.0/toolchain/avr8/avr8-gnu-toolchain/bin/../lib/gcc/avr/5.4.0/../../../../avr/lib/avr5\libc.a(malloc.o)
                0x00800100                __malloc_heap_end
                0x00800102                __malloc_heap_start
                0x00800104                __malloc_margin
 *(.data*)
 .data.analog_reference
                0x00800106        0x1 C:\Data\Microchip\VRX\VRX_Diversity\VRX_Diversity\ArduinoCore\Debug\libArduinoCore.a(wiring_analog.o)
                0x00800106                analog_reference
 *(.gnu.linkonce.d*)
 *(.rodata)
 *(.rodata*)
 .rodata._ZTVN12StateMachine20BandScanStateHandlerE
                0x00800107       0x10 state_bandscan.o
                0x00800107                _ZTVN12StateMachine20BandScanStateHandlerE
 .rodata._ZTVN12StateMachine16MenuStateHandlerE
                0x00800117       0x10 state_menu.o
                0x00800117                _ZTVN12StateMachine16MenuStateHandlerE
 .rodata._ZTVN12StateMachine23ScreensaverStateHandlerE
                0x00800127       0x10 state_screensaver.o
                0x00800127                _ZTVN12StateMachine23ScreensaverStateHandlerE
 .rodata._ZTVN12StateMachine18SearchStateHandlerE
                0x00800137       0x10 state_search.o
                0x00800137                _ZTVN12StateMachine18SearchStateHandlerE
 .rodata._ZTVN12StateMachine20SettingsStateHandlerE
                0x00800147       0x10 state_settings.o
                0x00800147                _ZTVN12StateMachine20SettingsStateHandlerE
 .rodata._ZTVN12StateMachine24SettingsRssiStateHandlerE
                0x00800157       0x10 state_settings_rssi.o
                0x00800157                _ZTVN12StateMachine24SettingsRssiStateHandlerE
 .rodata._ZTV12Adafruit_GFX
                0x00800167       0x2c C:\Data\Microchip\VRX\VRX_Diversity\VRX_Diversity\ArduinoCore\Debug\libArduinoCore.a(Adafruit_GFX.o)
                0x00800167                _ZTV12Adafruit_GFX
 .rodata._ZTV16Adafruit_SSD1306
                0x00800193       0x2c C:\Data\Microchip\VRX\VRX_Diversity\VRX_Diversity\ArduinoCore\Debug\libArduinoCore.a(Adafruit_SSD1306.o)
                0x00800193                _ZTV16Adafruit_SSD1306
 .rodata._ZTV7TwoWire
                0x008001bf       0x12 C:\Data\Microchip\VRX\VRX_Diversity\VRX_Diversity\ArduinoCore\Debug\libArduinoCore.a(Wire.o)
                0x008001bf                _ZTV7TwoWire
 *(.gnu.linkonce.r*)
                0x008001d2                . = ALIGN (0x2)
 *fill*         0x008001d1        0x1 
                0x008001d2                _edata = .
                0x008001d2                PROVIDE (__data_end, .)

.bss            0x008001d2      0x1d7
                0x008001d2                PROVIDE (__bss_start, .)
 *(.bss)
 *(.bss*)
 .bss._ZN7Buttons14lastChangeTimeE
                0x008001d2        0x4 buttons.o
                0x008001d2                _ZN7Buttons14lastChangeTimeE
 .bss._ZL11changeFuncs
                0x008001d6        0x8 buttons.o
 .bss.states    0x008001de       0x28 buttons.o
                0x008001de                states
 .bss._ZN8Channels10nameBufferE
                0x00800206        0x3 channels.o
                0x00800206                _ZN8Channels10nameBufferE
 .bss.PSTR2_BUFFER
                0x00800209       0x30 pstr_helper.o
                0x00800209                PSTR2_BUFFER
 .bss._ZN8ReceiverL12rssiLogTimerE
                0x00800239        0x7 receiver.o
 .bss._ZN8ReceiverL15rssiStableTimerE
                0x00800240        0x7 receiver.o
 .bss._ZN8Receiver9rssiALastE
                0x00800247       0x18 receiver.o
                0x00800247                _ZN8Receiver9rssiALastE
 .bss._ZN8Receiver8rssiARawE
                0x0080025f        0x2 receiver.o
                0x0080025f                _ZN8Receiver8rssiARawE
 .bss._ZN8Receiver5rssiAE
                0x00800261        0x1 receiver.o
                0x00800261                _ZN8Receiver5rssiAE
 .bss._ZN8Receiver13activeChannelE
                0x00800262        0x1 receiver.o
                0x00800262                _ZN8Receiver13activeChannelE
 .bss._ZN8Receiver14activeReceiverE
                0x00800263        0x1 receiver.o
                0x00800263                _ZN8Receiver14activeReceiverE
 .bss.EepromSettings
                0x00800264        0xc settings_eeprom.o
                0x00800264                EepromSettings
 .bss._ZL7isDirty
                0x00800270        0x1 settings_eeprom.o
 .bss._ZL9saveTimer
                0x00800271        0x7 settings_eeprom.o
 .bss._ZZN12StateMachine6updateEvE9drawTimer
                0x00800278        0x7 state.o
 .bss._ZGVZN12StateMachine6updateEvE9drawTimer
                0x0080027f        0x8 state.o
 .bss._ZN12StateMachine9lastStateE
                0x00800287        0x1 state.o
                0x00800287                _ZN12StateMachine9lastStateE
 .bss._ZN12StateMachine12currentStateE
                0x00800288        0x1 state.o
                0x00800288                _ZN12StateMachine12currentStateE
 .bss._ZN12StateMachineL14currentHandlerE
                0x00800289        0x2 state.o
 .bss._ZN2Ui16shouldFullRedrawE
                0x0080028b        0x1 ui.o
                0x0080028b                _ZN2Ui16shouldFullRedrawE
 .bss._ZN2Ui13shouldDisplayE
                0x0080028c        0x1 ui.o
                0x0080028c                _ZN2Ui13shouldDisplayE
 .bss._ZN2Ui16shouldDrawUpdateE
                0x0080028d        0x1 ui.o
                0x0080028d                _ZN2Ui16shouldDrawUpdateE
 .bss._ZN2Ui7displayE
                0x0080028e       0x40 ui.o
                0x0080028e                _ZN2Ui7displayE
 .bss.timer0_fract
                0x008002ce        0x1 C:\Data\Microchip\VRX\VRX_Diversity\VRX_Diversity\ArduinoCore\Debug\libArduinoCore.a(wiring.o)
 .bss.timer0_millis
                0x008002cf        0x4 C:\Data\Microchip\VRX\VRX_Diversity\VRX_Diversity\ArduinoCore\Debug\libArduinoCore.a(wiring.o)
                0x008002cf                timer0_millis
 .bss.timer0_overflow_count
                0x008002d3        0x4 C:\Data\Microchip\VRX\VRX_Diversity\VRX_Diversity\ArduinoCore\Debug\libArduinoCore.a(wiring.o)
                0x008002d3                timer0_overflow_count
 .bss._ZN8SPIClass13interruptSaveE
                0x008002d7        0x1 C:\Data\Microchip\VRX\VRX_Diversity\VRX_Diversity\ArduinoCore\Debug\libArduinoCore.a(SPI.o)
                0x008002d7                _ZN8SPIClass13interruptSaveE
 .bss._ZN8SPIClass13interruptMaskE
                0x008002d8        0x1 C:\Data\Microchip\VRX\VRX_Diversity\VRX_Diversity\ArduinoCore\Debug\libArduinoCore.a(SPI.o)
                0x008002d8                _ZN8SPIClass13interruptMaskE
 .bss._ZN8SPIClass13interruptModeE
                0x008002d9        0x1 C:\Data\Microchip\VRX\VRX_Diversity\VRX_Diversity\ArduinoCore\Debug\libArduinoCore.a(SPI.o)
                0x008002d9                _ZN8SPIClass13interruptModeE
 .bss._ZN8SPIClass11initializedE
                0x008002da        0x1 C:\Data\Microchip\VRX\VRX_Diversity\VRX_Diversity\ArduinoCore\Debug\libArduinoCore.a(SPI.o)
                0x008002da                _ZN8SPIClass11initializedE
 .bss.Wire      0x008002db        0xc C:\Data\Microchip\VRX\VRX_Diversity\VRX_Diversity\ArduinoCore\Debug\libArduinoCore.a(Wire.o)
                0x008002db                Wire
 .bss._ZN7TwoWire14user_onReceiveE
                0x008002e7        0x2 C:\Data\Microchip\VRX\VRX_Diversity\VRX_Diversity\ArduinoCore\Debug\libArduinoCore.a(Wire.o)
                0x008002e7                _ZN7TwoWire14user_onReceiveE
 .bss._ZN7TwoWire14user_onRequestE
                0x008002e9        0x2 C:\Data\Microchip\VRX\VRX_Diversity\VRX_Diversity\ArduinoCore\Debug\libArduinoCore.a(Wire.o)
                0x008002e9                _ZN7TwoWire14user_onRequestE
 .bss._ZN7TwoWire12transmittingE
                0x008002eb        0x1 C:\Data\Microchip\VRX\VRX_Diversity\VRX_Diversity\ArduinoCore\Debug\libArduinoCore.a(Wire.o)
                0x008002eb                _ZN7TwoWire12transmittingE
 .bss._ZN7TwoWire14txBufferLengthE
                0x008002ec        0x1 C:\Data\Microchip\VRX\VRX_Diversity\VRX_Diversity\ArduinoCore\Debug\libArduinoCore.a(Wire.o)
                0x008002ec                _ZN7TwoWire14txBufferLengthE
 .bss._ZN7TwoWire13txBufferIndexE
                0x008002ed        0x1 C:\Data\Microchip\VRX\VRX_Diversity\VRX_Diversity\ArduinoCore\Debug\libArduinoCore.a(Wire.o)
                0x008002ed                _ZN7TwoWire13txBufferIndexE
 .bss._ZN7TwoWire8txBufferE
                0x008002ee       0x20 C:\Data\Microchip\VRX\VRX_Diversity\VRX_Diversity\ArduinoCore\Debug\libArduinoCore.a(Wire.o)
                0x008002ee                _ZN7TwoWire8txBufferE
 .bss._ZN7TwoWire9txAddressE
                0x0080030e        0x1 C:\Data\Microchip\VRX\VRX_Diversity\VRX_Diversity\ArduinoCore\Debug\libArduinoCore.a(Wire.o)
                0x0080030e                _ZN7TwoWire9txAddressE
 .bss._ZN7TwoWire14rxBufferLengthE
                0x0080030f        0x1 C:\Data\Microchip\VRX\VRX_Diversity\VRX_Diversity\ArduinoCore\Debug\libArduinoCore.a(Wire.o)
                0x0080030f                _ZN7TwoWire14rxBufferLengthE
 .bss._ZN7TwoWire13rxBufferIndexE
                0x00800310        0x1 C:\Data\Microchip\VRX\VRX_Diversity\VRX_Diversity\ArduinoCore\Debug\libArduinoCore.a(Wire.o)
                0x00800310                _ZN7TwoWire13rxBufferIndexE
 .bss._ZN7TwoWire8rxBufferE
                0x00800311       0x20 C:\Data\Microchip\VRX\VRX_Diversity\VRX_Diversity\ArduinoCore\Debug\libArduinoCore.a(Wire.o)
                0x00800311                _ZN7TwoWire8rxBufferE
 .bss.twi_error
                0x00800331        0x1 C:\Data\Microchip\VRX\VRX_Diversity\VRX_Diversity\ArduinoCore\Debug\libArduinoCore.a(twi.o)
 .bss.twi_rxBufferIndex
                0x00800332        0x1 C:\Data\Microchip\VRX\VRX_Diversity\VRX_Diversity\ArduinoCore\Debug\libArduinoCore.a(twi.o)
 .bss.twi_rxBuffer
                0x00800333       0x20 C:\Data\Microchip\VRX\VRX_Diversity\VRX_Diversity\ArduinoCore\Debug\libArduinoCore.a(twi.o)
 .bss.twi_txBufferLength
                0x00800353        0x1 C:\Data\Microchip\VRX\VRX_Diversity\VRX_Diversity\ArduinoCore\Debug\libArduinoCore.a(twi.o)
 .bss.twi_txBufferIndex
                0x00800354        0x1 C:\Data\Microchip\VRX\VRX_Diversity\VRX_Diversity\ArduinoCore\Debug\libArduinoCore.a(twi.o)
 .bss.twi_txBuffer
                0x00800355       0x20 C:\Data\Microchip\VRX\VRX_Diversity\VRX_Diversity\ArduinoCore\Debug\libArduinoCore.a(twi.o)
 .bss.twi_masterBufferLength
                0x00800375        0x1 C:\Data\Microchip\VRX\VRX_Diversity\VRX_Diversity\ArduinoCore\Debug\libArduinoCore.a(twi.o)
 .bss.twi_masterBufferIndex
                0x00800376        0x1 C:\Data\Microchip\VRX\VRX_Diversity\VRX_Diversity\ArduinoCore\Debug\libArduinoCore.a(twi.o)
 .bss.twi_masterBuffer
                0x00800377       0x20 C:\Data\Microchip\VRX\VRX_Diversity\VRX_Diversity\ArduinoCore\Debug\libArduinoCore.a(twi.o)
 .bss.twi_onSlaveReceive
                0x00800397        0x2 C:\Data\Microchip\VRX\VRX_Diversity\VRX_Diversity\ArduinoCore\Debug\libArduinoCore.a(twi.o)
 .bss.twi_onSlaveTransmit
                0x00800399        0x2 C:\Data\Microchip\VRX\VRX_Diversity\VRX_Diversity\ArduinoCore\Debug\libArduinoCore.a(twi.o)
 .bss.twi_do_reset_on_timeout
                0x0080039b        0x1 C:\Data\Microchip\VRX\VRX_Diversity\VRX_Diversity\ArduinoCore\Debug\libArduinoCore.a(twi.o)
 .bss.twi_timed_out_flag
                0x0080039c        0x1 C:\Data\Microchip\VRX\VRX_Diversity\VRX_Diversity\ArduinoCore\Debug\libArduinoCore.a(twi.o)
 .bss.twi_timeout_us
                0x0080039d        0x4 C:\Data\Microchip\VRX\VRX_Diversity\VRX_Diversity\ArduinoCore\Debug\libArduinoCore.a(twi.o)
 .bss.twi_inRepStart
                0x008003a1        0x1 C:\Data\Microchip\VRX\VRX_Diversity\VRX_Diversity\ArduinoCore\Debug\libArduinoCore.a(twi.o)
 .bss.twi_sendStop
                0x008003a2        0x1 C:\Data\Microchip\VRX\VRX_Diversity\VRX_Diversity\ArduinoCore\Debug\libArduinoCore.a(twi.o)
 .bss.twi_slarw
                0x008003a3        0x1 C:\Data\Microchip\VRX\VRX_Diversity\VRX_Diversity\ArduinoCore\Debug\libArduinoCore.a(twi.o)
 .bss.twi_state
                0x008003a4        0x1 C:\Data\Microchip\VRX\VRX_Diversity\VRX_Diversity\ArduinoCore\Debug\libArduinoCore.a(twi.o)
 *(COMMON)
 COMMON         0x008003a5        0x4 c:/program files (x86)/atmel/studio/7.0/toolchain/avr8/avr8-gnu-toolchain/bin/../lib/gcc/avr/5.4.0/../../../../avr/lib/avr5\libc.a(malloc.o)
                0x008003a5                __brkval
                0x008003a7                __flp
                0x008003a9                PROVIDE (__bss_end, .)
                0x00006336                __data_load_start = LOADADDR (.data)
                0x00006408                __data_load_end = (__data_load_start + SIZEOF (.data))

.noinit         0x008003a9        0x0
                [!provide]                PROVIDE (__noinit_start, .)
 *(.noinit*)
                [!provide]                PROVIDE (__noinit_end, .)
                0x008003a9                _end = .
                0x008003a9                PROVIDE (__heap_start, .)

.eeprom         0x00810000        0x0
 *(.eeprom*)
                0x00810000                __eeprom_end = .

.fuse
 *(.fuse)
 *(.lfuse)
 *(.hfuse)
 *(.efuse)

.lock
 *(.lock*)

.signature
 *(.signature*)

.user_signatures
 *(.user_signatures*)

.stab
 *(.stab)

.stabstr
 *(.stabstr)

.stab.excl
 *(.stab.excl)

.stab.exclstr
 *(.stab.exclstr)

.stab.index
 *(.stab.index)

.stab.indexstr
 *(.stab.indexstr)

.comment        0x00000000       0x30
 *(.comment)
 .comment       0x00000000       0x30 buttons.o
                                 0x31 (size before relaxing)
 .comment       0x00000030       0x31 channels.o
 .comment       0x00000030       0x31 pstr_helper.o
 .comment       0x00000030       0x31 receiver.o
 .comment       0x00000030       0x31 receiver_spi.o
 .comment       0x00000030       0x31 settings_eeprom.o
 .comment       0x00000030       0x31 Sketch.o
 .comment       0x00000030       0x31 state.o
 .comment       0x00000030       0x31 state_bandscan.o
 .comment       0x00000030       0x31 state_menu.o
 .comment       0x00000030       0x31 state_menu_ui.o
 .comment       0x00000030       0x31 state_screensaver.o
 .comment       0x00000030       0x31 state_search.o
 .comment       0x00000030       0x31 state_search_ui.o
 .comment       0x00000030       0x31 state_settings.o
 .comment       0x00000030       0x31 state_settings_rssi.o
 .comment       0x00000030       0x31 timer.o
 .comment       0x00000030       0x31 ui.o
 .comment       0x00000030       0x31 ui_menu.o
 .comment       0x00000030       0x31 ui_state_menu.o
 .comment       0x00000030       0x31 C:\Data\Microchip\VRX\VRX_Diversity\VRX_Diversity\ArduinoCore\Debug\libArduinoCore.a(main.o)
 .comment       0x00000030       0x31 C:\Data\Microchip\VRX\VRX_Diversity\VRX_Diversity\ArduinoCore\Debug\libArduinoCore.a(new.o)
 .comment       0x00000030       0x31 C:\Data\Microchip\VRX\VRX_Diversity\VRX_Diversity\ArduinoCore\Debug\libArduinoCore.a(Print.o)
 .comment       0x00000030       0x31 C:\Data\Microchip\VRX\VRX_Diversity\VRX_Diversity\ArduinoCore\Debug\libArduinoCore.a(wiring.o)
 .comment       0x00000030       0x31 C:\Data\Microchip\VRX\VRX_Diversity\VRX_Diversity\ArduinoCore\Debug\libArduinoCore.a(wiring_analog.o)
 .comment       0x00000030       0x31 C:\Data\Microchip\VRX\VRX_Diversity\VRX_Diversity\ArduinoCore\Debug\libArduinoCore.a(wiring_digital.o)
 .comment       0x00000030       0x31 C:\Data\Microchip\VRX\VRX_Diversity\VRX_Diversity\ArduinoCore\Debug\libArduinoCore.a(WMath.o)
 .comment       0x00000030       0x31 C:\Data\Microchip\VRX\VRX_Diversity\VRX_Diversity\ArduinoCore\Debug\libArduinoCore.a(Adafruit_GFX.o)
 .comment       0x00000030       0x31 C:\Data\Microchip\VRX\VRX_Diversity\VRX_Diversity\ArduinoCore\Debug\libArduinoCore.a(Adafruit_SSD1306.o)
 .comment       0x00000030       0x31 C:\Data\Microchip\VRX\VRX_Diversity\VRX_Diversity\ArduinoCore\Debug\libArduinoCore.a(SPI.o)
 .comment       0x00000030       0x31 C:\Data\Microchip\VRX\VRX_Diversity\VRX_Diversity\ArduinoCore\Debug\libArduinoCore.a(Wire.o)
 .comment       0x00000030       0x31 C:\Data\Microchip\VRX\VRX_Diversity\VRX_Diversity\ArduinoCore\Debug\libArduinoCore.a(abi.o)
 .comment       0x00000030       0x31 C:\Data\Microchip\VRX\VRX_Diversity\VRX_Diversity\ArduinoCore\Debug\libArduinoCore.a(hooks.o)
 .comment       0x00000030       0x31 C:\Data\Microchip\VRX\VRX_Diversity\VRX_Diversity\ArduinoCore\Debug\libArduinoCore.a(twi.o)
 .comment       0x00000030       0x31 c:/program files (x86)/atmel/studio/7.0/toolchain/avr8/avr8-gnu-toolchain/bin/../lib/gcc/avr/5.4.0/../../../../avr/lib/avr5\libc.a(malloc.o)

.note.gnu.avr.deviceinfo
                0x00000000       0x40
 .note.gnu.avr.deviceinfo
                0x00000000       0x40 C:/Program Files (x86)/Atmel/Studio/7.0/Packs/atmel/ATmega_DFP/1.7.374/gcc/dev/atmega328p/avr5/crtatmega328p.o

.note.gnu.build-id
 *(.note.gnu.build-id)

.debug
 *(.debug)

.line
 *(.line)

.debug_srcinfo
 *(.debug_srcinfo)

.debug_sfnames
 *(.debug_sfnames)

.debug_aranges  0x00000000      0xe40
 *(.debug_aranges)
 .debug_aranges
                0x00000000       0x50 buttons.o
 .debug_aranges
                0x00000050       0x40 channels.o
 .debug_aranges
                0x00000090       0x20 pstr_helper.o
 .debug_aranges
                0x000000b0       0x50 receiver.o
 .debug_aranges
                0x00000100       0x38 receiver_spi.o
 .debug_aranges
                0x00000138       0x48 settings_eeprom.o
 .debug_aranges
                0x00000180       0x40 Sketch.o
 .debug_aranges
                0x000001c0       0x70 state.o
 .debug_aranges
                0x00000230       0x48 state_bandscan.o
 .debug_aranges
                0x00000278       0x50 state_menu.o
 .debug_aranges
                0x000002c8       0x30 state_menu_ui.o
 .debug_aranges
                0x000002f8       0x48 state_screensaver.o
 .debug_aranges
                0x00000340       0x68 state_search.o
 .debug_aranges
                0x000003a8       0x58 state_search_ui.o
 .debug_aranges
                0x00000400       0x30 state_settings.o
 .debug_aranges
                0x00000430       0x48 state_settings_rssi.o
 .debug_aranges
                0x00000478       0x30 timer.o
 .debug_aranges
                0x000004a8       0x78 ui.o
 .debug_aranges
                0x00000520       0x48 ui_menu.o
 .debug_aranges
                0x00000568       0x30 ui_state_menu.o
 .debug_aranges
                0x00000598       0x30 C:\Data\Microchip\VRX\VRX_Diversity\VRX_Diversity\ArduinoCore\Debug\libArduinoCore.a(main.o)
 .debug_aranges
                0x000005c8       0x30 C:\Data\Microchip\VRX\VRX_Diversity\VRX_Diversity\ArduinoCore\Debug\libArduinoCore.a(new.o)
 .debug_aranges
                0x000005f8      0x100 C:\Data\Microchip\VRX\VRX_Diversity\VRX_Diversity\ArduinoCore\Debug\libArduinoCore.a(Print.o)
 .debug_aranges
                0x000006f8       0x48 C:\Data\Microchip\VRX\VRX_Diversity\VRX_Diversity\ArduinoCore\Debug\libArduinoCore.a(wiring.o)
 .debug_aranges
                0x00000740       0x30 C:\Data\Microchip\VRX\VRX_Diversity\VRX_Diversity\ArduinoCore\Debug\libArduinoCore.a(wiring_analog.o)
 .debug_aranges
                0x00000770       0x38 C:\Data\Microchip\VRX\VRX_Diversity\VRX_Diversity\ArduinoCore\Debug\libArduinoCore.a(wiring_digital.o)
 .debug_aranges
                0x000007a8       0x48 C:\Data\Microchip\VRX\VRX_Diversity\VRX_Diversity\ArduinoCore\Debug\libArduinoCore.a(WMath.o)
 .debug_aranges
                0x000007f0      0x2d8 C:\Data\Microchip\VRX\VRX_Diversity\VRX_Diversity\ArduinoCore\Debug\libArduinoCore.a(Adafruit_GFX.o)
 .debug_aranges
                0x00000ac8      0x118 C:\Data\Microchip\VRX\VRX_Diversity\VRX_Diversity\ArduinoCore\Debug\libArduinoCore.a(Adafruit_SSD1306.o)
 .debug_aranges
                0x00000be0       0x38 C:\Data\Microchip\VRX\VRX_Diversity\VRX_Diversity\ArduinoCore\Debug\libArduinoCore.a(SPI.o)
 .debug_aranges
                0x00000c18      0x110 C:\Data\Microchip\VRX\VRX_Diversity\VRX_Diversity\ArduinoCore\Debug\libArduinoCore.a(Wire.o)
 .debug_aranges
                0x00000d28       0x20 C:\Data\Microchip\VRX\VRX_Diversity\VRX_Diversity\ArduinoCore\Debug\libArduinoCore.a(abi.o)
 .debug_aranges
                0x00000d48       0x20 C:\Data\Microchip\VRX\VRX_Diversity\VRX_Diversity\ArduinoCore\Debug\libArduinoCore.a(hooks.o)
 .debug_aranges
                0x00000d68       0x98 C:\Data\Microchip\VRX\VRX_Diversity\VRX_Diversity\ArduinoCore\Debug\libArduinoCore.a(twi.o)
 .debug_aranges
                0x00000e00       0x20 C:/Program Files (x86)/Atmel/Studio/7.0/Packs/atmel/ATmega_DFP/1.7.374/gcc/dev/atmega328p/avr5\libatmega328p.a(eerd_byte.o)
 .debug_aranges
                0x00000e20       0x20 C:/Program Files (x86)/Atmel/Studio/7.0/Packs/atmel/ATmega_DFP/1.7.374/gcc/dev/atmega328p/avr5\libatmega328p.a(eewr_byte.o)

.debug_pubnames
 *(.debug_pubnames)

.debug_info     0x00000000    0x200fa
 *(.debug_info .gnu.linkonce.wi.*)
 .debug_info    0x00000000      0x5f4 C:/Program Files (x86)/Atmel/Studio/7.0/Packs/atmel/ATmega_DFP/1.7.374/gcc/dev/atmega328p/avr5/crtatmega328p.o
 .debug_info    0x000005f4      0x66a buttons.o
 .debug_info    0x00000c5e      0x395 channels.o
 .debug_info    0x00000ff3      0x162 pstr_helper.o
 .debug_info    0x00001155      0x7d2 receiver.o
 .debug_info    0x00001927      0x513 receiver_spi.o
 .debug_info    0x00001e3a      0xec1 settings_eeprom.o
 .debug_info    0x00002cfb      0xaef Sketch.o
 .debug_info    0x000037ea     0x11c3 state.o
 .debug_info    0x000049ad      0xebd state_bandscan.o
 .debug_info    0x0000586a      0xc62 state_menu.o
 .debug_info    0x000064cc      0xabd state_menu_ui.o
 .debug_info    0x00006f89      0xc9d state_screensaver.o
 .debug_info    0x00007c26     0x11b2 state_search.o
 .debug_info    0x00008dd8      0xe29 state_search_ui.o
 .debug_info    0x00009c01      0x9c7 state_settings.o
 .debug_info    0x0000a5c8     0x10ac state_settings_rssi.o
 .debug_info    0x0000b674      0x2f1 timer.o
 .debug_info    0x0000b965      0xc91 ui.o
 .debug_info    0x0000c5f6      0x71a ui_menu.o
 .debug_info    0x0000cd10      0x8d1 ui_state_menu.o
 .debug_info    0x0000d5e1      0x237 C:\Data\Microchip\VRX\VRX_Diversity\VRX_Diversity\ArduinoCore\Debug\libArduinoCore.a(main.o)
 .debug_info    0x0000d818      0x15f C:\Data\Microchip\VRX\VRX_Diversity\VRX_Diversity\ArduinoCore\Debug\libArduinoCore.a(new.o)
 .debug_info    0x0000d977     0x28ff C:\Data\Microchip\VRX\VRX_Diversity\VRX_Diversity\ArduinoCore\Debug\libArduinoCore.a(Print.o)
 .debug_info    0x00010276      0x2cb C:\Data\Microchip\VRX\VRX_Diversity\VRX_Diversity\ArduinoCore\Debug\libArduinoCore.a(wiring.o)
 .debug_info    0x00010541      0x26d C:\Data\Microchip\VRX\VRX_Diversity\VRX_Diversity\ArduinoCore\Debug\libArduinoCore.a(wiring_analog.o)
 .debug_info    0x000107ae      0x5fe C:\Data\Microchip\VRX\VRX_Diversity\VRX_Diversity\ArduinoCore\Debug\libArduinoCore.a(wiring_digital.o)
 .debug_info    0x00010dac      0x230 C:\Data\Microchip\VRX\VRX_Diversity\VRX_Diversity\ArduinoCore\Debug\libArduinoCore.a(WMath.o)
 .debug_info    0x00010fdc     0x89c6 C:\Data\Microchip\VRX\VRX_Diversity\VRX_Diversity\ArduinoCore\Debug\libArduinoCore.a(Adafruit_GFX.o)
 .debug_info    0x000199a2     0x2d19 C:\Data\Microchip\VRX\VRX_Diversity\VRX_Diversity\ArduinoCore\Debug\libArduinoCore.a(Adafruit_SSD1306.o)
 .debug_info    0x0001c6bb      0x66b C:\Data\Microchip\VRX\VRX_Diversity\VRX_Diversity\ArduinoCore\Debug\libArduinoCore.a(SPI.o)
 .debug_info    0x0001cd26     0x2910 C:\Data\Microchip\VRX\VRX_Diversity\VRX_Diversity\ArduinoCore\Debug\libArduinoCore.a(Wire.o)
 .debug_info    0x0001f636       0x76 C:\Data\Microchip\VRX\VRX_Diversity\VRX_Diversity\ArduinoCore\Debug\libArduinoCore.a(abi.o)
 .debug_info    0x0001f6ac       0x3e C:\Data\Microchip\VRX\VRX_Diversity\VRX_Diversity\ArduinoCore\Debug\libArduinoCore.a(hooks.o)
 .debug_info    0x0001f6ea      0x8dc C:\Data\Microchip\VRX\VRX_Diversity\VRX_Diversity\ArduinoCore\Debug\libArduinoCore.a(twi.o)
 .debug_info    0x0001ffc6       0x9a C:/Program Files (x86)/Atmel/Studio/7.0/Packs/atmel/ATmega_DFP/1.7.374/gcc/dev/atmega328p/avr5\libatmega328p.a(eerd_byte.o)
 .debug_info    0x00020060       0x9a C:/Program Files (x86)/Atmel/Studio/7.0/Packs/atmel/ATmega_DFP/1.7.374/gcc/dev/atmega328p/avr5\libatmega328p.a(eewr_byte.o)

.debug_abbrev   0x00000000     0x6b39
 *(.debug_abbrev)
 .debug_abbrev  0x00000000      0x5a2 C:/Program Files (x86)/Atmel/Studio/7.0/Packs/atmel/ATmega_DFP/1.7.374/gcc/dev/atmega328p/avr5/crtatmega328p.o
 .debug_abbrev  0x000005a2      0x28f buttons.o
 .debug_abbrev  0x00000831       0xf9 channels.o
 .debug_abbrev  0x0000092a       0xca pstr_helper.o
 .debug_abbrev  0x000009f4      0x324 receiver.o
 .debug_abbrev  0x00000d18      0x18e receiver_spi.o
 .debug_abbrev  0x00000ea6      0x2ed settings_eeprom.o
 .debug_abbrev  0x00001193      0x376 Sketch.o
 .debug_abbrev  0x00001509      0x4d6 state.o
 .debug_abbrev  0x000019df      0x43c state_bandscan.o
 .debug_abbrev  0x00001e1b      0x426 state_menu.o
 .debug_abbrev  0x00002241      0x39f state_menu_ui.o
 .debug_abbrev  0x000025e0      0x3f9 state_screensaver.o
 .debug_abbrev  0x000029d9      0x51a state_search.o
 .debug_abbrev  0x00002ef3      0x3dd state_search_ui.o
 .debug_abbrev  0x000032d0      0x3ab state_settings.o
 .debug_abbrev  0x0000367b      0x45d state_settings_rssi.o
 .debug_abbrev  0x00003ad8      0x185 timer.o
 .debug_abbrev  0x00003c5d      0x37c ui.o
 .debug_abbrev  0x00003fd9      0x2da ui_menu.o
 .debug_abbrev  0x000042b3      0x38a ui_state_menu.o
 .debug_abbrev  0x0000463d      0x12d C:\Data\Microchip\VRX\VRX_Diversity\VRX_Diversity\ArduinoCore\Debug\libArduinoCore.a(main.o)
 .debug_abbrev  0x0000476a      0x109 C:\Data\Microchip\VRX\VRX_Diversity\VRX_Diversity\ArduinoCore\Debug\libArduinoCore.a(new.o)
 .debug_abbrev  0x00004873      0x47a C:\Data\Microchip\VRX\VRX_Diversity\VRX_Diversity\ArduinoCore\Debug\libArduinoCore.a(Print.o)
 .debug_abbrev  0x00004ced      0x146 C:\Data\Microchip\VRX\VRX_Diversity\VRX_Diversity\ArduinoCore\Debug\libArduinoCore.a(wiring.o)
 .debug_abbrev  0x00004e33      0x16b C:\Data\Microchip\VRX\VRX_Diversity\VRX_Diversity\ArduinoCore\Debug\libArduinoCore.a(wiring_analog.o)
 .debug_abbrev  0x00004f9e      0x15b C:\Data\Microchip\VRX\VRX_Diversity\VRX_Diversity\ArduinoCore\Debug\libArduinoCore.a(wiring_digital.o)
 .debug_abbrev  0x000050f9      0x12b C:\Data\Microchip\VRX\VRX_Diversity\VRX_Diversity\ArduinoCore\Debug\libArduinoCore.a(WMath.o)
 .debug_abbrev  0x00005224      0x788 C:\Data\Microchip\VRX\VRX_Diversity\VRX_Diversity\ArduinoCore\Debug\libArduinoCore.a(Adafruit_GFX.o)
 .debug_abbrev  0x000059ac      0x5f6 C:\Data\Microchip\VRX\VRX_Diversity\VRX_Diversity\ArduinoCore\Debug\libArduinoCore.a(Adafruit_SSD1306.o)
 .debug_abbrev  0x00005fa2      0x283 C:\Data\Microchip\VRX\VRX_Diversity\VRX_Diversity\ArduinoCore\Debug\libArduinoCore.a(SPI.o)
 .debug_abbrev  0x00006225      0x563 C:\Data\Microchip\VRX\VRX_Diversity\VRX_Diversity\ArduinoCore\Debug\libArduinoCore.a(Wire.o)
 .debug_abbrev  0x00006788       0x6d C:\Data\Microchip\VRX\VRX_Diversity\VRX_Diversity\ArduinoCore\Debug\libArduinoCore.a(abi.o)
 .debug_abbrev  0x000067f5       0x2a C:\Data\Microchip\VRX\VRX_Diversity\VRX_Diversity\ArduinoCore\Debug\libArduinoCore.a(hooks.o)
 .debug_abbrev  0x0000681f      0x2f2 C:\Data\Microchip\VRX\VRX_Diversity\VRX_Diversity\ArduinoCore\Debug\libArduinoCore.a(twi.o)
 .debug_abbrev  0x00006b11       0x14 C:/Program Files (x86)/Atmel/Studio/7.0/Packs/atmel/ATmega_DFP/1.7.374/gcc/dev/atmega328p/avr5\libatmega328p.a(eerd_byte.o)
 .debug_abbrev  0x00006b25       0x14 C:/Program Files (x86)/Atmel/Studio/7.0/Packs/atmel/ATmega_DFP/1.7.374/gcc/dev/atmega328p/avr5\libatmega328p.a(eewr_byte.o)

.debug_line     0x00000000     0xa008
 *(.debug_line .debug_line.* .debug_line_end)
 .debug_line    0x00000000      0x134 C:/Program Files (x86)/Atmel/Studio/7.0/Packs/atmel/ATmega_DFP/1.7.374/gcc/dev/atmega328p/avr5/crtatmega328p.o
 .debug_line    0x00000134      0x356 buttons.o
 .debug_line    0x0000048a      0x15d channels.o
 .debug_line    0x000005e7       0xd2 pstr_helper.o
 .debug_line    0x000006b9      0x288 receiver.o
 .debug_line    0x00000941      0x223 receiver_spi.o
 .debug_line    0x00000b64      0x2ad settings_eeprom.o
 .debug_line    0x00000e11      0x39b Sketch.o
 .debug_line    0x000011ac      0x4db state.o
 .debug_line    0x00001687      0x433 state_bandscan.o
 .debug_line    0x00001aba      0x314 state_menu.o
 .debug_line    0x00001dce      0x33c state_menu_ui.o
 .debug_line    0x0000210a      0x3a2 state_screensaver.o
 .debug_line    0x000024ac      0x578 state_search.o
 .debug_line    0x00002a24      0x3ff state_search_ui.o
 .debug_line    0x00002e23      0x2f5 state_settings.o
 .debug_line    0x00003118      0x555 state_settings_rssi.o
 .debug_line    0x0000366d      0x1ae timer.o
 .debug_line    0x0000381b      0x4d5 ui.o
 .debug_line    0x00003cf0      0x2be ui_menu.o
 .debug_line    0x00003fae      0x3f8 ui_state_menu.o
 .debug_line    0x000043a6      0x165 C:\Data\Microchip\VRX\VRX_Diversity\VRX_Diversity\ArduinoCore\Debug\libArduinoCore.a(main.o)
 .debug_line    0x0000450b      0x145 C:\Data\Microchip\VRX\VRX_Diversity\VRX_Diversity\ArduinoCore\Debug\libArduinoCore.a(new.o)
 .debug_line    0x00004650      0x685 C:\Data\Microchip\VRX\VRX_Diversity\VRX_Diversity\ArduinoCore\Debug\libArduinoCore.a(Print.o)
 .debug_line    0x00004cd5      0x299 C:\Data\Microchip\VRX\VRX_Diversity\VRX_Diversity\ArduinoCore\Debug\libArduinoCore.a(wiring.o)
 .debug_line    0x00004f6e      0x20f C:\Data\Microchip\VRX\VRX_Diversity\VRX_Diversity\ArduinoCore\Debug\libArduinoCore.a(wiring_analog.o)
 .debug_line    0x0000517d      0x252 C:\Data\Microchip\VRX\VRX_Diversity\VRX_Diversity\ArduinoCore\Debug\libArduinoCore.a(wiring_digital.o)
 .debug_line    0x000053cf      0x143 C:\Data\Microchip\VRX\VRX_Diversity\VRX_Diversity\ArduinoCore\Debug\libArduinoCore.a(WMath.o)
 .debug_line    0x00005512     0x2665 C:\Data\Microchip\VRX\VRX_Diversity\VRX_Diversity\ArduinoCore\Debug\libArduinoCore.a(Adafruit_GFX.o)
 .debug_line    0x00007b77     0x12ba C:\Data\Microchip\VRX\VRX_Diversity\VRX_Diversity\ArduinoCore\Debug\libArduinoCore.a(Adafruit_SSD1306.o)
 .debug_line    0x00008e31      0x2e3 C:\Data\Microchip\VRX\VRX_Diversity\VRX_Diversity\ArduinoCore\Debug\libArduinoCore.a(SPI.o)
 .debug_line    0x00009114      0x637 C:\Data\Microchip\VRX\VRX_Diversity\VRX_Diversity\ArduinoCore\Debug\libArduinoCore.a(Wire.o)
 .debug_line    0x0000974b       0xa9 C:\Data\Microchip\VRX\VRX_Diversity\VRX_Diversity\ArduinoCore\Debug\libArduinoCore.a(abi.o)
 .debug_line    0x000097f4       0x41 C:\Data\Microchip\VRX\VRX_Diversity\VRX_Diversity\ArduinoCore\Debug\libArduinoCore.a(hooks.o)
 .debug_line    0x00009835      0x6bb C:\Data\Microchip\VRX\VRX_Diversity\VRX_Diversity\ArduinoCore\Debug\libArduinoCore.a(twi.o)
 .debug_line    0x00009ef0       0x7a C:/Program Files (x86)/Atmel/Studio/7.0/Packs/atmel/ATmega_DFP/1.7.374/gcc/dev/atmega328p/avr5\libatmega328p.a(eerd_byte.o)
 .debug_line    0x00009f6a       0x9e C:/Program Files (x86)/Atmel/Studio/7.0/Packs/atmel/ATmega_DFP/1.7.374/gcc/dev/atmega328p/avr5\libatmega328p.a(eewr_byte.o)

.debug_frame    0x00000000     0x32d4
 *(.debug_frame)
 .debug_frame   0x00000000       0xc0 buttons.o
 .debug_frame   0x000000c0       0x64 channels.o
 .debug_frame   0x00000124       0x24 pstr_helper.o
 .debug_frame   0x00000148       0xf0 receiver.o
 .debug_frame   0x00000238       0x8c receiver_spi.o
 .debug_frame   0x000002c4       0xc8 settings_eeprom.o
 .debug_frame   0x0000038c       0x70 Sketch.o
 .debug_frame   0x000003fc       0xd0 state.o
 .debug_frame   0x000004cc       0xb8 state_bandscan.o
 .debug_frame   0x00000584       0x90 state_menu.o
 .debug_frame   0x00000614       0xac state_menu_ui.o
 .debug_frame   0x000006c0       0xb0 state_screensaver.o
 .debug_frame   0x00000770      0x104 state_search.o
 .debug_frame   0x00000874       0xf0 state_search_ui.o
 .debug_frame   0x00000964       0x44 state_settings.o
 .debug_frame   0x000009a8       0x94 state_settings_rssi.o
 .debug_frame   0x00000a3c       0x70 timer.o
 .debug_frame   0x00000aac      0x1e8 ui.o
 .debug_frame   0x00000c94       0x7c ui_menu.o
 .debug_frame   0x00000d10       0x98 ui_state_menu.o
 .debug_frame   0x00000da8       0x54 C:\Data\Microchip\VRX\VRX_Diversity\VRX_Diversity\ArduinoCore\Debug\libArduinoCore.a(main.o)
 .debug_frame   0x00000dfc       0x64 C:\Data\Microchip\VRX\VRX_Diversity\VRX_Diversity\ArduinoCore\Debug\libArduinoCore.a(new.o)
 .debug_frame   0x00000e60      0x3ac C:\Data\Microchip\VRX\VRX_Diversity\VRX_Diversity\ArduinoCore\Debug\libArduinoCore.a(Print.o)
 .debug_frame   0x0000120c       0xc4 C:\Data\Microchip\VRX\VRX_Diversity\VRX_Diversity\ArduinoCore\Debug\libArduinoCore.a(wiring.o)
 .debug_frame   0x000012d0       0x54 C:\Data\Microchip\VRX\VRX_Diversity\VRX_Diversity\ArduinoCore\Debug\libArduinoCore.a(wiring_analog.o)
 .debug_frame   0x00001324       0x7c C:\Data\Microchip\VRX\VRX_Diversity\VRX_Diversity\ArduinoCore\Debug\libArduinoCore.a(wiring_digital.o)
 .debug_frame   0x000013a0       0xf4 C:\Data\Microchip\VRX\VRX_Diversity\VRX_Diversity\ArduinoCore\Debug\libArduinoCore.a(WMath.o)
 .debug_frame   0x00001494     0x143c C:\Data\Microchip\VRX\VRX_Diversity\VRX_Diversity\ArduinoCore\Debug\libArduinoCore.a(Adafruit_GFX.o)
 .debug_frame   0x000028d0      0x498 C:\Data\Microchip\VRX\VRX_Diversity\VRX_Diversity\ArduinoCore\Debug\libArduinoCore.a(Adafruit_SSD1306.o)
 .debug_frame   0x00002d68       0x5c C:\Data\Microchip\VRX\VRX_Diversity\VRX_Diversity\ArduinoCore\Debug\libArduinoCore.a(SPI.o)
 .debug_frame   0x00002dc4      0x2b0 C:\Data\Microchip\VRX\VRX_Diversity\VRX_Diversity\ArduinoCore\Debug\libArduinoCore.a(Wire.o)
 .debug_frame   0x00003074       0x34 C:\Data\Microchip\VRX\VRX_Diversity\VRX_Diversity\ArduinoCore\Debug\libArduinoCore.a(abi.o)
 .debug_frame   0x000030a8       0x24 C:\Data\Microchip\VRX\VRX_Diversity\VRX_Diversity\ArduinoCore\Debug\libArduinoCore.a(hooks.o)
 .debug_frame   0x000030cc      0x208 C:\Data\Microchip\VRX\VRX_Diversity\VRX_Diversity\ArduinoCore\Debug\libArduinoCore.a(twi.o)

.debug_str      0x00000000     0x6b17
 *(.debug_str)