Archive member included to satisfy reference by file (symbol)

C:\Data\Microchip\VRX\VRX_Diversity\VRX_Diversity\ArduinoCore\Release\libArduinoCore.a(main.o)
                              C:/Program Files (x86)/Atmel/Studio/7.0/Packs/atmel/ATmega_DFP/1.7.374/gcc/dev/atmega328p/avr5/crtatmega328p.o (main)
C:\Data\Microchip\VRX\VRX_Diversity\VRX_Diversity\ArduinoCore\Release\libArduinoCore.a(new.o)
                              state.o (_Znwj)
C:\Data\Microchip\VRX\VRX_Diversity\VRX_Diversity\ArduinoCore\Release\libArduinoCore.a(Print.o)
                              state_menu_ui.o (_ZN5Print5printEPKc)
C:\Data\Microchip\VRX\VRX_Diversity\VRX_Diversity\ArduinoCore\Release\libArduinoCore.a(wiring.o)
                              buttons.o (millis)
C:\Data\Microchip\VRX\VRX_Diversity\VRX_Diversity\ArduinoCore\Release\libArduinoCore.a(wiring_analog.o)
                              receiver.o (analogRead)
C:\Data\Microchip\VRX\VRX_Diversity\VRX_Diversity\ArduinoCore\Release\libArduinoCore.a(wiring_digital.o)
                              Sketch.o (pinMode)
C:\Data\Microchip\VRX\VRX_Diversity\VRX_Diversity\ArduinoCore\Release\libArduinoCore.a(WMath.o)
                              receiver.o (_Z3maplllll)
C:\Data\Microchip\VRX\VRX_Diversity\VRX_Diversity\ArduinoCore\Release\libArduinoCore.a(Adafruit_GFX.o)
                              state_bandscan.o (_ZN12Adafruit_GFX8fillRectEiiiij)
C:\Data\Microchip\VRX\VRX_Diversity\VRX_Diversity\ArduinoCore\Release\libArduinoCore.a(Adafruit_SSD1306.o)
                              ui.o (_ZN16Adafruit_SSD1306C1Ea)
C:\Data\Microchip\VRX\VRX_Diversity\VRX_Diversity\ArduinoCore\Release\libArduinoCore.a(SPI.o)
                              C:\Data\Microchip\VRX\VRX_Diversity\VRX_Diversity\ArduinoCore\Release\libArduinoCore.a(Adafruit_SSD1306.o) (_ZN8SPIClass5beginEv)
C:\Data\Microchip\VRX\VRX_Diversity\VRX_Diversity\ArduinoCore\Release\libArduinoCore.a(Wire.o)
                              C:\Data\Microchip\VRX\VRX_Diversity\VRX_Diversity\ArduinoCore\Release\libArduinoCore.a(Adafruit_SSD1306.o) (_ZN7TwoWire5beginEv)
C:\Data\Microchip\VRX\VRX_Diversity\VRX_Diversity\ArduinoCore\Release\libArduinoCore.a(abi.o)
                              C:\Data\Microchip\VRX\VRX_Diversity\VRX_Diversity\ArduinoCore\Release\libArduinoCore.a(Print.o) (__cxa_pure_virtual)
C:\Data\Microchip\VRX\VRX_Diversity\VRX_Diversity\ArduinoCore\Release\libArduinoCore.a(hooks.o)
                              C:\Data\Microchip\VRX\VRX_Diversity\VRX_Diversity\ArduinoCore\Release\libArduinoCore.a(wiring.o) (yield)
C:\Data\Microchip\VRX\VRX_Diversity\VRX_Diversity\ArduinoCore\Release\libArduinoCore.a(twi.o)
                              C:\Data\Microchip\VRX\VRX_Diversity\VRX_Diversity\ArduinoCore\Release\libArduinoCore.a(Wire.o) (twi_init)
c:/program files (x86)/atmel/studio/7.0/toolchain/avr8/avr8-gnu-toolchain/bin/../lib/gcc/avr/5.4.0/../../../../avr/lib/avr5\libm.a(addsf3.o)
                              C:\Data\Microchip\VRX\VRX_Diversity\VRX_Diversity\ArduinoCore\Release\libArduinoCore.a(Print.o) (__subsf3)
c:/program files (x86)/atmel/studio/7.0/toolchain/avr8/avr8-gnu-toolchain/bin/../lib/gcc/avr/5.4.0/../../../../avr/lib/avr5\libm.a(addsf3x.o)
                              c:/program files (x86)/atmel/studio/7.0/toolchain/avr8/avr8-gnu-toolchain/bin/../lib/gcc/avr/5.4.0/../../../../avr/lib/avr5\libm.a(addsf3.o) (__addsf3x)
c:/program files (x86)/atmel/studio/7.0/toolchain/avr8/avr8-gnu-toolchain/bin/../lib/gcc/avr/5.4.0/../../../../avr/lib/avr5\libm.a(cmpsf2.o)
                              C:\Data\Microchip\VRX\VRX_Diversity\VRX_Diversity\ArduinoCore\Release\libArduinoCore.a(Print.o) (__ltsf2)
c:/program files (x86)/atmel/studio/7.0/toolchain/avr8/avr8-gnu-toolchain/bin/../lib/gcc/avr/5.4.0/../../../../avr/lib/avr5\libm.a(divsf3.o)
                              C:\Data\Microchip\VRX\VRX_Diversity\VRX_Diversity\ArduinoCore\Release\libArduinoCore.a(Print.o) (__divsf3)
c:/program files (x86)/atmel/studio/7.0/toolchain/avr8/avr8-gnu-toolchain/bin/../lib/gcc/avr/5.4.0/../../../../avr/lib/avr5\libm.a(divsf3x.o)
                              c:/program files (x86)/atmel/studio/7.0/toolchain/avr8/avr8-gnu-toolchain/bin/../lib/gcc/avr/5.4.0/../../../../avr/lib/avr5\libm.a(divsf3.o) (__divsf3x)
c:/program files (x86)/atmel/studio/7.0/toolchain/avr8/avr8-gnu-toolchain/bin/../lib/gcc/avr/5.4.0/../../../../avr/lib/avr5\libm.a(fixunssfsi.o)
                              C:\Data\Microchip\VRX\VRX_Diversity\VRX_Diversity\ArduinoCore\Release\libArduinoCore.a(Print.o) (__fixunssfsi)
c:/program files (x86)/atmel/studio/7.0/toolchain/avr8/avr8-gnu-toolchain/bin/../lib/gcc/avr/5.4.0/../../../../avr/lib/avr5\libm.a(floatsisf.o)
                              C:\Data\Microchip\VRX\VRX_Diversity\VRX_Diversity\ArduinoCore\Release\libArduinoCore.a(Print.o) (__floatunsisf)
c:/program files (x86)/atmel/studio/7.0/toolchain/avr8/avr8-gnu-toolchain/bin/../lib/gcc/avr/5.4.0/../../../../avr/lib/avr5\libm.a(fp_cmp.o)
[...]
Memory Configuration

Name             Origin             Length             Attributes
text             0x00000000         0x00008000         xr
data             0x00800100         0x00000800         rw !x
eeprom           0x00810000         0x00000400         rw !x
fuse             0x00820000         0x00000003         rw !x
lock             0x00830000         0x00000400         rw !x
signature        0x00840000         0x00000400         rw !x
user_signatures  0x00850000         0x00000400         rw !x
*default*        0x00000000         0xffffffff

Linker script and memory map

Address of section .data set to 0x800100
LOAD C:/Program Files (x86)/Atmel/Studio/7.0/Packs/atmel/ATmega_DFP/1.7.374/gcc/dev/atmega328p/avr5/crtatmega328p.o
LOAD buttons.o
LOAD channels.o
LOAD pstr_helper.o
LOAD receiver.o
LOAD receiver_spi.o
LOAD settings_eeprom.o
LOAD Sketch.o
LOAD state.o
LOAD state_bandscan.o
LOAD state_menu.o
LOAD state_menu_ui.o
LOAD state_screensaver.o
LOAD state_search.o
LOAD state_search_ui.o
LOAD state_settings.o
LOAD state_settings_rssi.o
LOAD timer.o
LOAD ui.o
LOAD ui_menu.o
LOAD ui_state_menu.o
START GROUP
LOAD c:/program files (x86)/atmel/studio/7.0/toolchain/avr8/avr8-gnu-toolchain/bin/../lib/gcc/avr/5.4.0/../../../../avr/lib/avr5\libm.a
LOAD C:\Data\Microchip\VRX\VRX_Diversity\VRX_Diversity\ArduinoCore\Release\libArduinoCore.a
END GROUP
LOAD c:/program files (x86)/atmel/studio/7.0/toolchain/avr8/avr8-gnu-toolchain/bin/../lib/gcc/avr/5.4.0/avr5\libgcc.a
LOAD c:/program files (x86)/atmel/studio/7.0/toolchain/avr8/avr8-gnu-toolchain/bin/../lib/gcc/avr/5.4.0/../../../../avr/lib/avr5\libm.a
START GROUP
LOAD c:/program files (x86)/atmel/studio/7.0/toolchain/avr8/avr8-gnu-toolchain/bin/../lib/gcc/avr/5.4.0/avr5\libgcc.a
LOAD c:/program files (x86)/atmel/studio/7.0/toolchain/avr8/avr8-gnu-toolchain/bin/../lib/gcc/avr/5.4.0/../../../../avr/lib/avr5\libm.a
LOAD c:/program files (x86)/atmel/studio/7.0/toolchain/avr8/avr8-gnu-toolchain/bin/../lib/gcc/avr/5.4.0/../../../../avr/lib/avr5\libc.a
LOAD C:/Program Files (x86)/Atmel/Studio/7.0/Packs/atmel/ATmega_DFP/1.7.374/gcc/dev/atmega328p/avr5\libatmega328p.a
END GROUP
                0x00000000                __TEXT_REGION_ORIGIN__ = DEFINED (__TEXT_REGION_ORIGIN__)?__TEXT_REGION_ORIGIN__:0x0
                [0x00800100]                __DATA_REGION_ORIGIN__ = DEFINED (__DATA_REGION_ORIGIN__)?__DATA_REGION_ORIGIN__:0x800060
                [0x00008000]                __TEXT_REGION_LENGTH__ = DEFINED (__TEXT_REGION_LENGTH__)?__TEXT_REGION_LENGTH__:0x20000
                [0x00000800]                __DATA_REGION_LENGTH__ = DEFINED (__DATA_REGION_LENGTH__)?__DATA_REGION_LENGTH__:0xffa0
                [0x00000400]                __EEPROM_REGION_LENGTH__ = DEFINED (__EEPROM_REGION_LENGTH__)?__EEPROM_REGION_LENGTH__:0x10000
                [0x00000003]                __FUSE_REGION_LENGTH__ = DEFINED (__FUSE_REGION_LENGTH__)?__FUSE_REGION_LENGTH__:0x400
                0x00000400                __LOCK_REGION_LENGTH__ = DEFINED (__LOCK_REGION_LENGTH__)?__LOCK_REGION_LENGTH__:0x400
                0x00000400                __SIGNATURE_REGION_LENGTH__ = DEFINED (__SIGNATURE_REGION_LENGTH__)?__SIGNATURE_REGION_LENGTH__:0x400
                0x00000400                __USER_SIGNATURE_REGION_LENGTH__ = DEFINED (__USER_SIGNATURE_REGION_LENGTH__)?__USER_SIGNATURE_REGION_LENGTH__:0x400

.hash
 *(.hash)

.dynsym
 *(.dynsym)

.dynstr
 *(.dynstr)

.gnu.version
 *(.gnu.version)

.gnu.version_d
 *(.gnu.version_d)

.gnu.version_r
 *(.gnu.version_r)

.rel.init
 *(.rel.init)

.rela.init
 *(.rela.init)

.rel.text
 *(.rel.text)
 *(.rel.text.*)
 *(.rel.gnu.linkonce.t*)

.rela.text
 *(.rela.text)
 *(.rela.text.*)
 *(.rela.gnu.linkonce.t*)

.rel.fini
 *(.rel.fini)

.rela.fini
 *(.rela.fini)

.rel.rodata
 *(.rel.rodata)
 *(.rel.rodata.*)
 *(.rel.gnu.linkonce.r*)

.rela.rodata
 *(.rela.rodata)
 *(.rela.rodata.*)
 *(.rela.gnu.linkonce.r*)

.rel.data
 *(.rel.data)
 *(.rel.data.*)
 *(.rel.gnu.linkonce.d*)

.rela.data
 *(.rela.data)
 *(.rela.data.*)
 *(.rela.gnu.linkonce.d*)

.rel.ctors
 *(.rel.ctors)

.rela.ctors
 *(.rela.ctors)

.rel.dtors
 *(.rel.dtors)

.rela.dtors
 *(.rela.dtors)

.rel.got
 *(.rel.got)

.rela.got
 *(.rela.got)

.rel.bss
 *(.rel.bss)

.rela.bss
 *(.rela.bss)

.rel.plt
 *(.rel.plt)

.rela.plt
 *(.rela.plt)

.text           0x00000000     0x670a
 *(.vectors)
 .vectors       0x00000000       0x68 C:/Program Files (x86)/Atmel/Studio/7.0/Packs/atmel/ATmega_DFP/1.7.374/gcc/dev/atmega328p/avr5/crtatmega328p.o
                0x00000000                __vector_default
                0x00000000                __vectors
 *(.vectors)
 *(.progmem.gcc*)
                0x00000068                . = ALIGN (0x2)
                0x00000068                __trampolines_start = .
 *(.trampolines)
 .trampolines   0x00000068        0x0 linker stubs
 *(.trampolines*)
                0x00000068                __trampolines_end = .
 *libprintf_flt.a:*(.progmem.data)
 *libc.a:*(.progmem.data)
 *(.progmem*)
 .progmem.data._ZL26channelIndexToOrderedIndex
                0x00000068       0x28 channels.o
 .progmem.data._ZL23channelFreqOrderedIndex
                0x00000090       0x28 channels.o
 .progmem.data._ZL12channelNames
                0x000000b8       0x28 channels.o
 .progmem.data._ZL16channelFreqTable
                0x000000e0       0x50 channels.o
 .progmem.data._ZL12channelTable
                0x00000130       0x50 channels.o
 .progmem.data._ZL14EepromDefaults
                0x00000180       0x11 settings_eeprom.o
 .progmem.data._ZZN12StateMachine16MenuStateHandler7onEnterEvE3__c_1
                0x00000191        0x9 state_menu.o
 .progmem.data._ZZN12StateMachine16MenuStateHandler7onEnterEvE3__c_0
                0x0000019a        0xa state_menu.o
 .progmem.data._ZZN12StateMachine16MenuStateHandler7onEnterEvE3__c
                0x000001a4        0x7 state_menu.o
 .progmem.data._ZL12settingsIcon
                0x000001ab       0x80 state_menu.o
 .progmem.data._ZL12bandScanIcon
                0x0000022b       0x80 state_menu.o
 .progmem.data._ZL10searchIcon
                0x000002ab       0x80 state_menu.o
 .progmem.data._ZL4logo
                0x0000032b      0x400 state_screensaver.o
 .progmem.data._ZL13freqOrderIcon
                0x0000072b       0x20 state_search.o
 .progmem.data._ZL16channelOrderIcon
                0x0000074b       0x20 state_search.o
 .progmem.data._ZL10manualIcon
                0x0000076b       0x20 state_search.o
 .progmem.data._ZL8autoIcon
                0x0000078b       0x20 state_search.o
 .progmem.data._ZZN12StateMachine18SearchStateHandler13drawRssiGraphEvE3__c_0
                0x000007ab        0x2 state_search_ui.o
 .progmem.data._ZZN12StateMachine18SearchStateHandler13drawRssiGraphEvE3__c
                0x000007ad        0x2 state_search_ui.o
 .progmem.data._ZZN12StateMachine20SettingsStateHandler13onInitialDrawEvE3__c
                0x000007af       0x20 state_settings.o
 .progmem.data._ZZN12StateMachine24SettingsRssiStateHandler12onUpdateDrawEvE3__c_9
                0x000007cf       0x14 state_settings_rssi.o
 .progmem.data._ZZN12StateMachine24SettingsRssiStateHandler12onUpdateDrawEvE3__c_8
                0x000007e3        0x6 state_settings_rssi.o
 .progmem.data._ZZN12StateMachine24SettingsRssiStateHandler12onUpdateDrawEvE3__c_7
                0x000007e9        0x6 state_settings_rssi.o
 .progmem.data._ZZN12StateMachine24SettingsRssiStateHandler12onUpdateDrawEvE3__c_6
                0x000007ef        0xa state_settings_rssi.o
 .progmem.data._ZZN12StateMachine24SettingsRssiStateHandler12onUpdateDrawEvE3__c_5
                0x000007f9       0x21 state_settings_rssi.o
 .progmem.data._ZZN12StateMachine24SettingsRssiStateHandler12onUpdateDrawEvE3__c_4
                0x0000081a       0x17 state_settings_rssi.o
 .progmem.data._ZZN12StateMachine24SettingsRssiStateHandler12onUpdateDrawEvE3__c_3
                0x00000831       0x16 state_settings_rssi.o
 .progmem.data._ZZN12StateMachine24SettingsRssiStateHandler12onUpdateDrawEvE3__c_2
                0x00000847       0x20 state_settings_rssi.o
 .progmem.data._ZZN12StateMachine24SettingsRssiStateHandler12onUpdateDrawEvE3__c_1
                0x00000867       0x17 state_settings_rssi.o
 .progmem.data._ZZN12StateMachine24SettingsRssiStateHandler12onUpdateDrawEvE3__c_0
                0x0000087e       0x14 state_settings_rssi.o
 .progmem.data._ZZN12StateMachine24SettingsRssiStateHandler12onUpdateDrawEvE3__c
                0x00000892       0x17 state_settings_rssi.o
 .progmem.data.digital_pin_to_timer_PGM
                0x000008a9       0x14 C:\Data\Microchip\VRX\VRX_Diversity\VRX_Diversity\ArduinoCore\Release\libArduinoCore.a(wiring_digital.o)
                0x000008a9                digital_pin_to_timer_PGM
 .progmem.data.digital_pin_to_bit_mask_PGM
                0x000008bd       0x14 C:\Data\Microchip\VRX\VRX_Diversity\VRX_Diversity\ArduinoCore\Release\libArduinoCore.a(wiring_digital.o)
                0x000008bd                digital_pin_to_bit_mask_PGM
 .progmem.data.digital_pin_to_port_PGM
                0x000008d1       0x14 C:\Data\Microchip\VRX\VRX_Diversity\VRX_Diversity\ArduinoCore\Release\libArduinoCore.a(wiring_digital.o)
                0x000008d1                digital_pin_to_port_PGM
 .progmem.data.port_to_input_PGM
                0x000008e5        0xa C:\Data\Microchip\VRX\VRX_Diversity\VRX_Diversity\ArduinoCore\Release\libArduinoCore.a(wiring_digital.o)
                0x000008e5                port_to_input_PGM
 .progmem.data.port_to_output_PGM
                0x000008ef        0xa C:\Data\Microchip\VRX\VRX_Diversity\VRX_Diversity\ArduinoCore\Release\libArduinoCore.a(wiring_digital.o)
                0x000008ef                port_to_output_PGM
 .progmem.data.port_to_mode_PGM
                0x000008f9        0xa C:\Data\Microchip\VRX\VRX_Diversity\VRX_Diversity\ArduinoCore\Release\libArduinoCore.a(wiring_digital.o)
                0x000008f9                port_to_mode_PGM
 .progmem.data._ZL4font
                0x00000903      0x500 C:\Data\Microchip\VRX\VRX_Diversity\VRX_Diversity\ArduinoCore\Release\libArduinoCore.a(Adafruit_GFX.o)
 .progmem.data._ZZN16Adafruit_SSD13067displayEvE6dlist1
                0x00000e03        0x5 C:\Data\Microchip\VRX\VRX_Diversity\VRX_Diversity\ArduinoCore\Release\libArduinoCore.a(Adafruit_SSD1306.o)
 .progmem.data._ZZN16Adafruit_SSD130621drawFastVLineInternalEiiijE8postmask
                0x00000e08        0x8 C:\Data\Microchip\VRX\VRX_Diversity\VRX_Diversity\ArduinoCore\Release\libArduinoCore.a(Adafruit_SSD1306.o)
 .progmem.data._ZZN16Adafruit_SSD130621drawFastVLineInternalEiiijE7premask
                0x00000e10        0x8 C:\Data\Microchip\VRX\VRX_Diversity\VRX_Diversity\ArduinoCore\Release\libArduinoCore.a(Adafruit_SSD1306.o)
 .progmem.data._ZZN16Adafruit_SSD13065beginEhhbbE5init5
                0x00000e18        0x6 C:\Data\Microchip\VRX\VRX_Diversity\VRX_Diversity\ArduinoCore\Release\libArduinoCore.a(Adafruit_SSD1306.o)
 .progmem.data._ZZN16Adafruit_SSD13065beginEhhbbE5init3
                0x00000e1e        0x4 C:\Data\Microchip\VRX\VRX_Diversity\VRX_Diversity\ArduinoCore\Release\libArduinoCore.a(Adafruit_SSD1306.o)
 .progmem.data._ZZN16Adafruit_SSD13065beginEhhbbE5init2
                0x00000e22        0x4 C:\Data\Microchip\VRX\VRX_Diversity\VRX_Diversity\ArduinoCore\Release\libArduinoCore.a(Adafruit_SSD1306.o)
 .progmem.data._ZZN16Adafruit_SSD13065beginEhhbbE5init1
                0x00000e26        0x4 C:\Data\Microchip\VRX\VRX_Diversity\VRX_Diversity\ArduinoCore\Release\libArduinoCore.a(Adafruit_SSD1306.o)
 .progmem.data._ZL12splash2_data
                0x00000e2a      0x1e0 C:\Data\Microchip\VRX\VRX_Diversity\VRX_Diversity\ArduinoCore\Release\libArduinoCore.a(Adafruit_SSD1306.o)
 .progmem.data._ZL12splash1_data
                0x0000100a      0x2c0 C:\Data\Microchip\VRX\VRX_Diversity\VRX_Diversity\ArduinoCore\Release\libArduinoCore.a(Adafruit_SSD1306.o)
                0x000012ca                . = ALIGN (0x2)
 *(.jumptables)
 *(.jumptables*)
 *(.lowtext)
 *(.lowtext*)
                0x000012ca                __ctors_start = .
 *(.ctors)
 .ctors         0x000012ca        0x2 receiver.o
 .ctors         0x000012cc        0x2 settings_eeprom.o
 .ctors         0x000012ce        0x2 state.o
 .ctors         0x000012d0        0x2 ui.o
 .ctors         0x000012d2        0x2 C:\Data\Microchip\VRX\VRX_Diversity\VRX_Diversity\ArduinoCore\Release\libArduinoCore.a(Wire.o)
                0x000012d4                __ctors_end = .
                0x000012d4                __dtors_start = .
 *(.dtors)
 .dtors         0x000012d4        0x2 ui.o
                0x000012d6                __dtors_end = .
 SORT(*)(.ctors)
 SORT(*)(.dtors)
 *(.init0)
 .init0         0x000012d6        0x0 C:/Program Files (x86)/Atmel/Studio/7.0/Packs/atmel/ATmega_DFP/1.7.374/gcc/dev/atmega328p/avr5/crtatmega328p.o
                0x000012d6                __init
 *(.init0)
 *(.init1)
 *(.init1)
 *(.init2)
 .init2         0x000012d6        0xc C:/Program Files (x86)/Atmel/Studio/7.0/Packs/atmel/ATmega_DFP/1.7.374/gcc/dev/atmega328p/avr5/crtatmega328p.o
 *(.init2)
 *(.init3)
 *(.init3)
 *(.init4)
 .init4         0x000012e2       0x16 c:/program files (x86)/atmel/studio/7.0/toolchain/avr8/avr8-gnu-toolchain/bin/../lib/gcc/avr/5.4.0/avr5\libgcc.a(_copy_data.o)
                0x000012e2                __do_copy_data
 .init4         0x000012f8       0x10 c:/program files (x86)/atmel/studio/7.0/toolchain/avr8/avr8-gnu-toolchain/bin/../lib/gcc/avr/5.4.0/avr5\libgcc.a(_clear_bss.o)
                0x000012f8                __do_clear_bss
 *(.init4)
 *(.init5)
 *(.init5)
 *(.init6)
 .init6         0x00001308       0x16 c:/program files (x86)/atmel/studio/7.0/toolchain/avr8/avr8-gnu-toolchain/bin/../lib/gcc/avr/5.4.0/avr5\libgcc.a(_ctors.o)
                0x00001308                __do_global_ctors
 *(.init6)
 *(.init7)
 *(.init7)
 *(.init8)
 *(.init8)
 *(.init9)
 .init9         0x0000131e        0x8 C:/Program Files (x86)/Atmel/Studio/7.0/Packs/atmel/ATmega_DFP/1.7.374/gcc/dev/atmega328p/avr5/crtatmega328p.o
 *(.init9)
 *(.text)
 .text          0x00001326        0x4 C:/Program Files (x86)/Atmel/Studio/7.0/Packs/atmel/ATmega_DFP/1.7.374/gcc/dev/atmega328p/avr5/crtatmega328p.o
                0x00001326                __vector_22
                0x00001326                __vector_1
                0x00001326                __vector_12
                0x00001326                __bad_interrupt
                0x00001326                __vector_6
                0x00001326                __vector_3
                0x00001326                __vector_23
                0x00001326                __vector_25
                0x00001326                __vector_11
                0x00001326                __vector_13
                0x00001326                __vector_17
                0x00001326                __vector_19
                0x00001326                __vector_7
                0x00001326                __vector_5
                0x00001326                __vector_4
                0x00001326                __vector_9
                0x00001326                __vector_2
                0x00001326                __vector_21
                0x00001326                __vector_15
                0x00001326                __vector_8
                0x00001326                __vector_14
                0x00001326                __vector_10
                0x00001326                __vector_18
                0x00001326                __vector_20
                0x0000132a                . = ALIGN (0x2)
 *(.text.*)
 .text._ZN7ButtonsL14runChangeFuncsE6ButtonNS_9PressTypeE
                0x0000132a       0x30 buttons.o
 .text._ZN7ButtonsL12updateButtonE6ButtonRNS_11ButtonStateEh
                0x0000135a      0x144 buttons.o
 .text._ZN7Buttons6updateEv
                0x0000149e       0x30 buttons.o
                0x0000149e                _ZN7Buttons6updateEv
 .text._ZN7Buttons18registerChangeFuncEPFv6ButtonNS_9PressTypeEE
                0x000014ce       0x2c buttons.o
                0x000014ce                _ZN7Buttons18registerChangeFuncEPFv6ButtonNS_9PressTypeEE
 .text._ZN8Channels17getSynthRegisterBEh
                0x000014fa       0x12 channels.o
                0x000014fa                _ZN8Channels17getSynthRegisterBEh
 .text._ZN8Channels12getFrequencyEh
                0x0000150c       0x12 channels.o
                0x0000150c                _ZN8Channels12getFrequencyEh
 .text._ZN8Channels7getNameEh
                0x0000151e       0x2e channels.o
                0x0000151e                _ZN8Channels7getNameEh
 .text._ZN8Channels15getOrderedIndexEh
                0x0000154c        0xc channels.o
                0x0000154c                _ZN8Channels15getOrderedIndexEh
 .text._ZN8Channels24getOrderedIndexFromIndexEh
                0x00001558        0xc channels.o
                0x00001558                _ZN8Channels24getOrderedIndexFromIndexEh
 .text._Z14PSTRtoBuffer_PPKc
                0x00001564       0x32 pstr_helper.o
                0x00001564                _Z14PSTRtoBuffer_PPKc
 .text._ZN8Receiver10setChannelEh
                0x00001596       0x1c receiver.o
                0x00001596                _ZN8Receiver10setChannelEh
 .text._ZN8Receiver17setActiveReceiverENS_10ReceiverIdE
                0x000015b2       0x4c receiver.o
                0x000015b2                _ZN8Receiver17setActiveReceiverENS_10ReceiverIdE
 .text._ZN8Receiver12isRssiStableEv
                0x000015fe        0x8 receiver.o
                0x000015fe                _ZN8Receiver12isRssiStableEv
 .text._ZN8Receiver10updateRssiEv
                0x00001606      0x222 receiver.o
                0x00001606                _ZN8Receiver10updateRssiEv
 .text._ZN8Receiver15switchDiversityEv
                0x00001828       0x7e receiver.o
                0x00001828                _ZN8Receiver15switchDiversityEv
 .text._ZN8Receiver5setupEv
                0x000018a6        0x2 receiver.o
                0x000018a6                _ZN8Receiver5setupEv
 .text._ZN8Receiver6updateEv
                0x000018a8       0x16 receiver.o
                0x000018a8                _ZN8Receiver6updateEv
 .text.startup._GLOBAL__sub_I__ZN8Receiver14activeReceiverE
                0x000018be       0x2c receiver.o
 .text._ZL7sendBith
                0x000018ea       0x46 receiver_spi.o
 .text._ZL12sendRegisterhm
                0x00001930       0x92 receiver_spi.o
 .text._ZN11ReceiverSpi17setSynthRegisterBEj
                0x000019c2        0xc receiver_spi.o
                0x000019c2                _ZN11ReceiverSpi17setSynthRegisterBEj
 .text._ZN14EepromSettings4saveEv
                0x000019ce       0x3c settings_eeprom.o
                0x000019ce                _ZN14EepromSettings4saveEv
 .text._ZN14EepromSettings6updateEv
                0x00001a0a       0x36 settings_eeprom.o
                0x00001a0a                _ZN14EepromSettings6updateEv
 .text._ZN14EepromSettings9markDirtyEv
                0x00001a40        0x8 settings_eeprom.o
                0x00001a40                _ZN14EepromSettings9markDirtyEv
 .text._ZN14EepromSettings12initDefaultsEv
                0x00001a48       0x1c settings_eeprom.o
                0x00001a48                _ZN14EepromSettings12initDefaultsEv
 .text._ZN14EepromSettings4loadEv
                0x00001a64       0x5a settings_eeprom.o
                0x00001a64                _ZN14EepromSettings4loadEv
 .text.startup._GLOBAL__sub_I_EepromSettings
                0x00001abe        0xc settings_eeprom.o
 .text._ZL23globalMenuButtonHandler6ButtonN7Buttons9PressTypeE
                0x00001aca       0x18 Sketch.o
 .text._Z9setupPinsv
                0x00001ae2       0x8c Sketch.o
                0x00001ae2                _Z9setupPinsv
 .text._Z13setupSettingsv
                0x00001b6e       0x12 Sketch.o
                0x00001b6e                _Z13setupSettingsv
 .text.setup    0x00001b80       0x48 Sketch.o
                0x00001b80                setup
 .text.loop     0x00001bc8       0x60 Sketch.o
                0x00001bc8                loop
 .text._ZN12StateMachine12StateHandler8onUpdateEv
                0x00001c28        0x2 state.o
                0x00001c28                _ZN12StateMachine12StateHandler8onUpdateEv
 .text._ZN12StateMachine12StateHandler6onExitEv
                0x00001c2a        0x2 state.o
                0x00001c2a                _ZN12StateMachine12StateHandler6onExitEv
 .text._ZN12StateMachine12StateHandler14onButtonChangeE6ButtonN7Buttons9PressTypeE
                0x00001c2c        0x2 state.o
                0x00001c2c                _ZN12StateMachine12StateHandler14onButtonChangeE6ButtonN7Buttons9PressTypeE
 .text._ZN12StateMachineL14onButtonChangeE6ButtonN7Buttons9PressTypeE
                0x00001c2e       0x22 state.o
 .text._ZN12StateMachine5setupEv
                0x00001c50        0x8 state.o
                0x00001c50                _ZN12StateMachine5setupEv
 .text._ZN12StateMachine6updateEv
                0x00001c58       0x9e state.o
                0x00001c58                _ZN12StateMachine6updateEv
 .text._ZN12StateMachine11switchStateENS_5StateE
                0x00001cf6      0x1a4 state.o
                0x00001cf6                _ZN12StateMachine11switchStateENS_5StateE
 .text.startup._GLOBAL__sub_I__ZN12StateMachine12currentStateE
                0x00001e9a        0xa state.o
 .text._ZN12StateMachine20BandScanStateHandler7onEnterEv
                0x00001ea4        0xc state_bandscan.o
                0x00001ea4                _ZN12StateMachine20BandScanStateHandler7onEnterEv
 .text._ZN12StateMachine20BandScanStateHandler6onExitEv
                0x00001eb0        0x8 state_bandscan.o
                0x00001eb0                _ZN12StateMachine20BandScanStateHandler6onExitEv
 .text._ZN12StateMachine20BandScanStateHandler8onUpdateEv
                0x00001eb8       0x4e state_bandscan.o
                0x00001eb8                _ZN12StateMachine20BandScanStateHandler8onUpdateEv
 .text._ZN12StateMachine20BandScanStateHandler13onInitialDrawEv
                0x00001f06       0xf2 state_bandscan.o
                0x00001f06                _ZN12StateMachine20BandScanStateHandler13onInitialDrawEv
 .text._ZN12StateMachine20BandScanStateHandler12onUpdateDrawEv
                0x00001ff8       0x96 state_bandscan.o
                0x00001ff8                _ZN12StateMachine20BandScanStateHandler12onUpdateDrawEv
 .text._ZN12StateMachine16MenuStateHandler7onEnterEv
                0x0000208e       0x48 state_menu.o
                0x0000208e                _ZN12StateMachine16MenuStateHandler7onEnterEv
 .text._ZL19settingsMenuHandlerv
                0x000020d6        0x6 state_menu.o
 .text._ZL22bandScannerMenuHandlerv
                0x000020dc        0x6 state_menu.o
 .text._ZL17searchMenuHandlerv
                0x000020e2        0x6 state_menu.o
 .text._ZN12StateMachine16MenuStateHandler14onButtonChangeE6ButtonN7Buttons9PressTypeE
                0x000020e8       0x2a state_menu.o
                0x000020e8                _ZN12StateMachine16MenuStateHandler14onButtonChangeE6ButtonN7Buttons9PressTypeE
 .text._ZN12StateMachine16MenuStateHandler13drawMenuEntryEv
                0x00002112       0xd0 state_menu_ui.o
                0x00002112                _ZN12StateMachine16MenuStateHandler13drawMenuEntryEv
 .text._ZN12StateMachine16MenuStateHandler13onInitialDrawEv
                0x000021e2       0x80 state_menu_ui.o
                0x000021e2                _ZN12StateMachine16MenuStateHandler13onInitialDrawEv
 .text._ZN12StateMachine16MenuStateHandler12onUpdateDrawEv
                0x00002262       0x28 state_menu_ui.o
                0x00002262                _ZN12StateMachine16MenuStateHandler12onUpdateDrawEv
 .text._ZN12StateMachine23ScreensaverStateHandler7onEnterEv
                0x0000228a        0x8 state_screensaver.o
                0x0000228a                _ZN12StateMachine23ScreensaverStateHandler7onEnterEv
 .text._ZN12StateMachine23ScreensaverStateHandler12onUpdateDrawEv
                0x00002292        0xe state_screensaver.o
                0x00002292                _ZN12StateMachine23ScreensaverStateHandler12onUpdateDrawEv
 .text._ZN12StateMachine23ScreensaverStateHandler8onUpdateEv
                0x000022a0       0x3e state_screensaver.o
                0x000022a0                _ZN12StateMachine23ScreensaverStateHandler8onUpdateEv
 .text._ZN12StateMachine23ScreensaverStateHandler14onButtonChangeE6ButtonN7Buttons9PressTypeE
                0x000022de        0x8 state_screensaver.o
                0x000022de                _ZN12StateMachine23ScreensaverStateHandler14onButtonChangeE6ButtonN7Buttons9PressTypeE
 .text._ZN12StateMachine23ScreensaverStateHandler13onInitialDrawEv
                0x000022e6       0xd6 state_screensaver.o
                0x000022e6                _ZN12StateMachine23ScreensaverStateHandler13onInitialDrawEv
 .text._ZL12menuModeIconPv
                0x000023bc       0x14 state_search.o
 .text._ZL13menuOrderIconPv
                0x000023d0       0x1c state_search.o
 .text._ZL16menuOrderHandlerPv
                0x000023ec       0x3c state_search.o
 .text._ZL15menuModeHandlerPv
                0x00002428       0x16 state_search.o
 .text._ZN12StateMachine18SearchStateHandler7onEnterEv
                0x0000243e       0x66 state_search.o
                0x0000243e                _ZN12StateMachine18SearchStateHandler7onEnterEv
 .text._ZN12StateMachine18SearchStateHandler12onUpdateAutoEv
                0x000024a4       0xd0 state_search.o
                0x000024a4                _ZN12StateMachine18SearchStateHandler12onUpdateAutoEv
 .text._ZN12StateMachine18SearchStateHandler8onUpdateEv
                0x00002574       0x10 state_search.o
                0x00002574                _ZN12StateMachine18SearchStateHandler8onUpdateEv
 .text._ZN12StateMachine18SearchStateHandler10setChannelEv
                0x00002584       0x2a state_search.o
                0x00002584                _ZN12StateMachine18SearchStateHandler10setChannelEv
 .text._ZN12StateMachine18SearchStateHandler14onButtonChangeE6ButtonN7Buttons9PressTypeE
                0x000025ae       0x7a state_search.o
                0x000025ae                _ZN12StateMachine18SearchStateHandler14onButtonChangeE6ButtonN7Buttons9PressTypeE
 .text._ZN12StateMachine18SearchStateHandler11drawBordersEv
                0x00002628       0x50 state_search_ui.o
                0x00002628                _ZN12StateMachine18SearchStateHandler11drawBordersEv
 .text._ZN12StateMachine18SearchStateHandler15drawChannelTextEv
                0x00002678       0x34 state_search_ui.o
                0x00002678                _ZN12StateMachine18SearchStateHandler15drawChannelTextEv
 .text._ZN12StateMachine18SearchStateHandler17drawFrequencyTextEv
                0x000026ac       0x40 state_search_ui.o
                0x000026ac                _ZN12StateMachine18SearchStateHandler17drawFrequencyTextEv
 .text._ZN12StateMachine18SearchStateHandler13drawRssiGraphEv
                0x000026ec       0xaa state_search_ui.o
                0x000026ec                _ZN12StateMachine18SearchStateHandler13drawRssiGraphEv
 .text._ZN12StateMachine18SearchStateHandler11drawScanBarEv
                0x00002796       0x44 state_search_ui.o
                0x00002796                _ZN12StateMachine18SearchStateHandler11drawScanBarEv
 .text._ZN12StateMachine18SearchStateHandler13onInitialDrawEv
                0x000027da       0x30 state_search_ui.o
                0x000027da                _ZN12StateMachine18SearchStateHandler13onInitialDrawEv
 .text._ZN12StateMachine18SearchStateHandler12onUpdateDrawEv
                0x0000280a       0x6a state_search_ui.o
                0x0000280a                _ZN12StateMachine18SearchStateHandler12onUpdateDrawEv
 .text._ZN12StateMachine20SettingsStateHandler12onUpdateDrawEv
                0x00002874        0x2 state_settings.o
                0x00002874                _ZN12StateMachine20SettingsStateHandler8onUpdateEv
                0x00002874                _ZN12StateMachine20SettingsStateHandler7onEnterEv
                0x00002874                _ZN12StateMachine20SettingsStateHandler6onExitEv
                0x00002874                _ZN12StateMachine20SettingsStateHandler12onUpdateDrawEv
 .text._ZN12StateMachine20SettingsStateHandler14onButtonChangeE6ButtonN7Buttons9PressTypeE
                0x00002876        0xc state_settings.o
                0x00002876                _ZN12StateMachine20SettingsStateHandler14onButtonChangeE6ButtonN7Buttons9PressTypeE
 .text._ZN12StateMachine20SettingsStateHandler13onInitialDrawEv
                0x00002882       0x30 state_settings.o
                0x00002882                _ZN12StateMachine20SettingsStateHandler13onInitialDrawEv
 .text._ZN12StateMachine24SettingsRssiStateHandler7onEnterEv
                0x000028b2        0x6 state_settings_rssi.o
                0x000028b2                _ZN12StateMachine24SettingsRssiStateHandler7onEnterEv
 .text._ZN12StateMachine24SettingsRssiStateHandler13onInitialDrawEv
                0x000028b8        0x4 state_settings_rssi.o
                0x000028b8                _ZN12StateMachine24SettingsRssiStateHandler13onInitialDrawEv
 .text._ZN12StateMachine24SettingsRssiStateHandler12onUpdateDrawEv
                0x000028bc      0x26e state_settings_rssi.o
                0x000028bc                _ZN12StateMachine24SettingsRssiStateHandler12onUpdateDrawEv
 .text._ZN12StateMachine24SettingsRssiStateHandler14onButtonChangeE6ButtonN7Buttons9PressTypeE
                0x00002b2a       0x6c state_settings_rssi.o
                0x00002b2a                _ZN12StateMachine24SettingsRssiStateHandler14onButtonChangeE6ButtonN7Buttons9PressTypeE
 .text._ZN12StateMachine24SettingsRssiStateHandler8onUpdateEv
                0x00002b96       0xdc state_settings_rssi.o
                0x00002b96                _ZN12StateMachine24SettingsRssiStateHandler8onUpdateEv
 .text._ZN5TimerC2Ej
                0x00002c72       0x2e timer.o
                0x00002c72                _ZN5TimerC1Ej
                0x00002c72                _ZN5TimerC2Ej
 .text._ZN5Timer9hasTickedEv
                0x00002ca0       0x3e timer.o
                0x00002ca0                _ZN5Timer9hasTickedEv
 .text._ZN5Timer5resetEv
                0x00002cde       0x2a timer.o
                0x00002cde                _ZN5Timer5resetEv
 .text._ZN2Ui5setupEv
                0x00002d08       0x4a ui.o
                0x00002d08                _ZN2Ui5setupEv
 .text._ZN2Ui6updateEv
                0x00002d52       0x16 ui.o
                0x00002d52                _ZN2Ui6updateEv
 .text._ZN2Ui5clearEv
                0x00002d68        0x8 ui.o
                0x00002d68                _ZN2Ui5clearEv
 .text._ZN2Ui10needUpdateEv
                0x00002d70        0x8 ui.o
                0x00002d70                _ZN2Ui10needUpdateEv
 .text._ZN2Ui11needDisplayEv
                0x00002d78        0x8 ui.o
                0x00002d78                _ZN2Ui11needDisplayEv
 .text._ZN2Ui14needFullRedrawEv
                0x00002d80        0x8 ui.o
                0x00002d80                _ZN2Ui14needFullRedrawEv
 .text.startup._GLOBAL__sub_I__ZN2Ui7displayE
                0x00002d88        0xa ui.o
 .text.exit._GLOBAL__sub_D__ZN2Ui7displayE
                0x00002d92        0x8 ui.o
 .text._ZN2Ui15drawDashedHLineEiiii
                0x00002d9a       0x78 ui.o
                0x00002d9a                _ZN2Ui15drawDashedHLineEiiii
 .text._ZN2Ui15drawDashedVLineEiiii
                0x00002e12       0x78 ui.o
                0x00002e12                _ZN2Ui15drawDashedVLineEiiii
 .text._ZN2Ui9clearRectEiiii
                0x00002e8a       0x26 ui.o
                0x00002e8a                _ZN2Ui9clearRectEiiii
 .text._ZN2Ui9drawGraphEPKhhhhhhh
                0x00002eb0      0x14c ui.o
                0x00002eb0                _ZN2Ui9drawGraphEPKhhhhhhh
 .text._ZN2Ui10MenuHelper5resetEv
                0x00002ffc        0xc ui_menu.o
                0x00002ffc                _ZN2Ui10MenuHelper5resetEv
 .text._ZN2Ui10MenuHelper7addItemEPKcPKhPFvvE
                0x00003008       0x30 ui_menu.o
                0x00003008                _ZN2Ui10MenuHelper7addItemEPKcPKhPFvvE
 .text._ZN2Ui10MenuHelper14selectNextItemEv
                0x00003038       0x1c ui_menu.o
                0x00003038                _ZN2Ui10MenuHelper14selectNextItemEv
 .text._ZN2Ui10MenuHelper18selectPreviousItemEv
                0x00003054       0x1c ui_menu.o
                0x00003054                _ZN2Ui10MenuHelper18selectPreviousItemEv
 .text._ZN2Ui10MenuHelper12activateItemEv
                0x00003070       0x1e ui_menu.o
                0x00003070                _ZN2Ui10MenuHelper12activateItemEv
 .text._ZN2Ui10MenuHelper14getCurrentItemEv
                0x0000308e       0x18 ui_menu.o
                0x0000308e                _ZN2Ui10MenuHelper14getCurrentItemEv
 .text._ZN2Ui15StateMenuHelper7addItemEPFPKhPvEPFvS3_E
                0x000030a6       0x28 ui_state_menu.o
                0x000030a6                _ZN2Ui15StateMenuHelper7addItemEPFPKhPvEPFvS3_E
 .text._ZN2Ui15StateMenuHelper13handleButtonsE6ButtonN7Buttons9PressTypeE
                0x000030ce       0x98 ui_state_menu.o
                0x000030ce                _ZN2Ui15StateMenuHelper13handleButtonsE6ButtonN7Buttons9PressTypeE
 .text._ZN2Ui15StateMenuHelper4drawEv
                0x00003166      0x156 ui_state_menu.o
                0x00003166                _ZN2Ui15StateMenuHelper4drawEv
 .text.initVariant
                0x000032bc        0x2 C:\Data\Microchip\VRX\VRX_Diversity\VRX_Diversity\ArduinoCore\Release\libArduinoCore.a(main.o)
                0x000032bc                initVariant
 .text.startup.main
                0x000032be       0x1e C:\Data\Microchip\VRX\VRX_Diversity\VRX_Diversity\ArduinoCore\Release\libArduinoCore.a(main.o)
                0x000032be                main
 .text._Znwj    0x000032dc        0x4 C:\Data\Microchip\VRX\VRX_Diversity\VRX_Diversity\ArduinoCore\Release\libArduinoCore.a(new.o)
                0x000032dc                _Znwj
 .text._ZN5Print17availableForWriteEv
                0x000032e0        0x6 C:\Data\Microchip\VRX\VRX_Diversity\VRX_Diversity\ArduinoCore\Release\libArduinoCore.a(Print.o)
                0x000032e0                _ZN5Print17availableForWriteEv
 .text._ZN5Print5flushEv
                0x000032e6        0x2 C:\Data\Microchip\VRX\VRX_Diversity\VRX_Diversity\ArduinoCore\Release\libArduinoCore.a(Print.o)
                0x000032e6                _ZN5Print5flushEv
 .text._ZN5Print5writeEPKhj
                0x000032e8       0x54 C:\Data\Microchip\VRX\VRX_Diversity\VRX_Diversity\ArduinoCore\Release\libArduinoCore.a(Print.o)
                0x000032e8                _ZN5Print5writeEPKhj
 .text._ZN5Print5writeEPKc
                0x0000333c       0x2a C:\Data\Microchip\VRX\VRX_Diversity\VRX_Diversity\ArduinoCore\Release\libArduinoCore.a(Print.o)
                0x0000333c                _ZN5Print5writeEPKc
 .text._ZN5Print5printEPKc
                0x00003366        0x4 C:\Data\Microchip\VRX\VRX_Diversity\VRX_Diversity\ArduinoCore\Release\libArduinoCore.a(Print.o)
                0x00003366                _ZN5Print5printEPKc
 .text._ZN5Print11printNumberEmh
                0x0000336a       0x92 C:\Data\Microchip\VRX\VRX_Diversity\VRX_Diversity\ArduinoCore\Release\libArduinoCore.a(Print.o)
                0x0000336a                _ZN5Print11printNumberEmh
 .text._ZN5Print5printEmi
                0x000033fc       0x1a C:\Data\Microchip\VRX\VRX_Diversity\VRX_Diversity\ArduinoCore\Release\libArduinoCore.a(Print.o)
                0x000033fc                _ZN5Print5printEmi
 .text._ZN5Print5printEji
                0x00003416        0xc C:\Data\Microchip\VRX\VRX_Diversity\VRX_Diversity\ArduinoCore\Release\libArduinoCore.a(Print.o)
                0x00003416                _ZN5Print5printEji
 .text.__vector_16
                0x00003422       0x94 C:\Data\Microchip\VRX\VRX_Diversity\VRX_Diversity\ArduinoCore\Release\libArduinoCore.a(wiring.o)
                0x00003422                __vector_16
 .text.millis   0x000034b6       0x18 C:\Data\Microchip\VRX\VRX_Diversity\VRX_Diversity\ArduinoCore\Release\libArduinoCore.a(wiring.o)
                0x000034b6                millis
 .text.micros   0x000034ce       0x4a C:\Data\Microchip\VRX\VRX_Diversity\VRX_Diversity\ArduinoCore\Release\libArduinoCore.a(wiring.o)
                0x000034ce                micros
 .text.delay    0x00003518       0x78 C:\Data\Microchip\VRX\VRX_Diversity\VRX_Diversity\ArduinoCore\Release\libArduinoCore.a(wiring.o)
                0x00003518                delay
 .text.delayMicroseconds
                0x00003590       0x16 C:\Data\Microchip\VRX\VRX_Diversity\VRX_Diversity\ArduinoCore\Release\libArduinoCore.a(wiring.o)
                0x00003590                delayMicroseconds
 .text.init     0x000035a6       0x76 C:\Data\Microchip\VRX\VRX_Diversity\VRX_Diversity\ArduinoCore\Release\libArduinoCore.a(wiring.o)
                0x000035a6                init
 .text.analogRead
                0x0000361c       0x3a C:\Data\Microchip\VRX\VRX_Diversity\VRX_Diversity\ArduinoCore\Release\libArduinoCore.a(wiring_analog.o)
                0x0000361c                analogRead
 .text.turnOffPWM
                0x00003656       0x52 C:\Data\Microchip\VRX\VRX_Diversity\VRX_Diversity\ArduinoCore\Release\libArduinoCore.a(wiring_digital.o)
 .text.pinMode  0x000036a8       0x78 C:\Data\Microchip\VRX\VRX_Diversity\VRX_Diversity\ArduinoCore\Release\libArduinoCore.a(wiring_digital.o)
                0x000036a8                pinMode
 .text.digitalWrite
                0x00003720       0x5e C:\Data\Microchip\VRX\VRX_Diversity\VRX_Diversity\ArduinoCore\Release\libArduinoCore.a(wiring_digital.o)
                0x00003720                digitalWrite
 .text.digitalRead
                0x0000377e       0x52 C:\Data\Microchip\VRX\VRX_Diversity\VRX_Diversity\ArduinoCore\Release\libArduinoCore.a(wiring_digital.o)
                0x0000377e                digitalRead
 .text._Z3maplllll
                0x000037d0       0x82 C:\Data\Microchip\VRX\VRX_Diversity\VRX_Diversity\ArduinoCore\Release\libArduinoCore.a(WMath.o)
                0x000037d0                _Z3maplllll
 .text._ZN12Adafruit_GFX9writeLineEiiiij
                0x00003852      0x164 C:\Data\Microchip\VRX\VRX_Diversity\VRX_Diversity\ArduinoCore\Release\libArduinoCore.a(Adafruit_GFX.o)
                0x00003852                _ZN12Adafruit_GFX9writeLineEiiiij
 .text._ZN12Adafruit_GFX10writePixelEiij
                0x000039b6        0xe C:\Data\Microchip\VRX\VRX_Diversity\VRX_Diversity\ArduinoCore\Release\libArduinoCore.a(Adafruit_GFX.o)
                0x000039b6                _ZN12Adafruit_GFX10writePixelEiij
 .text._ZN12Adafruit_GFX14writeFastVLineEiiij
                0x000039c4       0x18 C:\Data\Microchip\VRX\VRX_Diversity\VRX_Diversity\ArduinoCore\Release\libArduinoCore.a(Adafruit_GFX.o)
                0x000039c4                _ZN12Adafruit_GFX14writeFastVLineEiiij
 .text._ZN12Adafruit_GFX14writeFastHLineEiiij
                0x000039dc       0x18 C:\Data\Microchip\VRX\VRX_Diversity\VRX_Diversity\ArduinoCore\Release\libArduinoCore.a(Adafruit_GFX.o)
                0x000039dc                _ZN12Adafruit_GFX14writeFastHLineEiiij
 .text._ZN12Adafruit_GFX13writeFillRectEiiiij
                0x000039f4       0x20 C:\Data\Microchip\VRX\VRX_Diversity\VRX_Diversity\ArduinoCore\Release\libArduinoCore.a(Adafruit_GFX.o)
                0x000039f4                _ZN12Adafruit_GFX13writeFillRectEiiiij
 .text._ZN12Adafruit_GFX8endWriteEv
                0x00003a14        0x2 C:\Data\Microchip\VRX\VRX_Diversity\VRX_Diversity\ArduinoCore\Release\libArduinoCore.a(Adafruit_GFX.o)
                0x00003a14                _ZN12Adafruit_GFX10startWriteEv
                0x00003a14                _ZN12Adafruit_GFX8endWriteEv
 .text._ZN12Adafruit_GFX13drawFastVLineEiiij
                0x00003a16       0x72 C:\Data\Microchip\VRX\VRX_Diversity\VRX_Diversity\ArduinoCore\Release\libArduinoCore.a(Adafruit_GFX.o)
                0x00003a16                _ZN12Adafruit_GFX13drawFastVLineEiiij
 .text._ZN12Adafruit_GFX13drawFastHLineEiiij
                0x00003a88       0x72 C:\Data\Microchip\VRX\VRX_Diversity\VRX_Diversity\ArduinoCore\Release\libArduinoCore.a(Adafruit_GFX.o)
                0x00003a88                _ZN12Adafruit_GFX13drawFastHLineEiiij
 .text._ZN12Adafruit_GFX8fillRectEiiiij
                0x00003afa       0x8a C:\Data\Microchip\VRX\VRX_Diversity\VRX_Diversity\ArduinoCore\Release\libArduinoCore.a(Adafruit_GFX.o)
                0x00003afa                _ZN12Adafruit_GFX8fillRectEiiiij
 .text._ZN12Adafruit_GFX10fillScreenEj
                0x00003b84       0x3a C:\Data\Microchip\VRX\VRX_Diversity\VRX_Diversity\ArduinoCore\Release\libArduinoCore.a(Adafruit_GFX.o)
                0x00003b84                _ZN12Adafruit_GFX10fillScreenEj
 .text._ZN12Adafruit_GFX8drawLineEiiiij
                0x00003bbe       0xda C:\Data\Microchip\VRX\VRX_Diversity\VRX_Diversity\ArduinoCore\Release\libArduinoCore.a(Adafruit_GFX.o)
                0x00003bbe                _ZN12Adafruit_GFX8drawLineEiiiij
 .text._ZN12Adafruit_GFX8drawRectEiiiij
                0x00003c98       0xbe C:\Data\Microchip\VRX\VRX_Diversity\VRX_Diversity\ArduinoCore\Release\libArduinoCore.a(Adafruit_GFX.o)
                0x00003c98                _ZN12Adafruit_GFX8drawRectEiiiij
 .text._ZN12Adafruit_GFX13invertDisplayEb
                0x00003d56        0x2 C:\Data\Microchip\VRX\VRX_Diversity\VRX_Diversity\ArduinoCore\Release\libArduinoCore.a(Adafruit_GFX.o)
                0x00003d56                _ZN12Adafruit_GFX13invertDisplayEb
 .text._ZN12Adafruit_GFX11setRotationEh
                0x00003d58       0x2a C:\Data\Microchip\VRX\VRX_Diversity\VRX_Diversity\ArduinoCore\Release\libArduinoCore.a(Adafruit_GFX.o)
                0x00003d58                _ZN12Adafruit_GFX11setRotationEh
 .text._ZN12Adafruit_GFXC2Eii
                0x00003d82       0x44 C:\Data\Microchip\VRX\VRX_Diversity\VRX_Diversity\ArduinoCore\Release\libArduinoCore.a(Adafruit_GFX.o)
                0x00003d82                _ZN12Adafruit_GFXC2Eii
                0x00003d82                _ZN12Adafruit_GFXC1Eii
 .text._ZN12Adafruit_GFX16drawCircleHelperEiiihj
                0x00003dc6      0x1fc C:\Data\Microchip\VRX\VRX_Diversity\VRX_Diversity\ArduinoCore\Release\libArduinoCore.a(Adafruit_GFX.o)
                0x00003dc6                _ZN12Adafruit_GFX16drawCircleHelperEiiihj
 .text._ZN12Adafruit_GFX13drawRoundRectEiiiiij
                0x00003fc2      0x1d6 C:\Data\Microchip\VRX\VRX_Diversity\VRX_Diversity\ArduinoCore\Release\libArduinoCore.a(Adafruit_GFX.o)
                0x00003fc2                _ZN12Adafruit_GFX13drawRoundRectEiiiiij
 .text._ZN12Adafruit_GFX12fillTriangleEiiiiiij
                0x00004198      0x3c4 C:\Data\Microchip\VRX\VRX_Diversity\VRX_Diversity\ArduinoCore\Release\libArduinoCore.a(Adafruit_GFX.o)
                0x00004198                _ZN12Adafruit_GFX12fillTriangleEiiiiiij
 .text._ZN12Adafruit_GFX10drawBitmapEiiPKhiij
                0x0000455c      0x13c C:\Data\Microchip\VRX\VRX_Diversity\VRX_Diversity\ArduinoCore\Release\libArduinoCore.a(Adafruit_GFX.o)
                0x0000455c                _ZN12Adafruit_GFX10drawBitmapEiiPKhiij
 .text._ZN12Adafruit_GFX8drawCharEiihjjhh
                0x00004698      0x46a C:\Data\Microchip\VRX\VRX_Diversity\VRX_Diversity\ArduinoCore\Release\libArduinoCore.a(Adafruit_GFX.o)
                0x00004698                _ZN12Adafruit_GFX8drawCharEiihjjhh
 .text._ZN12Adafruit_GFX5writeEh
                0x00004b02      0x1b0 C:\Data\Microchip\VRX\VRX_Diversity\VRX_Diversity\ArduinoCore\Release\libArduinoCore.a(Adafruit_GFX.o)
                0x00004b02                _ZN12Adafruit_GFX5writeEh
 .text._ZN12Adafruit_GFX11setTextSizeEhh
                0x00004cb2       0x16 C:\Data\Microchip\VRX\VRX_Diversity\VRX_Diversity\ArduinoCore\Release\libArduinoCore.a(Adafruit_GFX.o)
                0x00004cb2                _ZN12Adafruit_GFX11setTextSizeEhh
 .text._ZN12Adafruit_GFX11setTextSizeEh
                0x00004cc8        0x6 C:\Data\Microchip\VRX\VRX_Diversity\VRX_Diversity\ArduinoCore\Release\libArduinoCore.a(Adafruit_GFX.o)
                0x00004cc8                _ZN12Adafruit_GFX11setTextSizeEh
 .text._ZN16Adafruit_SSD13069drawPixelEiij
                0x00004cce      0x17a C:\Data\Microchip\VRX\VRX_Diversity\VRX_Diversity\ArduinoCore\Release\libArduinoCore.a(Adafruit_SSD1306.o)
                0x00004cce                _ZN16Adafruit_SSD13069drawPixelEiij
 .text._ZN8SPIClass16beginTransactionE11SPISettings
                0x00004e48       0x34 C:\Data\Microchip\VRX\VRX_Diversity\VRX_Diversity\ArduinoCore\Release\libArduinoCore.a(Adafruit_SSD1306.o)
                0x00004e48                _ZN8SPIClass16beginTransactionE11SPISettings
 .text._ZN8SPIClass8transferEh
                0x00004e7c        0xe C:\Data\Microchip\VRX\VRX_Diversity\VRX_Diversity\ArduinoCore\Release\libArduinoCore.a(Adafruit_SSD1306.o)
                0x00004e7c                _ZN8SPIClass8transferEh
 .text._ZN8SPIClass14endTransactionEv
                0x00004e8a       0x22 C:\Data\Microchip\VRX\VRX_Diversity\VRX_Diversity\ArduinoCore\Release\libArduinoCore.a(Adafruit_SSD1306.o)
                0x00004e8a                _ZN8SPIClass14endTransactionEv
 .text._ZN16Adafruit_SSD1306C2Ea
                0x00004eac       0x48 C:\Data\Microchip\VRX\VRX_Diversity\VRX_Diversity\ArduinoCore\Release\libArduinoCore.a(Adafruit_SSD1306.o)
                0x00004eac                _ZN16Adafruit_SSD1306C2Ea
                0x00004eac                _ZN16Adafruit_SSD1306C1Ea
 .text._ZN16Adafruit_SSD1306D2Ev
                0x00004ef4       0x18 C:\Data\Microchip\VRX\VRX_Diversity\VRX_Diversity\ArduinoCore\Release\libArduinoCore.a(Adafruit_SSD1306.o)
                0x00004ef4                _ZN16Adafruit_SSD1306D1Ev
                0x00004ef4                _ZN16Adafruit_SSD1306D2Ev
 .text._ZN16Adafruit_SSD130616ssd1306_command1Eh
                0x00004f0c       0xc2 C:\Data\Microchip\VRX\VRX_Diversity\VRX_Diversity\ArduinoCore\Release\libArduinoCore.a(Adafruit_SSD1306.o)
                0x00004f0c                _ZN16Adafruit_SSD130616ssd1306_command1Eh
 .text._ZN16Adafruit_SSD130613invertDisplayEb
                0x00004fce       0x8e C:\Data\Microchip\VRX\VRX_Diversity\VRX_Diversity\ArduinoCore\Release\libArduinoCore.a(Adafruit_SSD1306.o)
                0x00004fce                _ZN16Adafruit_SSD130613invertDisplayEb
 .text._ZN16Adafruit_SSD130619ssd1306_commandListEPKhh
                0x0000505c      0x150 C:\Data\Microchip\VRX\VRX_Diversity\VRX_Diversity\ArduinoCore\Release\libArduinoCore.a(Adafruit_SSD1306.o)
                0x0000505c                _ZN16Adafruit_SSD130619ssd1306_commandListEPKhh
 .text._ZN16Adafruit_SSD130612clearDisplayEv
                0x000051ac       0x3c C:\Data\Microchip\VRX\VRX_Diversity\VRX_Diversity\ArduinoCore\Release\libArduinoCore.a(Adafruit_SSD1306.o)
                0x000051ac                _ZN16Adafruit_SSD130612clearDisplayEv
 .text._ZN16Adafruit_SSD13065beginEhhbb
                0x000051e8      0x3a2 C:\Data\Microchip\VRX\VRX_Diversity\VRX_Diversity\ArduinoCore\Release\libArduinoCore.a(Adafruit_SSD1306.o)
                0x000051e8                _ZN16Adafruit_SSD13065beginEhhbb
 .text._ZN16Adafruit_SSD130621drawFastHLineInternalEiiij
                0x0000558a       0xe0 C:\Data\Microchip\VRX\VRX_Diversity\VRX_Diversity\ArduinoCore\Release\libArduinoCore.a(Adafruit_SSD1306.o)
                0x0000558a                _ZN16Adafruit_SSD130621drawFastHLineInternalEiiij
 .text._ZN16Adafruit_SSD130621drawFastVLineInternalEiiij
                0x0000566a      0x16a C:\Data\Microchip\VRX\VRX_Diversity\VRX_Diversity\ArduinoCore\Release\libArduinoCore.a(Adafruit_SSD1306.o)
                0x0000566a                _ZN16Adafruit_SSD130621drawFastVLineInternalEiiij
 .text._ZN16Adafruit_SSD130613drawFastHLineEiiij
                0x000057d4       0x82 C:\Data\Microchip\VRX\VRX_Diversity\VRX_Diversity\ArduinoCore\Release\libArduinoCore.a(Adafruit_SSD1306.o)
                0x000057d4                _ZN16Adafruit_SSD130613drawFastHLineEiiij
 .text._ZN16Adafruit_SSD130613drawFastVLineEiiij
                0x00005856       0x84 C:\Data\Microchip\VRX\VRX_Diversity\VRX_Diversity\ArduinoCore\Release\libArduinoCore.a(Adafruit_SSD1306.o)
                0x00005856                _ZN16Adafruit_SSD130613drawFastVLineEiiij
 .text._ZN16Adafruit_SSD13067displayEv
                0x000058da      0x1e4 C:\Data\Microchip\VRX\VRX_Diversity\VRX_Diversity\ArduinoCore\Release\libArduinoCore.a(Adafruit_SSD1306.o)
                0x000058da                _ZN16Adafruit_SSD13067displayEv
 .text._ZN8SPIClass5beginEv
                0x00005abe       0x6c C:\Data\Microchip\VRX\VRX_Diversity\VRX_Diversity\ArduinoCore\Release\libArduinoCore.a(SPI.o)
                0x00005abe                _ZN8SPIClass5beginEv
 .text._ZN7TwoWire9availableEv
                0x00005b2a       0x10 C:\Data\Microchip\VRX\VRX_Diversity\VRX_Diversity\ArduinoCore\Release\libArduinoCore.a(Wire.o)
                0x00005b2a                _ZN7TwoWire9availableEv
 .text._ZN7TwoWire4readEv
                0x00005b3a       0x28 C:\Data\Microchip\VRX\VRX_Diversity\VRX_Diversity\ArduinoCore\Release\libArduinoCore.a(Wire.o)
                0x00005b3a                _ZN7TwoWire4readEv
 .text._ZN7TwoWire4peekEv
                0x00005b62       0x1e C:\Data\Microchip\VRX\VRX_Diversity\VRX_Diversity\ArduinoCore\Release\libArduinoCore.a(Wire.o)
                0x00005b62                _ZN7TwoWire4peekEv
 .text._ZN7TwoWire5flushEv
                0x00005b80        0x2 C:\Data\Microchip\VRX\VRX_Diversity\VRX_Diversity\ArduinoCore\Release\libArduinoCore.a(Wire.o)
                0x00005b80                _ZN7TwoWire5flushEv
 .text._ZN7TwoWire16onReceiveServiceEPhi
                0x00005b82       0x54 C:\Data\Microchip\VRX\VRX_Diversity\VRX_Diversity\ArduinoCore\Release\libArduinoCore.a(Wire.o)
                0x00005b82                _ZN7TwoWire16onReceiveServiceEPhi
 .text._ZN7TwoWire16onRequestServiceEv
                0x00005bd6       0x18 C:\Data\Microchip\VRX\VRX_Diversity\VRX_Diversity\ArduinoCore\Release\libArduinoCore.a(Wire.o)
                0x00005bd6                _ZN7TwoWire16onRequestServiceEv
 .text._ZN7TwoWire5writeEPKhj
                0x00005bee       0x5a C:\Data\Microchip\VRX\VRX_Diversity\VRX_Diversity\ArduinoCore\Release\libArduinoCore.a(Wire.o)
                0x00005bee                _ZN7TwoWire5writeEPKhj
 .text._ZN7TwoWire5writeEh
                0x00005c48       0x5e C:\Data\Microchip\VRX\VRX_Diversity\VRX_Diversity\ArduinoCore\Release\libArduinoCore.a(Wire.o)
                0x00005c48                _ZN7TwoWire5writeEh
 .text._ZN7TwoWireC2Ev
                0x00005ca6       0x20 C:\Data\Microchip\VRX\VRX_Diversity\VRX_Diversity\ArduinoCore\Release\libArduinoCore.a(Wire.o)
                0x00005ca6                _ZN7TwoWireC1Ev
                0x00005ca6                _ZN7TwoWireC2Ev
 .text._ZN7TwoWire5beginEv
                0x00005cc6       0x24 C:\Data\Microchip\VRX\VRX_Diversity\VRX_Diversity\ArduinoCore\Release\libArduinoCore.a(Wire.o)
                0x00005cc6                _ZN7TwoWire5beginEv
 .text._ZN7TwoWire8setClockEm
                0x00005cea        0x8 C:\Data\Microchip\VRX\VRX_Diversity\VRX_Diversity\ArduinoCore\Release\libArduinoCore.a(Wire.o)
                0x00005cea                _ZN7TwoWire8setClockEm
 .text._ZN7TwoWire17beginTransmissionEh
                0x00005cf2       0x14 C:\Data\Microchip\VRX\VRX_Diversity\VRX_Diversity\ArduinoCore\Release\libArduinoCore.a(Wire.o)
                0x00005cf2                _ZN7TwoWire17beginTransmissionEh
 .text._ZN7TwoWire17beginTransmissionEi
                0x00005d06        0x4 C:\Data\Microchip\VRX\VRX_Diversity\VRX_Diversity\ArduinoCore\Release\libArduinoCore.a(Wire.o)
                0x00005d06                _ZN7TwoWire17beginTransmissionEi
 .text._ZN7TwoWire15endTransmissionEh
                0x00005d0a       0x26 C:\Data\Microchip\VRX\VRX_Diversity\VRX_Diversity\ArduinoCore\Release\libArduinoCore.a(Wire.o)
                0x00005d0a                _ZN7TwoWire15endTransmissionEh
 .text._ZN7TwoWire15endTransmissionEv
                0x00005d30        0x6 C:\Data\Microchip\VRX\VRX_Diversity\VRX_Diversity\ArduinoCore\Release\libArduinoCore.a(Wire.o)
                0x00005d30                _ZN7TwoWire15endTransmissionEv
 .text.startup._GLOBAL__sub_I__ZN7TwoWire8rxBufferE
                0x00005d36        0x8 C:\Data\Microchip\VRX\VRX_Diversity\VRX_Diversity\ArduinoCore\Release\libArduinoCore.a(Wire.o)
 .text.__cxa_pure_virtual
                0x00005d3e        0x4 C:\Data\Microchip\VRX\VRX_Diversity\VRX_Diversity\ArduinoCore\Release\libArduinoCore.a(abi.o)
                0x00005d3e                __cxa_pure_virtual
 .text.__empty  0x00005d42        0x2 C:\Data\Microchip\VRX\VRX_Diversity\VRX_Diversity\ArduinoCore\Release\libArduinoCore.a(hooks.o)
                0x00005d42                yield
 .text.twi_init
                0x00005d44       0x3c C:\Data\Microchip\VRX\VRX_Diversity\VRX_Diversity\ArduinoCore\Release\libArduinoCore.a(twi.o)
                0x00005d44                twi_init
 .text.twi_disable
                0x00005d80       0x1a C:\Data\Microchip\VRX\VRX_Diversity\VRX_Diversity\ArduinoCore\Release\libArduinoCore.a(twi.o)
                0x00005d80                twi_disable
 .text.twi_setFrequency
                0x00005d9a       0x28 C:\Data\Microchip\VRX\VRX_Diversity\VRX_Diversity\ArduinoCore\Release\libArduinoCore.a(twi.o)
                0x00005d9a                twi_setFrequency
 .text.twi_transmit
                0x00005dc2       0x50 C:\Data\Microchip\VRX\VRX_Diversity\VRX_Diversity\ArduinoCore\Release\libArduinoCore.a(twi.o)
                0x00005dc2                twi_transmit
 .text.twi_attachSlaveRxEvent
                0x00005e12        0xa C:\Data\Microchip\VRX\VRX_Diversity\VRX_Diversity\ArduinoCore\Release\libArduinoCore.a(twi.o)
                0x00005e12                twi_attachSlaveRxEvent
 .text.twi_attachSlaveTxEvent
                0x00005e1c        0xa C:\Data\Microchip\VRX\VRX_Diversity\VRX_Diversity\ArduinoCore\Release\libArduinoCore.a(twi.o)
                0x00005e1c                twi_attachSlaveTxEvent
 .text.twi_releaseBus
                0x00005e26        0xc C:\Data\Microchip\VRX\VRX_Diversity\VRX_Diversity\ArduinoCore\Release\libArduinoCore.a(twi.o)
                0x00005e26                twi_releaseBus
 .text.twi_handleTimeout
                0x00005e32       0x2c C:\Data\Microchip\VRX\VRX_Diversity\VRX_Diversity\ArduinoCore\Release\libArduinoCore.a(twi.o)
                0x00005e32                twi_handleTimeout
 .text.twi_writeTo
                0x00005e5e      0x1e0 C:\Data\Microchip\VRX\VRX_Diversity\VRX_Diversity\ArduinoCore\Release\libArduinoCore.a(twi.o)
                0x00005e5e                twi_writeTo
 .text.twi_stop
                0x0000603e       0x70 C:\Data\Microchip\VRX\VRX_Diversity\VRX_Diversity\ArduinoCore\Release\libArduinoCore.a(twi.o)
                0x0000603e                twi_stop
 .text.__vector_24
                0x000060ae      0x25a C:\Data\Microchip\VRX\VRX_Diversity\VRX_Diversity\ArduinoCore\Release\libArduinoCore.a(twi.o)
                0x000060ae                __vector_24
 .text.libgcc.mul
                0x00006308       0x20 c:/program files (x86)/atmel/studio/7.0/toolchain/avr8/avr8-gnu-toolchain/bin/../lib/gcc/avr/5.4.0/avr5\libgcc.a(_mulsi3.o)
                0x00006308                __mulsi3
 .text.libgcc.div
                0x00006328       0x28 c:/program files (x86)/atmel/studio/7.0/toolchain/avr8/avr8-gnu-toolchain/bin/../lib/gcc/avr/5.4.0/avr5\libgcc.a(_divmodhi4.o)
                0x00006328                _div
                0x00006328                __divmodhi4
 .text.libgcc.div
                0x00006350       0x44 c:/program files (x86)/atmel/studio/7.0/toolchain/avr8/avr8-gnu-toolchain/bin/../lib/gcc/avr/5.4.0/avr5\libgcc.a(_udivmodsi4.o)
                0x00006350                __udivmodsi4
 .text.libgcc.div
                0x00006394       0x2e c:/program files (x86)/atmel/studio/7.0/toolchain/avr8/avr8-gnu-toolchain/bin/../lib/gcc/avr/5.4.0/avr5\libgcc.a(_divmodsi4.o)
                0x00006394                __divmodsi4
 .text.libgcc.div
                0x000063c2       0x10 c:/program files (x86)/atmel/studio/7.0/toolchain/avr8/avr8-gnu-toolchain/bin/../lib/gcc/avr/5.4.0/avr5\libgcc.a(_negsi2.o)
                0x000063c2                __negsi2
 .text.libgcc.mul
                0x000063d2       0x10 c:/program files (x86)/atmel/studio/7.0/toolchain/avr8/avr8-gnu-toolchain/bin/../lib/gcc/avr/5.4.0/avr5\libgcc.a(_mulhisi3.o)
                0x000063d2                __mulhisi3
 .text.libgcc.mul
                0x000063e2       0x1e c:/program files (x86)/atmel/studio/7.0/toolchain/avr8/avr8-gnu-toolchain/bin/../lib/gcc/avr/5.4.0/avr5\libgcc.a(_umulhisi3.o)
                0x000063e2                __umulhisi3
 .text.libgcc.mul
                0x00006400        0xe c:/program files (x86)/atmel/studio/7.0/toolchain/avr8/avr8-gnu-toolchain/bin/../lib/gcc/avr/5.4.0/avr5\libgcc.a(_usmulhisi3.o)
                0x00006400                __usmulhisi3
                0x00006404                __usmulhisi3_tail
 .text.libgcc.mul
                0x0000640e       0x16 c:/program files (x86)/atmel/studio/7.0/toolchain/avr8/avr8-gnu-toolchain/bin/../lib/gcc/avr/5.4.0/avr5\libgcc.a(_muluhisi3.o)
                0x0000640e                __muluhisi3
 .text.libgcc.div
                0x00006424       0x28 c:/program files (x86)/atmel/studio/7.0/toolchain/avr8/avr8-gnu-toolchain/bin/../lib/gcc/avr/5.4.0/avr5\libgcc.a(_udivmodhi4.o)
                0x00006424                __udivmodhi4
 .text.libgcc   0x0000644c        0xc c:/program files (x86)/atmel/studio/7.0/toolchain/avr8/avr8-gnu-toolchain/bin/../lib/gcc/avr/5.4.0/avr5\libgcc.a(_tablejump2.o)
                0x0000644c                __tablejump2__
 .text.avr-libc
                0x00006458      0x242 c:/program files (x86)/atmel/studio/7.0/toolchain/avr8/avr8-gnu-toolchain/bin/../lib/gcc/avr/5.4.0/../../../../avr/lib/avr5\libc.a(malloc.o)
                0x00006458                malloc
                0x00006588                free
 .text.avr-libc
                0x0000669a        0xa c:/program files (x86)/atmel/studio/7.0/toolchain/avr8/avr8-gnu-toolchain/bin/../lib/gcc/avr/5.4.0/../../../../avr/lib/avr5\libc.a(abort.o)
                0x0000669a                abort
 .text.avr-libc
                0x000066a4       0x12 c:/program files (x86)/atmel/studio/7.0/toolchain/avr8/avr8-gnu-toolchain/bin/../lib/gcc/avr/5.4.0/../../../../avr/lib/avr5\libc.a(memcpy_P.o)
                0x000066a4                memcpy_P
 .text.avr-libc
                0x000066b6        0xe c:/program files (x86)/atmel/studio/7.0/toolchain/avr8/avr8-gnu-toolchain/bin/../lib/gcc/avr/5.4.0/../../../../avr/lib/avr5\libc.a(memset.o)
                0x000066b6                memset
 .text.avr-libc
                0x000066c4       0x10 C:/Program Files (x86)/Atmel/Studio/7.0/Packs/atmel/ATmega_DFP/1.7.374/gcc/dev/atmega328p/avr5\libatmega328p.a(eerd_byte.o)
                0x000066c4                eeprom_read_byte
 .text.avr-libc
                0x000066d4       0x1c C:/Program Files (x86)/Atmel/Studio/7.0/Packs/atmel/ATmega_DFP/1.7.374/gcc/dev/atmega328p/avr5\libatmega328p.a(eewr_byte.o)
                0x000066d4                eeprom_write_byte
                0x000066d6                eeprom_write_r18
                0x000066f0                . = ALIGN (0x2)
 *(.fini9)
 .fini9         0x000066f0        0x0 c:/program files (x86)/atmel/studio/7.0/toolchain/avr8/avr8-gnu-toolchain/bin/../lib/gcc/avr/5.4.0/avr5\libgcc.a(_exit.o)
                0x000066f0                _exit
                0x000066f0                exit
 *(.fini9)
 *(.fini8)
 *(.fini8)
 *(.fini7)
 *(.fini7)
 *(.fini6)
 .fini6         0x000066f0       0x16 c:/program files (x86)/atmel/studio/7.0/toolchain/avr8/avr8-gnu-toolchain/bin/../lib/gcc/avr/5.4.0/avr5\libgcc.a(_dtors.o)
                0x000066f0                __do_global_dtors
 *(.fini6)
 *(.fini5)
 *(.fini5)
 *(.fini4)
 *(.fini4)
 *(.fini3)
 *(.fini3)
 *(.fini2)
 *(.fini2)
 *(.fini1)
 *(.fini1)
 *(.fini0)
 .fini0         0x00006706        0x4 c:/program files (x86)/atmel/studio/7.0/toolchain/avr8/avr8-gnu-toolchain/bin/../lib/gcc/avr/5.4.0/avr5\libgcc.a(_exit.o)
 *(.fini0)
                0x0000670a                _etext = .

.data           0x00800100       0xd2 load address 0x0000670a
                0x00800100                PROVIDE (__data_start, .)
 *(.data)
 .data          0x00800100        0x6 c:/program files (x86)/atmel/studio/7.0/toolchain/avr8/avr8-gnu-toolchain/bin/../lib/gcc/avr/5.4.0/../../../../avr/lib/avr5\libc.a(malloc.o)
                0x00800100                __malloc_heap_end
                0x00800102                __malloc_heap_start
                0x00800104                __malloc_margin
 *(.data*)
 .data.analog_reference
                0x00800106        0x1 C:\Data\Microchip\VRX\VRX_Diversity\VRX_Diversity\ArduinoCore\Release\libArduinoCore.a(wiring_analog.o)
                0x00800106                analog_reference
 *(.gnu.linkonce.d*)
 *(.rodata)
 *(.rodata*)
 .rodata._ZTVN12StateMachine20BandScanStateHandlerE
                0x00800107       0x10 state_bandscan.o
                0x00800107                _ZTVN12StateMachine20BandScanStateHandlerE
 .rodata._ZTVN12StateMachine16MenuStateHandlerE
                0x00800117       0x10 state_menu.o
                0x00800117                _ZTVN12StateMachine16MenuStateHandlerE
 .rodata._ZTVN12StateMachine23ScreensaverStateHandlerE
                0x00800127       0x10 state_screensaver.o
                0x00800127                _ZTVN12StateMachine23ScreensaverStateHandlerE
 .rodata._ZTVN12StateMachine18SearchStateHandlerE
                0x00800137       0x10 state_search.o
                0x00800137                _ZTVN12StateMachine18SearchStateHandlerE
 .rodata._ZTVN12StateMachine20SettingsStateHandlerE
                0x00800147       0x10 state_settings.o
                0x00800147                _ZTVN12StateMachine20SettingsStateHandlerE
 .rodata._ZTVN12StateMachine24SettingsRssiStateHandlerE
                0x00800157       0x10 state_settings_rssi.o
                0x00800157                _ZTVN12StateMachine24SettingsRssiStateHandlerE
 .rodata._ZTV12Adafruit_GFX
                0x00800167       0x2c C:\Data\Microchip\VRX\VRX_Diversity\VRX_Diversity\ArduinoCore\Release\libArduinoCore.a(Adafruit_GFX.o)
                0x00800167                _ZTV12Adafruit_GFX
 .rodata._ZTV16Adafruit_SSD1306
                0x00800193       0x2c C:\Data\Microchip\VRX\VRX_Diversity\VRX_Diversity\ArduinoCore\Release\libArduinoCore.a(Adafruit_SSD1306.o)
                0x00800193                _ZTV16Adafruit_SSD1306
 .rodata._ZTV7TwoWire
                0x008001bf       0x12 C:\Data\Microchip\VRX\VRX_Diversity\VRX_Diversity\ArduinoCore\Release\libArduinoCore.a(Wire.o)
                0x008001bf                _ZTV7TwoWire
 *(.gnu.linkonce.r*)
                0x008001d2                . = ALIGN (0x2)
 *fill*         0x008001d1        0x1 
                0x008001d2                _edata = .
                0x008001d2                PROVIDE (__data_end, .)

.bss            0x008001d2      0x1ff
                0x008001d2                PROVIDE (__bss_start, .)
 *(.bss)
 *(.bss*)
 .bss._ZN7Buttons14lastChangeTimeE
                0x008001d2        0x4 buttons.o
                0x008001d2                _ZN7Buttons14lastChangeTimeE
 .bss._ZL11changeFuncs
                0x008001d6        0x8 buttons.o
 .bss.states    0x008001de       0x28 buttons.o
                0x008001de                states
 .bss._ZN8Channels10nameBufferE
                0x00800206        0x3 channels.o
                0x00800206                _ZN8Channels10nameBufferE
 .bss.PSTR2_BUFFER
                0x00800209       0x30 pstr_helper.o
                0x00800209                PSTR2_BUFFER
 .bss._ZN8ReceiverL12rssiLogTimerE
                0x00800239        0x7 receiver.o
 .bss._ZN8ReceiverL15rssiStableTimerE
                0x00800240        0x7 receiver.o
 .bss._ZN8Receiver24diversityHysteresisTimerE
                0x00800247        0x7 receiver.o
                0x00800247                _ZN8Receiver24diversityHysteresisTimerE
 .bss._ZN8Receiver23diversityTargetReceiverE
                0x0080024e        0x1 receiver.o
                0x0080024e                _ZN8Receiver23diversityTargetReceiverE
 .bss._ZN8Receiver9rssiBLastE
                0x0080024f       0x18 receiver.o
                0x0080024f                _ZN8Receiver9rssiBLastE
 .bss._ZN8Receiver8rssiBRawE
                0x00800267        0x2 receiver.o
                0x00800267                _ZN8Receiver8rssiBRawE
 .bss._ZN8Receiver5rssiBE
                0x00800269        0x1 receiver.o
                0x00800269                _ZN8Receiver5rssiBE
 .bss._ZN8Receiver9rssiALastE
                0x0080026a       0x18 receiver.o
                0x0080026a                _ZN8Receiver9rssiALastE
 .bss._ZN8Receiver8rssiARawE
                0x00800282        0x2 receiver.o
                0x00800282                _ZN8Receiver8rssiARawE
 .bss._ZN8Receiver5rssiAE
                0x00800284        0x1 receiver.o
                0x00800284                _ZN8Receiver5rssiAE
 .bss._ZN8Receiver13activeChannelE
                0x00800285        0x1 receiver.o
                0x00800285                _ZN8Receiver13activeChannelE
 .bss._ZN8Receiver14activeReceiverE
                0x00800286        0x1 receiver.o
                0x00800286                _ZN8Receiver14activeReceiverE
 .bss.EepromSettings
                0x00800287       0x11 settings_eeprom.o
                0x00800287                EepromSettings
 .bss._ZL7isDirty
                0x00800298        0x1 settings_eeprom.o
 .bss._ZL9saveTimer
                0x00800299        0x7 settings_eeprom.o
 .bss._ZZN12StateMachine6updateEvE9drawTimer
                0x008002a0        0x7 state.o
 .bss._ZGVZN12StateMachine6updateEvE9drawTimer
                0x008002a7        0x8 state.o
 .bss._ZN12StateMachine9lastStateE
                0x008002af        0x1 state.o
                0x008002af                _ZN12StateMachine9lastStateE
 .bss._ZN12StateMachine12currentStateE
                0x008002b0        0x1 state.o
                0x008002b0                _ZN12StateMachine12currentStateE
 .bss._ZN12StateMachineL14currentHandlerE
                0x008002b1        0x2 state.o
 .bss._ZN2Ui16shouldFullRedrawE
                0x008002b3        0x1 ui.o
                0x008002b3                _ZN2Ui16shouldFullRedrawE
 .bss._ZN2Ui13shouldDisplayE
                0x008002b4        0x1 ui.o
                0x008002b4                _ZN2Ui13shouldDisplayE
 .bss._ZN2Ui16shouldDrawUpdateE
                0x008002b5        0x1 ui.o
                0x008002b5                _ZN2Ui16shouldDrawUpdateE
 .bss._ZN2Ui7displayE
                0x008002b6       0x40 ui.o
                0x008002b6                _ZN2Ui7displayE
 .bss.timer0_fract
                0x008002f6        0x1 C:\Data\Microchip\VRX\VRX_Diversity\VRX_Diversity\ArduinoCore\Release\libArduinoCore.a(wiring.o)
 .bss.timer0_millis
                0x008002f7        0x4 C:\Data\Microchip\VRX\VRX_Diversity\VRX_Diversity\ArduinoCore\Release\libArduinoCore.a(wiring.o)
                0x008002f7                timer0_millis
 .bss.timer0_overflow_count
                0x008002fb        0x4 C:\Data\Microchip\VRX\VRX_Diversity\VRX_Diversity\ArduinoCore\Release\libArduinoCore.a(wiring.o)
                0x008002fb                timer0_overflow_count
 .bss._ZN8SPIClass13interruptSaveE
                0x008002ff        0x1 C:\Data\Microchip\VRX\VRX_Diversity\VRX_Diversity\ArduinoCore\Release\libArduinoCore.a(SPI.o)
                0x008002ff                _ZN8SPIClass13interruptSaveE
 .bss._ZN8SPIClass13interruptMaskE
                0x00800300        0x1 C:\Data\Microchip\VRX\VRX_Diversity\VRX_Diversity\ArduinoCore\Release\libArduinoCore.a(SPI.o)
                0x00800300                _ZN8SPIClass13interruptMaskE
 .bss._ZN8SPIClass13interruptModeE
                0x00800301        0x1 C:\Data\Microchip\VRX\VRX_Diversity\VRX_Diversity\ArduinoCore\Release\libArduinoCore.a(SPI.o)
                0x00800301                _ZN8SPIClass13interruptModeE
 .bss._ZN8SPIClass11initializedE
                0x00800302        0x1 C:\Data\Microchip\VRX\VRX_Diversity\VRX_Diversity\ArduinoCore\Release\libArduinoCore.a(SPI.o)
                0x00800302                _ZN8SPIClass11initializedE
 .bss.Wire      0x00800303        0xc C:\Data\Microchip\VRX\VRX_Diversity\VRX_Diversity\ArduinoCore\Release\libArduinoCore.a(Wire.o)
                0x00800303                Wire
 .bss._ZN7TwoWire14user_onReceiveE
                0x0080030f        0x2 C:\Data\Microchip\VRX\VRX_Diversity\VRX_Diversity\ArduinoCore\Release\libArduinoCore.a(Wire.o)
                0x0080030f                _ZN7TwoWire14user_onReceiveE
 .bss._ZN7TwoWire14user_onRequestE
                0x00800311        0x2 C:\Data\Microchip\VRX\VRX_Diversity\VRX_Diversity\ArduinoCore\Release\libArduinoCore.a(Wire.o)
                0x00800311                _ZN7TwoWire14user_onRequestE
 .bss._ZN7TwoWire12transmittingE
                0x00800313        0x1 C:\Data\Microchip\VRX\VRX_Diversity\VRX_Diversity\ArduinoCore\Release\libArduinoCore.a(Wire.o)
                0x00800313                _ZN7TwoWire12transmittingE
 .bss._ZN7TwoWire14txBufferLengthE
                0x00800314        0x1 C:\Data\Microchip\VRX\VRX_Diversity\VRX_Diversity\ArduinoCore\Release\libArduinoCore.a(Wire.o)
                0x00800314                _ZN7TwoWire14txBufferLengthE
 .bss._ZN7TwoWire13txBufferIndexE
                0x00800315        0x1 C:\Data\Microchip\VRX\VRX_Diversity\VRX_Diversity\ArduinoCore\Release\libArduinoCore.a(Wire.o)
                0x00800315                _ZN7TwoWire13txBufferIndexE
 .bss._ZN7TwoWire8txBufferE
                0x00800316       0x20 C:\Data\Microchip\VRX\VRX_Diversity\VRX_Diversity\ArduinoCore\Release\libArduinoCore.a(Wire.o)
                0x00800316                _ZN7TwoWire8txBufferE
 .bss._ZN7TwoWire9txAddressE
                0x00800336        0x1 C:\Data\Microchip\VRX\VRX_Diversity\VRX_Diversity\ArduinoCore\Release\libArduinoCore.a(Wire.o)
                0x00800336                _ZN7TwoWire9txAddressE
 .bss._ZN7TwoWire14rxBufferLengthE
                0x00800337        0x1 C:\Data\Microchip\VRX\VRX_Diversity\VRX_Diversity\ArduinoCore\Release\libArduinoCore.a(Wire.o)
                0x00800337                _ZN7TwoWire14rxBufferLengthE
 .bss._ZN7TwoWire13rxBufferIndexE
                0x00800338        0x1 C:\Data\Microchip\VRX\VRX_Diversity\VRX_Diversity\ArduinoCore\Release\libArduinoCore.a(Wire.o)
                0x00800338                _ZN7TwoWire13rxBufferIndexE
 .bss._ZN7TwoWire8rxBufferE
                0x00800339       0x20 C:\Data\Microchip\VRX\VRX_Diversity\VRX_Diversity\ArduinoCore\Release\libArduinoCore.a(Wire.o)
                0x00800339                _ZN7TwoWire8rxBufferE
 .bss.twi_error
                0x00800359        0x1 C:\Data\Microchip\VRX\VRX_Diversity\VRX_Diversity\ArduinoCore\Release\libArduinoCore.a(twi.o)
 .bss.twi_rxBufferIndex
                0x0080035a        0x1 C:\Data\Microchip\VRX\VRX_Diversity\VRX_Diversity\ArduinoCore\Release\libArduinoCore.a(twi.o)
 .bss.twi_rxBuffer
                0x0080035b       0x20 C:\Data\Microchip\VRX\VRX_Diversity\VRX_Diversity\ArduinoCore\Release\libArduinoCore.a(twi.o)
 .bss.twi_txBufferLength
                0x0080037b        0x1 C:\Data\Microchip\VRX\VRX_Diversity\VRX_Diversity\ArduinoCore\Release\libArduinoCore.a(twi.o)
 .bss.twi_txBufferIndex
                0x0080037c        0x1 C:\Data\Microchip\VRX\VRX_Diversity\VRX_Diversity\ArduinoCore\Release\libArduinoCore.a(twi.o)
 .bss.twi_txBuffer
                0x0080037d       0x20 C:\Data\Microchip\VRX\VRX_Diversity\VRX_Diversity\ArduinoCore\Release\libArduinoCore.a(twi.o)
 .bss.twi_masterBufferLength
                0x0080039d        0x1 C:\Data\Microchip\VRX\VRX_Diversity\VRX_Diversity\ArduinoCore\Release\libArduinoCore.a(twi.o)
 .bss.twi_masterBufferIndex
                0x0080039e        0x1 C:\Data\Microchip\VRX\VRX_Diversity\VRX_Diversity\ArduinoCore\Release\libArduinoCore.a(twi.o)
 .bss.twi_masterBuffer
                0x0080039f       0x20 C:\Data\Microchip\VRX\VRX_Diversity\VRX_Diversity\ArduinoCore\Release\libArduinoCore.a(twi.o)
 .bss.twi_onSlaveReceive
                0x008003bf        0x2 C:\Data\Microchip\VRX\VRX_Diversity\VRX_Diversity\ArduinoCore\Release\libArduinoCore.a(twi.o)
 .bss.twi_onSlaveTransmit
                0x008003c1        0x2 C:\Data\Microchip\VRX\VRX_Diversity\VRX_Diversity\ArduinoCore\Release\libArduinoCore.a(twi.o)
 .bss.twi_do_reset_on_timeout
                0x008003c3        0x1 C:\Data\Microchip\VRX\VRX_Diversity\VRX_Diversity\ArduinoCore\Release\libArduinoCore.a(twi.o)
 .bss.twi_timed_out_flag
                0x008003c4        0x1 C:\Data\Microchip\VRX\VRX_Diversity\VRX_Diversity\ArduinoCore\Release\libArduinoCore.a(twi.o)
 .bss.twi_timeout_us
                0x008003c5        0x4 C:\Data\Microchip\VRX\VRX_Diversity\VRX_Diversity\ArduinoCore\Release\libArduinoCore.a(twi.o)
 .bss.twi_inRepStart
                0x008003c9        0x1 C:\Data\Microchip\VRX\VRX_Diversity\VRX_Diversity\ArduinoCore\Release\libArduinoCore.a(twi.o)
 .bss.twi_sendStop
                0x008003ca        0x1 C:\Data\Microchip\VRX\VRX_Diversity\VRX_Diversity\ArduinoCore\Release\libArduinoCore.a(twi.o)
 .bss.twi_slarw
                0x008003cb        0x1 C:\Data\Microchip\VRX\VRX_Diversity\VRX_Diversity\ArduinoCore\Release\libArduinoCore.a(twi.o)
 .bss.twi_state
                0x008003cc        0x1 C:\Data\Microchip\VRX\VRX_Diversity\VRX_Diversity\ArduinoCore\Release\libArduinoCore.a(twi.o)
 *(COMMON)
 COMMON         0x008003cd        0x4 c:/program files (x86)/atmel/studio/7.0/toolchain/avr8/avr8-gnu-toolchain/bin/../lib/gcc/avr/5.4.0/../../../../avr/lib/avr5\libc.a(malloc.o)
                0x008003cd                __brkval
                0x008003cf                __flp
                0x008003d1                PROVIDE (__bss_end, .)
                0x0000670a                __data_load_start = LOADADDR (.data)
                0x000067dc                __data_load_end = (__data_load_start + SIZEOF (.data))

.noinit         0x008003d1        0x0
                [!provide]                PROVIDE (__noinit_start, .)
 *(.noinit*)
                [!provide]                PROVIDE (__noinit_end, .)
                0x008003d1                _end = .
                0x008003d1                PROVIDE (__heap_start, .)

.eeprom         0x00810000        0x0
 *(.eeprom*)
                0x00810000                __eeprom_end = .

.fuse
 *(.fuse)
 *(.lfuse)
 *(.hfuse)
 *(.efuse)

.lock
 *(.lock*)

.signature
 *(.signature*)

.user_signatures
 *(.user_signatures*)

.stab
 *(.stab)

.stabstr
 *(.stabstr)

.stab.excl
 *(.stab.excl)

.stab.exclstr
 *(.stab.exclstr)

.stab.index
 *(.stab.index)

.stab.indexstr
 *(.stab.indexstr)

.comment        0x00000000       0x30
 *(.comment)
 .comment       0x00000000       0x30 buttons.o
                                 0x31 (size before relaxing)
 .comment       0x00000030       0x31 channels.o
 .comment       0x00000030       0x31 pstr_helper.o
 .comment       0x00000030       0x31 receiver.o
 .comment       0x00000030       0x31 receiver_spi.o
 .comment       0x00000030       0x31 settings_eeprom.o
 .comment       0x00000030       0x31 Sketch.o
 .comment       0x00000030       0x31 state.o
 .comment       0x00000030       0x31 state_bandscan.o
 .comment       0x00000030       0x31 state_menu.o
 .comment       0x00000030       0x31 state_menu_ui.o
 .comment       0x00000030       0x31 state_screensaver.o
 .comment       0x00000030       0x31 state_search.o
 .comment       0x00000030       0x31 state_search_ui.o
 .comment       0x00000030       0x31 state_settings.o
 .comment       0x00000030       0x31 state_settings_rssi.o
 .comment       0x00000030       0x31 timer.o
 .comment       0x00000030       0x31 ui.o
 .comment       0x00000030       0x31 ui_menu.o
 .comment       0x00000030       0x31 ui_state_menu.o
 .comment       0x00000030       0x31 C:\Data\Microchip\VRX\VRX_Diversity\VRX_Diversity\ArduinoCore\Release\libArduinoCore.a(main.o)
 .comment       0x00000030       0x31 C:\Data\Microchip\VRX\VRX_Diversity\VRX_Diversity\ArduinoCore\Release\libArduinoCore.a(new.o)
 .comment       0x00000030       0x31 C:\Data\Microchip\VRX\VRX_Diversity\VRX_Diversity\ArduinoCore\Release\libArduinoCore.a(Print.o)
 .comment       0x00000030       0x31 C:\Data\Microchip\VRX\VRX_Diversity\VRX_Diversity\ArduinoCore\Release\libArduinoCore.a(wiring.o)
 .comment       0x00000030       0x31 C:\Data\Microchip\VRX\VRX_Diversity\VRX_Diversity\ArduinoCore\Release\libArduinoCore.a(wiring_analog.o)
 .comment       0x00000030       0x31 C:\Data\Microchip\VRX\VRX_Diversity\VRX_Diversity\ArduinoCore\Release\libArduinoCore.a(wiring_digital.o)
 .comment       0x00000030       0x31 C:\Data\Microchip\VRX\VRX_Diversity\VRX_Diversity\ArduinoCore\Release\libArduinoCore.a(WMath.o)
 .comment       0x00000030       0x31 C:\Data\Microchip\VRX\VRX_Diversity\VRX_Diversity\ArduinoCore\Release\libArduinoCore.a(Adafruit_GFX.o)
 .comment       0x00000030       0x31 C:\Data\Microchip\VRX\VRX_Diversity\VRX_Diversity\ArduinoCore\Release\libArduinoCore.a(Adafruit_SSD1306.o)
 .comment       0x00000030       0x31 C:\Data\Microchip\VRX\VRX_Diversity\VRX_Diversity\ArduinoCore\Release\libArduinoCore.a(SPI.o)
 .comment       0x00000030       0x31 C:\Data\Microchip\VRX\VRX_Diversity\VRX_Diversity\ArduinoCore\Release\libArduinoCore.a(Wire.o)
 .comment       0x00000030       0x31 C:\Data\Microchip\VRX\VRX_Diversity\VRX_Diversity\ArduinoCore\Release\libArduinoCore.a(abi.o)
 .comment       0x00000030       0x31 C:\Data\Microchip\VRX\VRX_Diversity\VRX_Diversity\ArduinoCore\Release\libArduinoCore.a(hooks.o)
 .comment       0x00000030       0x31 C:\Data\Microchip\VRX\VRX_Diversity\VRX_Diversity\ArduinoCore\Release\libArduinoCore.a(twi.o)
 .comment       0x00000030       0x31 c:/program files (x86)/atmel/studio/7.0/toolchain/avr8/avr8-gnu-toolchain/bin/../lib/gcc/avr/5.4.0/../../../../avr/lib/avr5\libc.a(malloc.o)

.note.gnu.avr.deviceinfo
                0x00000000       0x40
 .note.gnu.avr.deviceinfo
                0x00000000       0x40 C:/Program Files (x86)/Atmel/Studio/7.0/Packs/atmel/ATmega_DFP/1.7.374/gcc/dev/atmega328p/avr5/crtatmega328p.o

.note.gnu.build-id
 *(.note.gnu.build-id)

.debug
 *(.debug)

.line
 *(.line)

.debug_srcinfo
 *(.debug_srcinfo)

.debug_sfnames
 *(.debug_sfnames)

.debug_aranges  0x00000000      0xe50
 *(.debug_aranges)
 .debug_aranges
                0x00000000       0x50 buttons.o
 .debug_aranges
                0x00000050       0x40 channels.o
 .debug_aranges
                0x00000090       0x20 pstr_helper.o
 .debug_aranges
                0x000000b0       0x60 receiver.o
 .debug_aranges
                0x00000110       0x38 receiver_spi.o
 .debug_aranges
                0x00000148       0x48 settings_eeprom.o
 .debug_aranges
                0x00000190       0x40 Sketch.o
 .debug_aranges
                0x000001d0       0x70 state.o
 .debug_aranges
                0x00000240       0x48 state_bandscan.o
 .debug_aranges
                0x00000288       0x50 state_menu.o
 .debug_aranges
                0x000002d8       0x30 state_menu_ui.o
 .debug_aranges
                0x00000308       0x48 state_screensaver.o
 .debug_aranges
                0x00000350       0x68 state_search.o
 .debug_aranges
                0x000003b8       0x58 state_search_ui.o
 .debug_aranges
                0x00000410       0x30 state_settings.o
 .debug_aranges
                0x00000440       0x48 state_settings_rssi.o
 .debug_aranges
                0x00000488       0x30 timer.o
 .debug_aranges
                0x000004b8       0x78 ui.o
 .debug_aranges
                0x00000530       0x48 ui_menu.o
 .debug_aranges
                0x00000578       0x30 ui_state_menu.o
 .debug_aranges
                0x000005a8       0x30 C:\Data\Microchip\VRX\VRX_Diversity\VRX_Diversity\ArduinoCore\Release\libArduinoCore.a(main.o)
 .debug_aranges
                0x000005d8       0x30 C:\Data\Microchip\VRX\VRX_Diversity\VRX_Diversity\ArduinoCore\Release\libArduinoCore.a(new.o)
 .debug_aranges
                0x00000608      0x100 C:\Data\Microchip\VRX\VRX_Diversity\VRX_Diversity\ArduinoCore\Release\libArduinoCore.a(Print.o)
 .debug_aranges
                0x00000708       0x48 C:\Data\Microchip\VRX\VRX_Diversity\VRX_Diversity\ArduinoCore\Release\libArduinoCore.a(wiring.o)
 .debug_aranges
                0x00000750       0x30 C:\Data\Microchip\VRX\VRX_Diversity\VRX_Diversity\ArduinoCore\Release\libArduinoCore.a(wiring_analog.o)
 .debug_aranges
                0x00000780       0x38 C:\Data\Microchip\VRX\VRX_Diversity\VRX_Diversity\ArduinoCore\Release\libArduinoCore.a(wiring_digital.o)
 .debug_aranges
                0x000007b8       0x48 C:\Data\Microchip\VRX\VRX_Diversity\VRX_Diversity\ArduinoCore\Release\libArduinoCore.a(WMath.o)
 .debug_aranges
                0x00000800      0x2d8 C:\Data\Microchip\VRX\VRX_Diversity\VRX_Diversity\ArduinoCore\Release\libArduinoCore.a(Adafruit_GFX.o)
 .debug_aranges
                0x00000ad8      0x118 C:\Data\Microchip\VRX\VRX_Diversity\VRX_Diversity\ArduinoCore\Release\libArduinoCore.a(Adafruit_SSD1306.o)
 .debug_aranges
                0x00000bf0       0x38 C:\Data\Microchip\VRX\VRX_Diversity\VRX_Diversity\ArduinoCore\Release\libArduinoCore.a(SPI.o)
 .debug_aranges
                0x00000c28      0x110 C:\Data\Microchip\VRX\VRX_Diversity\VRX_Diversity\ArduinoCore\Release\libArduinoCore.a(Wire.o)
 .debug_aranges
                0x00000d38       0x20 C:\Data\Microchip\VRX\VRX_Diversity\VRX_Diversity\ArduinoCore\Release\libArduinoCore.a(abi.o)
 .debug_aranges
                0x00000d58       0x20 C:\Data\Microchip\VRX\VRX_Diversity\VRX_Diversity\ArduinoCore\Release\libArduinoCore.a(hooks.o)
 .debug_aranges
                0x00000d78       0x98 C:\Data\Microchip\VRX\VRX_Diversity\VRX_Diversity\ArduinoCore\Release\libArduinoCore.a(twi.o)
 .debug_aranges
                0x00000e10       0x20 C:/Program Files (x86)/Atmel/Studio/7.0/Packs/atmel/ATmega_DFP/1.7.374/gcc/dev/atmega328p/avr5\libatmega328p.a(eerd_byte.o)
 .debug_aranges
                0x00000e30       0x20 C:/Program Files (x86)/Atmel/Studio/7.0/Packs/atmel/ATmega_DFP/1.7.374/gcc/dev/atmega328p/avr5\libatmega328p.a(eewr_byte.o)

.debug_pubnames
 *(.debug_pubnames)

.debug_info     0x00000000    0x20a50
 *(.debug_info .gnu.linkonce.wi.*)
 .debug_info    0x00000000      0x5f4 C:/Program Files (x86)/Atmel/Studio/7.0/Packs/atmel/ATmega_DFP/1.7.374/gcc/dev/atmega328p/avr5/crtatmega328p.o
 .debug_info    0x000005f4      0x6f9 buttons.o
 .debug_info    0x00000ced      0x395 channels.o
 .debug_info    0x00001082      0x162 pstr_helper.o
 .debug_info    0x000011e4      0xbb9 receiver.o
 .debug_info    0x00001d9d      0x513 receiver_spi.o
 .debug_info    0x000022b0      0xf3d settings_eeprom.o
 .debug_info    0x000031ed      0xbd4 Sketch.o
 .debug_info    0x00003dc1     0x11c3 state.o
 .debug_info    0x00004f84      0xf21 state_bandscan.o
 .debug_info    0x00005ea5      0xc62 state_menu.o
 .debug_info    0x00006b07      0xabd state_menu_ui.o
 .debug_info    0x000075c4      0xc9d state_screensaver.o
 .debug_info    0x00008261     0x122f state_search.o
 .debug_info    0x00009490      0xfb3 state_search_ui.o
 .debug_info    0x0000a443      0x9c7 state_settings.o
 .debug_info    0x0000ae0a     0x11c0 state_settings_rssi.o
 .debug_info    0x0000bfca      0x2f1 timer.o
 .debug_info    0x0000c2bb      0xc91 ui.o
 .debug_info    0x0000cf4c      0x71a ui_menu.o
 .debug_info    0x0000d666      0x8d1 ui_state_menu.o
 .debug_info    0x0000df37      0x237 C:\Data\Microchip\VRX\VRX_Diversity\VRX_Diversity\ArduinoCore\Release\libArduinoCore.a(main.o)
 .debug_info    0x0000e16e      0x15f C:\Data\Microchip\VRX\VRX_Diversity\VRX_Diversity\ArduinoCore\Release\libArduinoCore.a(new.o)
 .debug_info    0x0000e2cd     0x28ff C:\Data\Microchip\VRX\VRX_Diversity\VRX_Diversity\ArduinoCore\Release\libArduinoCore.a(Print.o)
 .debug_info    0x00010bcc      0x2cb C:\Data\Microchip\VRX\VRX_Diversity\VRX_Diversity\ArduinoCore\Release\libArduinoCore.a(wiring.o)
 .debug_info    0x00010e97      0x26d C:\Data\Microchip\VRX\VRX_Diversity\VRX_Diversity\ArduinoCore\Release\libArduinoCore.a(wiring_analog.o)
 .debug_info    0x00011104      0x5fe C:\Data\Microchip\VRX\VRX_Diversity\VRX_Diversity\ArduinoCore\Release\libArduinoCore.a(wiring_digital.o)
 .debug_info    0x00011702      0x230 C:\Data\Microchip\VRX\VRX_Diversity\VRX_Diversity\ArduinoCore\Release\libArduinoCore.a(WMath.o)
 .debug_info    0x00011932     0x89c6 C:\Data\Microchip\VRX\VRX_Diversity\VRX_Diversity\ArduinoCore\Release\libArduinoCore.a(Adafruit_GFX.o)
 .debug_info    0x0001a2f8     0x2d19 C:\Data\Microchip\VRX\VRX_Diversity\VRX_Diversity\ArduinoCore\Release\libArduinoCore.a(Adafruit_SSD1306.o)
 .debug_info    0x0001d011      0x66b C:\Data\Microchip\VRX\VRX_Diversity\VRX_Diversity\ArduinoCore\Release\libArduinoCore.a(SPI.o)
 .debug_info    0x0001d67c     0x2910 C:\Data\Microchip\VRX\VRX_Diversity\VRX_Diversity\ArduinoCore\Release\libArduinoCore.a(Wire.o)
 .debug_info    0x0001ff8c       0x76 C:\Data\Microchip\VRX\VRX_Diversity\VRX_Diversity\ArduinoCore\Release\libArduinoCore.a(abi.o)
 .debug_info    0x00020002       0x3e C:\Data\Microchip\VRX\VRX_Diversity\VRX_Diversity\ArduinoCore\Release\libArduinoCore.a(hooks.o)
 .debug_info    0x00020040      0x8dc C:\Data\Microchip\VRX\VRX_Diversity\VRX_Diversity\ArduinoCore\Release\libArduinoCore.a(twi.o)
 .debug_info    0x0002091c       0x9a C:/Program Files (x86)/Atmel/Studio/7.0/Packs/atmel/ATmega_DFP/1.7.374/gcc/dev/atmega328p/avr5\libatmega328p.a(eerd_byte.o)
 .debug_info    0x000209b6       0x9a C:/Program Files (x86)/Atmel/Studio/7.0/Packs/atmel/ATmega_DFP/1.7.374/gcc/dev/atmega328p/avr5\libatmega328p.a(eewr_byte.o)

.debug_abbrev   0x00000000     0x6bb4
 *(.debug_abbrev)
 .debug_abbrev  0x00000000      0x5a2 C:/Program Files (x86)/Atmel/Studio/7.0/Packs/atmel/ATmega_DFP/1.7.374/gcc/dev/atmega328p/avr5/crtatmega328p.o
 .debug_abbrev  0x000005a2      0x29a buttons.o
 .debug_abbrev  0x0000083c       0xf9 channels.o
 .debug_abbrev  0x00000935       0xca pstr_helper.o
 .debug_abbrev  0x000009ff      0x38d receiver.o
 .debug_abbrev  0x00000d8c      0x18e receiver_spi.o
 .debug_abbrev  0x00000f1a      0x309 settings_eeprom.o
 .debug_abbrev  0x00001223      0x368 Sketch.o
 .debug_abbrev  0x0000158b      0x4d6 state.o
 .debug_abbrev  0x00001a61      0x43c state_bandscan.o
 .debug_abbrev  0x00001e9d      0x426 state_menu.o
 .debug_abbrev  0x000022c3      0x39f state_menu_ui.o
 .debug_abbrev  0x00002662      0x3f9 state_screensaver.o
 .debug_abbrev  0x00002a5b      0x51a state_search.o
 .debug_abbrev  0x00002f75      0x3d6 state_search_ui.o
 .debug_abbrev  0x0000334b      0x3ab state_settings.o
 .debug_abbrev  0x000036f6      0x45d state_settings_rssi.o
 .debug_abbrev  0x00003b53      0x185 timer.o
 .debug_abbrev  0x00003cd8      0x37c ui.o
 .debug_abbrev  0x00004054      0x2da ui_menu.o
 .debug_abbrev  0x0000432e      0x38a ui_state_menu.o
 .debug_abbrev  0x000046b8      0x12d C:\Data\Microchip\VRX\VRX_Diversity\VRX_Diversity\ArduinoCore\Release\libArduinoCore.a(main.o)
 .debug_abbrev  0x000047e5      0x109 C:\Data\Microchip\VRX\VRX_Diversity\VRX_Diversity\ArduinoCore\Release\libArduinoCore.a(new.o)
 .debug_abbrev  0x000048ee      0x47a C:\Data\Microchip\VRX\VRX_Diversity\VRX_Diversity\ArduinoCore\Release\libArduinoCore.a(Print.o)
 .debug_abbrev  0x00004d68      0x146 C:\Data\Microchip\VRX\VRX_Diversity\VRX_Diversity\ArduinoCore\Release\libArduinoCore.a(wiring.o)
 .debug_abbrev  0x00004eae      0x16b C:\Data\Microchip\VRX\VRX_Diversity\VRX_Diversity\ArduinoCore\Release\libArduinoCore.a(wiring_analog.o)
 .debug_abbrev  0x00005019      0x15b C:\Data\Microchip\VRX\VRX_Diversity\VRX_Diversity\ArduinoCore\Release\libArduinoCore.a(wiring_digital.o)
 .debug_abbrev  0x00005174      0x12b C:\Data\Microchip\VRX\VRX_Diversity\VRX_Diversity\ArduinoCore\Release\libArduinoCore.a(WMath.o)
 .debug_abbrev  0x0000529f      0x788 C:\Data\Microchip\VRX\VRX_Diversity\VRX_Diversity\ArduinoCore\Release\libArduinoCore.a(Adafruit_GFX.o)
 .debug_abbrev  0x00005a27      0x5f6 C:\Data\Microchip\VRX\VRX_Diversity\VRX_Diversity\ArduinoCore\Release\libArduinoCore.a(Adafruit_SSD1306.o)
 .debug_abbrev  0x0000601d      0x283 C:\Data\Microchip\VRX\VRX_Diversity\VRX_Diversity\ArduinoCore\Release\libArduinoCore.a(SPI.o)
 .debug_abbrev  0x000062a0      0x563 C:\Data\Microchip\VRX\VRX_Diversity\VRX_Diversity\ArduinoCore\Release\libArduinoCore.a(Wire.o)
 .debug_abbrev  0x00006803       0x6d C:\Data\Microchip\VRX\VRX_Diversity\VRX_Diversity\ArduinoCore\Release\libArduinoCore.a(abi.o)
 .debug_abbrev  0x00006870       0x2a C:\Data\Microchip\VRX\VRX_Diversity\VRX_Diversity\ArduinoCore\Release\libArduinoCore.a(hooks.o)
 .debug_abbrev  0x0000689a      0x2f2 C:\Data\Microchip\VRX\VRX_Diversity\VRX_Diversity\ArduinoCore\Release\libArduinoCore.a(twi.o)
 .debug_abbrev  0x00006b8c       0x14 C:/Program Files (x86)/Atmel/Studio/7.0/Packs/atmel/ATmega_DFP/1.7.374/gcc/dev/atmega328p/avr5\libatmega328p.a(eerd_byte.o)
 .debug_abbrev  0x00006ba0       0x14 C:/Program Files (x86)/Atmel/Studio/7.0/Packs/atmel/ATmega_DFP/1.7.374/gcc/dev/atmega328p/avr5\libatmega328p.a(eewr_byte.o)

.debug_line     0x00000000     0xa21d
 *(.debug_line .debug_line.* .debug_line_end)
 .debug_line    0x00000000      0x134 C:/Program Files (x86)/Atmel/Studio/7.0/Packs/atmel/ATmega_DFP/1.7.374/gcc/dev/atmega328p/avr5/crtatmega328p.o
 .debug_line    0x00000134      0x354 buttons.o
 .debug_line    0x00000488      0x15d channels.o
 .debug_line    0x000005e5       0xd2 pstr_helper.o
 .debug_line    0x000006b7      0x3dc receiver.o
 .debug_line    0x00000a93      0x223 receiver_spi.o
 .debug_line    0x00000cb6      0x2ad settings_eeprom.o
 .debug_line    0x00000f63      0x3b3 Sketch.o
 .debug_line    0x00001316      0x4db state.o
 .debug_line    0x000017f1      0x433 state_bandscan.o
 .debug_line    0x00001c24      0x314 state_menu.o
 .debug_line    0x00001f38      0x33c state_menu_ui.o
 .debug_line    0x00002274      0x3a2 state_screensaver.o
 .debug_line    0x00002616      0x578 state_search.o
 .debug_line    0x00002b8e      0x45a state_search_ui.o
 .debug_line    0x00002fe8      0x2f5 state_settings.o
 .debug_line    0x000032dd      0x5a5 state_settings_rssi.o
 .debug_line    0x00003882      0x1ae timer.o
 .debug_line    0x00003a30      0x4d5 ui.o
 .debug_line    0x00003f05      0x2be ui_menu.o
 .debug_line    0x000041c3      0x3f8 ui_state_menu.o
 .debug_line    0x000045bb      0x165 C:\Data\Microchip\VRX\VRX_Diversity\VRX_Diversity\ArduinoCore\Release\libArduinoCore.a(main.o)
 .debug_line    0x00004720      0x145 C:\Data\Microchip\VRX\VRX_Diversity\VRX_Diversity\ArduinoCore\Release\libArduinoCore.a(new.o)
 .debug_line    0x00004865      0x685 C:\Data\Microchip\VRX\VRX_Diversity\VRX_Diversity\ArduinoCore\Release\libArduinoCore.a(Print.o)
 .debug_line    0x00004eea      0x299 C:\Data\Microchip\VRX\VRX_Diversity\VRX_Diversity\ArduinoCore\Release\libArduinoCore.a(wiring.o)
 .debug_line    0x00005183      0x20f C:\Data\Microchip\VRX\VRX_Diversity\VRX_Diversity\ArduinoCore\Release\libArduinoCore.a(wiring_analog.o)
 .debug_line    0x00005392      0x252 C:\Data\Microchip\VRX\VRX_Diversity\VRX_Diversity\ArduinoCore\Release\libArduinoCore.a(wiring_digital.o)
 .debug_line    0x000055e4      0x143 C:\Data\Microchip\VRX\VRX_Diversity\VRX_Diversity\ArduinoCore\Release\libArduinoCore.a(WMath.o)
 .debug_line    0x00005727     0x2665 C:\Data\Microchip\VRX\VRX_Diversity\VRX_Diversity\ArduinoCore\Release\libArduinoCore.a(Adafruit_GFX.o)
 .debug_line    0x00007d8c     0x12ba C:\Data\Microchip\VRX\VRX_Diversity\VRX_Diversity\ArduinoCore\Release\libArduinoCore.a(Adafruit_SSD1306.o)
 .debug_line    0x00009046      0x2e3 C:\Data\Microchip\VRX\VRX_Diversity\VRX_Diversity\ArduinoCore\Release\libArduinoCore.a(SPI.o)
 .debug_line    0x00009329      0x637 C:\Data\Microchip\VRX\VRX_Diversity\VRX_Diversity\ArduinoCore\Release\libArduinoCore.a(Wire.o)
 .debug_line    0x00009960       0xa9 C:\Data\Microchip\VRX\VRX_Diversity\VRX_Diversity\ArduinoCore\Release\libArduinoCore.a(abi.o)
 .debug_line    0x00009a09       0x41 C:\Data\Microchip\VRX\VRX_Diversity\VRX_Diversity\ArduinoCore\Release\libArduinoCore.a(hooks.o)
 .debug_line    0x00009a4a      0x6bb C:\Data\Microchip\VRX\VRX_Diversity\VRX_Diversity\ArduinoCore\Release\libArduinoCore.a(twi.o)
 .debug_line    0x0000a105       0x7a C:/Program Files (x86)/Atmel/Studio/7.0/Packs/atmel/ATmega_DFP/1.7.374/gcc/dev/atmega328p/avr5\libatmega328p.a(eerd_byte.o)
 .debug_line    0x0000a17f       0x9e C:/Program Files (x86)/Atmel/Studio/7.0/Packs/atmel/ATmega_DFP/1.7.374/gcc/dev/atmega328p/avr5\libatmega328p.a(eewr_byte.o)

.debug_frame    0x00000000     0x3350
 *(.debug_frame)
 .debug_frame   0x00000000       0xd4 buttons.o
 .debug_frame   0x000000d4       0x64 channels.o
 .debug_frame   0x00000138       0x24 pstr_helper.o
 .debug_frame   0x0000015c      0x13c receiver.o
 .debug_frame   0x00000298       0x8c receiver_spi.o
 .debug_frame   0x00000324       0xc8 settings_eeprom.o
 .debug_frame   0x000003ec       0x70 Sketch.o
 .debug_frame   0x0000045c       0xd0 state.o
 .debug_frame   0x0000052c       0xb8 state_bandscan.o
 .debug_frame   0x000005e4       0x90 state_menu.o
 .debug_frame   0x00000674       0xac state_menu_ui.o
 .debug_frame   0x00000720       0xb0 state_screensaver.o
 .debug_frame   0x000007d0      0x104 state_search.o
 .debug_frame   0x000008d4      0x100 state_search_ui.o
 .debug_frame   0x000009d4       0x44 state_settings.o
 .debug_frame   0x00000a18       0xa0 state_settings_rssi.o
 .debug_frame   0x00000ab8       0x70 timer.o
 .debug_frame   0x00000b28      0x1e8 ui.o
 .debug_frame   0x00000d10       0x7c ui_menu.o
 .debug_frame   0x00000d8c       0x98 ui_state_menu.o
 .debug_frame   0x00000e24       0x54 C:\Data\Microchip\VRX\VRX_Diversity\VRX_Diversity\ArduinoCore\Release\libArduinoCore.a(main.o)